 seg ROMPatches FE
 loc 750A
RDrvrInstall	ROMPatches	FE,0	 	 
HFSDispatch	ROMPatches	FE,64	 	 
GetClip		ROMPatches	FE,17C	 	 
GetVol		ROMPatches	FE,198	 	 
DisposHandle	ROMPatches	FE,2B2	 	 
RecoverHandle	ROMPatches	FE,2D8	 	 
HandleZone	ROMPatches	FE,2E0	 	 
VInstall		ROMPatches	FE,322	 	 
VRemove		ROMPatches	FE,354	 	 
TEKey		ROMPatches	FE,3CA	 	 
SystemEvent	ROMPatches	FE,442	 	 
SectRect		ROMPatches	FE,4C4	 	 
DrawGrayRgn	ROMPatches	FE,4DC	 	 
DragTheRgn	ROMPatches	FE,4E8	 	 
InitApplZone	ROMPatches	FE,526	 	 
MaxBlock		ROMPatches	FE,53C	 	 
HSetRBit		ROMPatches	FE,5A4	 	 
HClrRBit		ROMPatches	FE,5B2	 	 
HGetState		ROMPatches	FE,5CA	 	 
HSetState		ROMPatches	FE,5DC	 	 
MoveHHi		ROMPatches	FE,5EA	 	 
RelString		ROMPatches	FE,6BC	 	 
HLock		ROMPatches	FE,6D8	 	 
GetFName		ROMPatches	FE,6EC	 	 
InitZone		ROMPatches	FE,706	 	 
Rename		ROMPatches	FE,770	 	 
ResrvMem		ROMPatches	FE,7D0	 	 
FixRatio		ROMPatches	FE,964	 	 
GetResource	ROMPatches	FE,980	 	 
Trap1_15		ROMPatches	FE,B20	 	#
OpenResFile	ROMPatches	FE,2A32	 	 
NewPtr		ROMPatches	FE,2B70	 	 
NewHandle		ROMPatches	FE,2B7A	 	 
ReallocHandle	ROMPatches	FE,2B84	 	 
SetPtrSize	ROMPatches	FE,2B8E	 	 
SetHandleSize	ROMPatches	FE,2B98	 	 
PostEvent		ROMPatches	FE,2BA2	 	 
LoadSeg		ROMPatches	FE,2BAC	 	 
Open		ROMPatches	FE,2BB6	 	 
OpenRF		ROMPatches	FE,2BC0	 	 
Close		ROMPatches	FE,2BCA	 	 
FMSwapFont	ROMPatches	FE,A812	 	 
 size ROMPatches A876

 seg RAM FD
 loc 0
RAMStart		RAM	FD,0	 	 
RAMEnd		RAM	FD,FFFFE	 	 
 size RAM FFFFF

 seg ROM FF
 loc 400000
Trap0_53		ROM	FF,1F8	 	#
Trap0_6B		ROM	FF,806	 	#
Trap0_56		ROM	FF,806	 	#
Trap0_5F		ROM	FF,806	 	#
Trap0_5B		ROM	FF,806	 	#
Trap0_55		ROM	FF,806	 	#
Trap0_5C		ROM	FF,806	 	#
Trap0_5E		ROM	FF,806	 	#
Trap0_5D		ROM	FF,806	 	#
Trap1_95		ROM	FF,806	 	#
Trap1_3C		ROM	FF,806	 	#
Trap1_3D		ROM	FF,806	 	#
Trap1_B5		ROM	FF,806	 	#
Trap1_14		ROM	FF,806	 	#
Trap1_9F		ROM	FF,806	 	#
ScrnSize		ROM	FF,806	 	 
SetAppBase	ROM	FF,806	 	 
Trap1_60		ROM	FF,806	 	#
Trap1_3E		ROM	FF,806	 	#
Trap1_8F		ROM	FF,806	 	#
ScrnAddress	ROM	FF,806	 	 
Trap1_C		ROM	FF,806	 	#
Trap1_3		ROM	FF,806	 	#
Trap1_4		ROM	FF,806	 	#
Trap1_5		ROM	FF,806	 	#
Trap1_0		ROM	FF,806	 	#
Trap1_1		ROM	FF,806	 	#
Trap1_2		ROM	FF,806	 	#
Trap1_9		ROM	FF,806	 	#
Trap1_A		ROM	FF,806	 	#
Trap1_B		ROM	FF,806	 	#
Trap1_6		ROM	FF,806	 	#
Trap1_7		ROM	FF,806	 	#
Trap1_8		ROM	FF,806	 	#
Trap1_D7		ROM	FF,806	 	#
Trap1_1C3		ROM	FF,806	 	#
Debugger		ROM	FF,806	 	 
Trap1_F7		ROM	FF,806	 	#
Trap1_FD		ROM	FF,806	 	#
InitFS		ROM	FF,C7A	 	 
InitEvents	ROM	FF,D4C	 	 
PutIcon		ROM	FF,EC4	 	 
SysError		ROM	FF,1142	 	 
SysBeep		ROM	FF,11DC	 	 
Enqueue		ROM	FF,19CA	 	 
Dequeue		ROM	FF,19F0	 	 
ScrnBitMap	ROM	FF,1E72	 	 
PinRect		ROM	FF,1F38	 	 
Dispatch		ROM	FF,1F4A	 	 
SetTrapAddress	ROM	FF,1FBA	 	 
GetTrapAddress	ROM	FF,200A	 	 
Read		ROM	FF,23BE	 	 
Write		ROM	FF,242E	 	 
Control		ROM	FF,2442	 	 
Status		ROM	FF,2450	 	 
KillIO		ROM	FF,2476	 	 
DrvrInstall	ROM	FF,24CA	 	 
DrvrRemove	ROM	FF,2528	 	 
AddDrive		ROM	FF,2558	 	 
OSEventAvail	ROM	FF,2764	 	 
GetOSEvent	ROM	FF,27EC	 	 
FlushEvents	ROM	FF,280A	 	 
Trap1_32		ROM	FF,280A	 	#
InitQueue		ROM	FF,2A6C	 	 
MountVol		ROM	FF,2DF8	 	 
Offline		ROM	FF,343A	 	 
Eject		ROM	FF,34E0	 	 
UnmountVol	ROM	FF,35B4	 	 
FlushVol		ROM	FF,35FC	 	 
GetVolInfo	ROM	FF,3824	 	 
SetVol		ROM	FF,3ADA	 	 
Create		ROM	FF,41E2	 	 
Delete		ROM	FF,440C	 	 
SetFilType	ROM	FF,4852	 	 
SetFilLock	ROM	FF,488A	 	 
RstFilLock	ROM	FF,4894	 	 
SetFileInfo	ROM	FF,48D6	 	 
GetFileInfo	ROM	FF,4AE2	 	 
GetFPos		ROM	FF,4F10	 	 
SetFPos		ROM	FF,4F14	 	 
FlushFile		ROM	FF,5144	 	 
GetEOF		ROM	FF,5340	 	 
Allocate		ROM	FF,548E	 	 
SetEOF		ROM	FF,54C0	 	 
InitCursor	ROM	FF,82C6	 	 
SetCursor		ROM	FF,82D6	 	 
HideCursor	ROM	FF,82F2	 	 
ShowCursor	ROM	FF,82F8	 	 
ShieldCursor	ROM	FF,82FE	 	 
ObscureCursor	ROM	FF,832E	 	 
BitNot		ROM	FF,8334	 	 
BitAnd		ROM	FF,833C	 	 
BitXor		ROM	FF,8344	 	 
BitOr		ROM	FF,834E	 	 
BitShift		ROM	FF,8356	 	 
BitTst		ROM	FF,836C	 	 
BitSet		ROM	FF,837A	 	 
BitClr		ROM	FF,8384	 	 
Random		ROM	FF,839C	 	 
ForeColor		ROM	FF,83EE	 	 
BackColor		ROM	FF,83F2	 	 
ColorBit		ROM	FF,8400	 	 
GetMaskTable	ROM	FF,840E	 	 
GetPixel		ROM	FF,85D4	 	 
StuffHex		ROM	FF,8608	 	 
InitGraf		ROM	FF,87A6	 	 
OpenPort		ROM	FF,886C	 	 
InitPort		ROM	FF,8884	 	 
ClosePort		ROM	FF,8904	 	 
SetStdProcs	ROM	FF,891C	 	 
LocalToGlobal	ROM	FF,8956	 	 
GlobalToLocal	ROM	FF,895E	 	 
AddPt		ROM	FF,898A	 	 
SubPt		ROM	FF,8992	 	 
SetPort		ROM	FF,89B0	 	 
GetPort		ROM	FF,89B8	 	 
GrafDevice	ROM	FF,89C2	 	 
SetPBits		ROM	FF,89C8	 	 
BackPat		ROM	FF,89E0	 	 
PortSize		ROM	FF,89EE	 	 
MovePortTo	ROM	FF,8A0E	 	 
SetOrigin		ROM	FF,8A3A	 	 
ClipRect		ROM	FF,8A6E	 	 
SetClip		ROM	FF,8A80	 	 
SetPt		ROM	FF,8AA0	 	 
EqualPt		ROM	FF,8AAA	 	 
StdText		ROM	FF,8AB6	 	 
TextFace		ROM	FF,8C62	 	 
DrawChar		ROM	FF,8C6E	 	 
CharWidth		ROM	FF,8C7C	 	 
TextFont		ROM	FF,8C94	 	 
TextMode		ROM	FF,8C98	 	 
TextSize		ROM	FF,8C9C	 	 
SpaceExtra	ROM	FF,8CA2	 	 
DrawString	ROM	FF,8CAE	 	 
DrawText		ROM	FF,8CC0	 	 
StringWidth	ROM	FF,8CD8	 	 
TextWidth		ROM	FF,8CE8	 	 
StdTxMeas		ROM	FF,8D50	 	 
MeasureText	ROM	FF,8DF6	 	 
GetFontInfo	ROM	FF,8E84	 	 
StdLine		ROM	FF,9668	 	 
LineTo		ROM	FF,96FA	 	 
Line		ROM	FF,9710	 	 
MoveTo		ROM	FF,9728	 	 
Move		ROM	FF,9734	 	 
HidePen		ROM	FF,97C0	 	 
ShowPen		ROM	FF,97C4	 	 
GetPenState	ROM	FF,97D0	 	 
SetPenState	ROM	FF,97D4	 	 
GetPen		ROM	FF,97F6	 	 
PenSize		ROM	FF,9806	 	 
PenMode		ROM	FF,9814	 	 
PenPat		ROM	FF,981A	 	 
PenNormal		ROM	FF,982E	 	 
StdRect		ROM	FF,9E7E	 	 
FillRect		ROM	FF,9F12	 	 
FrameRect		ROM	FF,9F28	 	 
PaintRect		ROM	FF,9F2C	 	 
EraseRect		ROM	FF,9F30	 	 
InverRect		ROM	FF,9F34	 	 
SetRect		ROM	FF,A082	 	 
EqualRect		ROM	FF,A090	 	 
EmptyRect		ROM	FF,A0AA	 	 
OffsetRect	ROM	FF,A0C4	 	 
InsetRect		ROM	FF,A0D6	 	 
UnionRect		ROM	FF,A184	 	 
Pt2Rect		ROM	FF,A1C2	 	 
PtInRect		ROM	FF,A1F8	 	 
StdRRect		ROM	FF,AC70	 	 
FrameRoundRect	ROM	FF,AD02	 	 
PaintRoundRect	ROM	FF,AD06	 	 
EraseRoundRect	ROM	FF,AD0A	 	 
InverRoundRect	ROM	FF,AD0E	 	 
FillRoundRect	ROM	FF,AD12	 	 
StdOval		ROM	FF,AD4C	 	 
FrameOval		ROM	FF,ADD4	 	 
PaintOval		ROM	FF,ADD8	 	 
EraseOval		ROM	FF,ADDC	 	 
InvertOval	ROM	FF,ADE0	 	 
FillOval		ROM	FF,ADE4	 	 
StdArc		ROM	FF,AF58	 	 
FrameArc		ROM	FF,AFD6	 	 
PaintArc		ROM	FF,AFDA	 	 
EraseArc		ROM	FF,AFDE	 	 
InvertArc		ROM	FF,AFE2	 	 
FillArc		ROM	FF,AFE6	 	 
AngleFromSlope	ROM	FF,B790	 	 
SlopeFromAngle	ROM	FF,B7CE	 	 
PtToAngle		ROM	FF,B8F2	 	 
StdPoly		ROM	FF,B982	 	 
FramePoly		ROM	FF,B9F8	 	 
PaintPoly		ROM	FF,B9FC	 	 
ErasePoly		ROM	FF,BA00	 	 
InvertPoly	ROM	FF,BA04	 	 
FillPoly		ROM	FF,BA08	 	 
OpenPoly		ROM	FF,BA3E	 	 
ClosePoly		ROM	FF,BA72	 	 
KillPoly		ROM	FF,BAE0	 	 
OffsetPoly	ROM	FF,BAE8	 	 
MapPoly		ROM	FF,BB04	 	 
StdRgn		ROM	FF,BBF6	 	 
FrameRgn		ROM	FF,BC5C	 	 
PaintRgn		ROM	FF,BC60	 	 
EraseRgn		ROM	FF,BC64	 	 
InverRgn		ROM	FF,BC68	 	 
FillRgn		ROM	FF,BC6C	 	 
NewRgn		ROM	FF,BD4E	 	 
DisposRgn		ROM	FF,BD72	 	 
OpenRgn		ROM	FF,BD7A	 	 
CloseRgn		ROM	FF,BDA8	 	 
CopyRgn		ROM	FF,BDFE	 	 
SetEmptyRgn	ROM	FF,BE4C	 	 
SetRecRgn		ROM	FF,BE58	 	 
RectRgn		ROM	FF,BEB4	 	 
OfsetRgn		ROM	FF,BEC2	 	 
InsetRgn		ROM	FF,BEF4	 	 
EmptyRgn		ROM	FF,BF90	 	 
EqualRgn		ROM	FF,BFA0	 	 
SectRgn		ROM	FF,BFDE	 	 
UnionRgn		ROM	FF,BFE2	 	 
DiffRgn		ROM	FF,BFE6	 	 
XorRgn		ROM	FF,BFEA	 	 
PtInRgn		ROM	FF,C0D4	 	 
RectInRgn		ROM	FF,C134	 	 
MapRgn		ROM	FF,C218	 	 
StdBits		ROM	FF,C8CC	 	 
CopyBits		ROM	FF,CA4A	 	 
CopyMask		ROM	FF,CAF0	 	 
SeedFill		ROM	FF,CD30	 	 
CalcMask		ROM	FF,CD38	 	 
ScrollRect	ROM	FF,CE8E	 	 
PackBits		ROM	FF,CF8C	 	 
UnpackBits	ROM	FF,D01C	 	 
StdComment	ROM	FF,D8D0	 	 
StdGetPic		ROM	FF,D930	 	 
StdPutPic		ROM	FF,D956	 	 
PicComment	ROM	FF,D9D6	 	 
OpenPicture	ROM	FF,D9EC	 	 
ClosePicture	ROM	FF,DAA8	 	 
KillPicture	ROM	FF,DAE4	 	 
DrawPicture	ROM	FF,DAEC	 	 
ScalePt		ROM	FF,E512	 	 
MapPt		ROM	FF,E56A	 	 
MapRect		ROM	FF,E5CC	 	 
InitFonts		ROM	FF,E5E4	 	 
GetFNum		ROM	FF,F166	 	 
SetFontLock	ROM	FF,F1D8	 	 
RealFont		ROM	FF,F20E	 	 
SetFScaleDisabl	ROM	FF,F260	 	 
FontMetrics	ROM	FF,F274	 	 
UnloadSeg		ROM	FF,F4E0	 	 
Chain		ROM	FF,F556	 	 
Launch		ROM	FF,F55C	 	 
ExitToShell	ROM	FF,F6D8	 	 
GetAppParms	ROM	FF,F710	 	 
Trap0_37		ROM	FF,F790	 	#
WriteParam	ROM	FF,F7AA	 	 
ReadDateTime	ROM	FF,F7CA	 	 
SetDateTime	ROM	FF,F7D4	 	 
Delay		ROM	FF,F7DC	 	 
CmpString		ROM	FF,F7EE	 	 
UprString		ROM	FF,F878	 	 
Trap1_54		ROM	FF,F878	 	#
InitUtil		ROM	FF,FCC2	 	 
ReadXPRam		ROM	FF,FE18	 	 
WriteXPRam	ROM	FF,FE22	 	 
SetAppBase	ROM	FF,FE76	 	 
GetZone		ROM	FF,FFA4	 	 
Trap1_1A		ROM	FF,FFA4	 	#
Trap1_1B		ROM	FF,FFAA	 	#
SetZone		ROM	FF,FFAA	 	 
CompactMem	ROM	FF,FFBE	 	 
Trap1_4C		ROM	FF,FFBE	 	#
PurgeMem		ROM	FF,FFEE	 	 
PurgeSpace	ROM	FF,1000A	 	 
FreeMem		ROM	FF,10014	 	 
Trap1_1D		ROM	FF,1003C	 	#
MaxMem		ROM	FF,1003C	 	 
SetGrowZone	ROM	FF,10070	 	 
SetApplLimit	ROM	FF,1007A	 	 
StackSpace	ROM	FF,1009E	 	 
MaxApplZone	ROM	FF,100AE	 	 
Trap1_1E		ROM	FF,100D6	 	#
DisposPtr		ROM	FF,100F2	 	 
GetPtrSize	ROM	FF,10108	 	 
PtrZone		ROM	FF,1011C	 	 
NewEmptyHandle	ROM	FF,1013A	 	 
Trap1_22		ROM	FF,1014E	 	#
Trap1_23		ROM	FF,10170	 	#
Trap1_25		ROM	FF,10190	 	#
GetHandleSize	ROM	FF,10190	 	 
Trap1_24		ROM	FF,1019C	 	#
EmptyHandle	ROM	FF,101DC	 	 
Trap1_29		ROM	FF,10230	 	#
Trap1_2A		ROM	FF,1023A	 	#
HUnlock		ROM	FF,1023A	 	 
HPurge		ROM	FF,10244	 	 
HNoPurge		ROM	FF,1024E	 	 
MoreMasters	ROM	FF,10274	 	 
DerefHandle	ROM	FF,1045E	 	E
MMHPrologue	ROM	FF,104C6	 	E
PurgeHeap	ROM	FF,10570	 	E
BFindS	ROM	FF,106A2	 	E
CompactHp	ROM	FF,107B2	 	E
BlockMove		ROM	FF,10CC0	 	 
GetKeys		ROM	FF,10F30	 	 
Button		ROM	FF,10F4C	 	 
TickCount		ROM	FF,10F5E	 	 
GetMouse		ROM	FF,10FA0	 	 
StillDown		ROM	FF,10FB6	 	 
WaitMouseUp	ROM	FF,10FDE	 	 
EventAvail	ROM	FF,10FFC	 	 
GetNextEvent	ROM	FF,11000	 	 
NewString		ROM	FF,111AC	 	 
SetString		ROM	FF,111C4	 	 
CalcVis		ROM	FF,11238	 	 
CalcVBehind	ROM	FF,11290	 	 
ClipAbove		ROM	FF,112D4	 	 
PaintOne		ROM	FF,112F8	 	 
PaintBehind	ROM	FF,113A2	 	 
SaveOld		ROM	FF,1140E	 	 
DrawNew		ROM	FF,1143C	 	 
ShowHide		ROM	FF,1149C	 	 
GetWMgrPort	ROM	FF,114DE	 	 
CheckUpdate	ROM	FF,114E8	 	 
InitWindows	ROM	FF,1157C	 	 
NewWindow		ROM	FF,11642	 	 
CloseWindow	ROM	FF,11776	 	 
DisposWindow	ROM	FF,11804	 	 
ShowWindow	ROM	FF,11812	 	 
HideWindow	ROM	FF,1183A	 	 
GetWRefCon	ROM	FF,11864	 	 
SetWRefCon	ROM	FF,11872	 	 
SetWindowPic	ROM	FF,11882	 	 
GetWindowPic	ROM	FF,11888	 	 
GetWTitle		ROM	FF,1188E	 	 
SetWTitle		ROM	FF,118A6	 	 
DeltaPoint	ROM	FF,11924	 	 
MoveWindow	ROM	FF,11974	 	 
HiliteWindow	ROM	FF,11A84	 	 
SizeWindow	ROM	FF,11AC4	 	 
ZoomWindow	ROM	FF,11B18	 	 
TrackGoAway	ROM	FF,11B7E	 	 
TrackBox		ROM	FF,11B86	 	 
SelectWindow	ROM	FF,11BF4	 	 
BringToFront	ROM	FF,11C24	 	 
SendBehind	ROM	FF,11CC0	 	 
BeginUpdate	ROM	FF,11D16	 	 
EndUpdate		ROM	FF,11D50	 	 
FrontWindow	ROM	FF,11D72	 	 
DragWindow	ROM	FF,11D9C	 	 
InvalRgn		ROM	FF,11F8E	 	 
InvalRect		ROM	FF,11FCE	 	 
ValidRgn		ROM	FF,11FEC	 	 
ValidRect		ROM	FF,11FF0	 	 
GrowWindow	ROM	FF,11FF4	 	 
FindWindow	ROM	FF,120F6	 	 
DrawGrowIcon	ROM	FF,1217A	 	 
InitMenus		ROM	FF,12198	 	 
ClearMenuBar	ROM	FF,121FE	 	 
InsertMenu	ROM	FF,1220E	 	 
DeleteMenu	ROM	FF,122AE	 	 
DrawMenuBar	ROM	FF,12350	 	 
HiliteMenu	ROM	FF,123DA	 	 
EnableItem	ROM	FF,12404	 	 
DisableItem	ROM	FF,12420	 	 
MenuSelect	ROM	FF,1246E	 	 
GetMenuBar	ROM	FF,1279E	 	 
SetMenuBar	ROM	FF,127B2	 	 
DisposMenu	ROM	FF,127C2	 	 
FlashMenuBar	ROM	FF,127D8	 	 
GetItmIcon	ROM	FF,128AC	 	 
SetItmIcon	ROM	FF,128B0	 	 
GetItmStyle	ROM	FF,128B4	 	 
SetItmStyle	ROM	FF,128B8	 	 
GetItmMark	ROM	FF,128BC	 	 
SetItmMark	ROM	FF,128C0	 	 
CheckItem		ROM	FF,128C4	 	 
MenuKey		ROM	FF,128E4	 	 
GetItem		ROM	FF,12960	 	 
CalcMenuSize	ROM	FF,12994	 	 
NewMenu		ROM	FF,129CA	 	 
AppendMenu	ROM	FF,12A1A	 	 
InsMenuItem	ROM	FF,12A22	 	 
GetMHandle	ROM	FF,12B7E	 	 
DelMenuItem	ROM	FF,12B9E	 	 
SetItem		ROM	FF,12BD0	 	 
SetMFlash		ROM	FF,12C16	 	 
AddResMenu	ROM	FF,12C20	 	 
InsertResMenu	ROM	FF,12C28	 	 
CountMItems	ROM	FF,12CFC	 	 
PlotIcon		ROM	FF,12D18	 	 
NewControl	ROM	FF,12D54	 	 
DisposControl	ROM	FF,12E96	 	 
KillControls	ROM	FF,12EBA	 	 
Trap1_16D		ROM	FF,12ECC	 	#
ShowControl	ROM	FF,12ED6	 	 
HideControl	ROM	FF,12EF4	 	 
MoveControl	ROM	FF,12F0E	 	 
GetCRefCon	ROM	FF,12F4C	 	 
SetCRefCon	ROM	FF,12F5A	 	 
GetCtlAction	ROM	FF,12F6A	 	 
SetCtlAction	ROM	FF,12F6E	 	 
SizeControl	ROM	FF,12F72	 	 
HiliteControl	ROM	FF,12F9A	 	 
GetCTitle		ROM	FF,12FC6	 	 
SetCTitle		ROM	FF,12FDE	 	 
GetCtlValue	ROM	FF,13020	 	 
GetMinCtl		ROM	FF,1302E	 	 
GetMaxCtl		ROM	FF,13032	 	 
SetCtlValue	ROM	FF,13036	 	 
SetMinCtl		ROM	FF,13078	 	 
SetMaxCtl		ROM	FF,1307C	 	 
TestControl	ROM	FF,13080	 	 
DragControl	ROM	FF,130AE	 	 
TrackControl	ROM	FF,13160	 	 
UpdtControls	ROM	FF,1324E	 	 
DrawControls	ROM	FF,1325E	 	 
FindControl	ROM	FF,132E6	 	 
InitResources	ROM	FF,13376	 	 
RsrcZoneInit	ROM	FF,13708	 	 
CreateResFile	ROM	FF,137A6	 	 
OpenRFPerm	ROM	FF,1381A	 	 
UseResFile	ROM	FF,1382E	 	 
GetResFileAttrs	ROM	FF,13838	 	 
SetResFileAttrs	ROM	FF,13844	 	 
UpdateResFIle	ROM	FF,13910	 	 
CloseResFile	ROM	FF,13BD2	 	 
Count1Resources	ROM	FF,13C76	 	 
CountResources	ROM	FF,13C7A	 	 
Get1IxResource	ROM	FF,13CA0	 	 
GetIndResource	ROM	FF,13CA4	 	 
Count1Types	ROM	FF,13D3C	 	 
CountTypes	ROM	FF,13D40	 	 
Get1IxType	ROM	FF,13D86	 	 
GetIndType	ROM	FF,13D8A	 	 
Unique1ID		ROM	FF,13DAC	 	 
UniqueID		ROM	FF,13DB0	 	 
Get1Resource	ROM	FF,13DEA	 	 
Get1NamedResour	ROM	FF,13E2E	 	 
GetNamedResource	ROM	FF,13E32	 	 
LoadResource	ROM	FF,143CC	 	 
ReleaseResource	ROM	FF,1440A	 	 
DetachResource	ROM	FF,14434	 	 
ChangedResource	ROM	FF,1444C	 	 
WriteResource	ROM	FF,14482	 	 
HomeResFile	ROM	FF,144BC	 	 
SetResPurge	ROM	FF,144E4	 	 
SetResLoad	ROM	FF,14504	 	 
CurResFile	ROM	FF,1450E	 	 
ResError		ROM	FF,14516	 	 
Trap1_1AC		ROM	FF,1451E	 	#
Trap1_1AE		ROM	FF,1452E	 	#
GetResAttrs	ROM	FF,14538	 	 
SetResAttrs	ROM	FF,1454C	 	 
GetResInfo	ROM	FF,1457E	 	 
SetResInfo	ROM	FF,145C4	 	 
AddResource	ROM	FF,1460E	 	 
RmveResource	ROM	FF,146E8	 	 
SizeRsrc		ROM	FF,14864	 	 
MaxSizeRsrc	ROM	FF,14886	 	 
Trap1_1C5		ROM	FF,1489A	 	#
InitDialogs	ROM	FF,148B2	 	 
StopAlert		ROM	FF,14968	 	 
NoteAlert		ROM	FF,1496C	 	 
CautionAlert	ROM	FF,14970	 	 
Alert		ROM	FF,14974	 	 
GetNewDialog	ROM	FF,14A90	 	 
NewDialog		ROM	FF,14AC8	 	 
IsDialogEvent	ROM	FF,14B60	 	 
DialogSelect	ROM	FF,14B9A	 	 
ModalDialog	ROM	FF,14BDA	 	 
DrawDialog	ROM	FF,14C68	 	 
UpdtDialog	ROM	FF,14C80	 	 
CloseDialog	ROM	FF,14C9E	 	 
DisposDialog	ROM	FF,14D24	 	 
CouldDialog	ROM	FF,14D5A	 	 
CouldAlert	ROM	FF,14D68	 	 
FreeDialog	ROM	FF,14DB4	 	 
FreeAlert		ROM	FF,14DC2	 	 
ParamText		ROM	FF,14E0E	 	 
ErrorSound	ROM	FF,14E32	 	 
GetDItem		ROM	FF,14E3A	 	 
SetDItem		ROM	FF,14E80	 	 
GetIText		ROM	FF,14EB6	 	 
SetIText		ROM	FF,14ED6	 	 
SelIText		ROM	FF,14F38	 	 
HideDItem		ROM	FF,14F92	 	 
ShowDItem		ROM	FF,14FF0	 	 
FindDItem		ROM	FF,15064	 	 
Munger		ROM	FF,15588	 	 
XMunger		ROM	FF,155B6	 	 
HandToHand	ROM	FF,156EC	 	 
PtrToXHand	ROM	FF,1570A	 	 
PtrToHand		ROM	FF,15712	 	 
HandAndHand	ROM	FF,1572C	 	 
PtrAndHand	ROM	FF,15750	 	 
MethodDispatch	ROM	FF,15760	 	 
LongMul		ROM	FF,157B2	 	 
FracMul		ROM	FF,157DE	 	 
FixMul		ROM	FF,157E6	 	 
FracDiv		ROM	FF,158B0	 	 
FixDiv		ROM	FF,158B6	 	 
FracSqrt		ROM	FF,15900	 	 
LoWord		ROM	FF,15974	 	 
HiWord		ROM	FF,1597C	 	 
FixRound		ROM	FF,15986	 	 
FracCos		ROM	FF,159A6	 	 
FracSin		ROM	FF,159AE	 	 
FixATan2		ROM	FF,15A56	 	 
Fix2X		ROM	FF,15B18	 	 
Frac2X		ROM	FF,15B1E	 	 
X2Fix		ROM	FF,15B4A	 	 
X2Frac		ROM	FF,15B50	 	 
Fix2Long		ROM	FF,15BAC	 	 
Frac2Fix		ROM	FF,15BB0	 	 
Long2Fix		ROM	FF,15BCC	 	 
Fix2Frac		ROM	FF,15BD0	 	 
SystemClick	ROM	FF,15CA0	 	 
SystemTask	ROM	FF,15D72	 	 
SystemMenu	ROM	FF,15DEE	 	 
SysEdit		ROM	FF,15E36	 	 
OpenDeskAcc	ROM	FF,15E64	 	 
CloseDeskAcc	ROM	FF,15EB2	 	 
GetPattern	ROM	FF,15ECC	 	 
GetCursor		ROM	FF,15EE6	 	 
GetString		ROM	FF,15EEE	 	 
GetIcon		ROM	FF,15EF6	 	 
GetPicture	ROM	FF,15EFE	 	 
GetNewWindow	ROM	FF,15F06	 	 
GetNewControl	ROM	FF,15F5C	 	 
GetRMenu		ROM	FF,15FAC	 	 
GetNewMBar	ROM	FF,1602A	 	 
TEGetText		ROM	FF,1608E	 	 
TEInit		ROM	FF,1609A	 	 
TEDispose		ROM	FF,160C0	 	 
TextBox		ROM	FF,160DE	 	 
TESetText		ROM	FF,161BC	 	 
TECalText		ROM	FF,16200	 	 
TESetSelect	ROM	FF,1623A	 	 
TENew		ROM	FF,16266	 	 
TEUpdate		ROM	FF,162E0	 	 
TEClick		ROM	FF,1630E	 	 
TECopy		ROM	FF,167AE	 	 
TECut		ROM	FF,167D4	 	 
TEDelete		ROM	FF,167E2	 	 
TEActivate	ROM	FF,16A62	 	 
TEDeactivate	ROM	FF,16A84	 	 
TEIdle		ROM	FF,16A9A	 	 
TEPaste		ROM	FF,16AC2	 	 
TEInsert		ROM	FF,16B80	 	 
TESetJust		ROM	FF,16BEC	 	 
TEScroll		ROM	FF,16C12	 	 
TEPinScroll	ROM	FF,16C54	 	 
TESelView		ROM	FF,16CC0	 	 
TEAutoView	ROM	FF,16D2C	 	 
InfoScrap		ROM	FF,16DAC	 	 
UnloadScrap	ROM	FF,16E26	 	 
LodeScrap		ROM	FF,16E5A	 	 
ZeroScrap		ROM	FF,16E8E	 	 
GetScrap		ROM	FF,16EDA	 	 
PutScrap		ROM	FF,16F4A	 	 
InitPack		ROM	FF,16F90	 	 
InitAllPacks	ROM	FF,16FB2	 	 
Pack0		ROM	FF,17032	 	 
Pack1		ROM	FF,17034	 	 
Pack2		ROM	FF,17036	 	 
Pack3		ROM	FF,17038	 	 
Pack4		ROM	FF,1703A	 	 
Pack5		ROM	FF,1703C	 	 
Pack6		ROM	FF,1703E	 	 
Pack7		ROM	FF,17040	 	 
Pack8		ROM	FF,17042	 	 
Pack9		ROM	FF,17044	 	 
Pack10		ROM	FF,17046	 	 
Pack11		ROM	FF,17048	 	 
Pack12		ROM	FF,1704A	 	 
Pack13		ROM	FF,1704C	 	 
Pack14		ROM	FF,1704E	 	 
Pack15		ROM	FF,17050	 	 
Secs2Date		ROM	FF,17052	 	 
Date2Secs		ROM	FF,170CA	 	 
InsTime		ROM	FF,175D2	 	 
RmvTime		ROM	FF,175E0	 	 
PrimeTime		ROM	FF,175FA	 	
ROMother		ROM	FF,175FE
ROMend		ROM	FF,1FFFE
 size ROM 1FFFE
