  File:   1 "Count.c.o"
  File:   2 "FastTestHome:IntegrationSuite:MPW::Interfaces&Libraries:Libraries:CLibraries:StdCLib.o"
  File:   3 "FastTestHome:IntegrationSuite:MPW::Interfaces&Libraries:Libraries:Libraries:SIOW.o"
  File:   4 "FastTestHome:IntegrationSuite:MPW::Interfaces&Libraries:Libraries:Libraries:IntEnv.o"
  File:   5 "FastTestHome:IntegrationSuite:MPW::Interfaces&Libraries:Libraries:Libraries:MacRuntime.o"
  File:   6 "FastTestHome:IntegrationSuite:MPW::Interfaces&Libraries:Libraries:Libraries:Interface.o"

Segment "Main" size=$5794 rsrcid=1 JTindex=$0000 #JTEnts=$0032
    count                             $000000  size=$0000A2  extern                file="Count.c.o"
    print                             $0000A2  size=$0000C6  extern
    main                              $000168  size=$000220  extern
    S64Negate                         $000388  size=$000046  extern  JT=$0028(A5)  file="FastTestHome:IntegrationSuite:MPW::Interfaces&Libraries:Libraries:CLibraries:StdCLib.o"
    Subtract64U                       $0003CE  size=$00008E  local 
    S64Set                            $00045C  size=$000044  extern  JT=$0030(A5)
    S64Compare                        $0004A0  size=$00004A  extern  JT=$0038(A5)
    U64Max                            $0004EA  size=$000034  extern
    U64Subtract                       $00051E  size=$000054  extern  JT=$0040(A5)
    U64Multiply                       $000572  size=$0001D8  extern  JT=$0048(A5)
    U64Div                            $00074A  size=$000034  extern  JT=$0050(A5)
    U64Divide                         $00077E  size=$0001A4  extern
    U64Set                            $000922  size=$000044  extern  JT=$0058(A5)
    U64SetU                           $000966  size=$000032  extern  JT=$0060(A5)
    U32SetU                           $000998  size=$000016  extern  JT=$0068(A5)
    U64Compare                        $0009AE  size=$00004A  extern  JT=$0070(A5)
    U64ShiftRight                     $0009F8  size=$000096  extern  JT=$0078(A5)
    U64ShiftLeft                      $000A8E  size=$000096  extern  JT=$0080(A5)
    UInt64ToSInt64                    $000B24  size=$00003A  extern  JT=$0088(A5)
    SInt64ToUInt64                    $000B5E  size=$00003A  extern  JT=$0090(A5)
    _ASMCLICKLOOP                     $000B98  size=$000022  extern  JT=$0098(A5)  file="FastTestHome:IntegrationSuite:MPW::Interfaces&Libraries:Libraries:Libraries:SIOW.o"
    _siowFAccess                      $000BBA  size=$000058  extern  JT=$00A0(A5)
    _siowClose                        $000C12  size=$000018  extern  JT=$00A8(A5)
    _siowRead                         $000C2A  size=$00005C  extern  JT=$00B0(A5)
    _siowWrite                        $000C86  size=$00004E  extern  JT=$00B8(A5)
    _siowIoctl                        $000CD4  size=$00003E  extern  JT=$00C0(A5)
    _siowExit                         $000D12  size=$00006A  extern  JT=$00C8(A5)
    _Save_As                          $000D7C  size=$000198  extern
    _Save_DeBugWindow                 $000F14  size=$0000D8  extern
    _ChangeTERec                      $000FEC  size=$00007A  extern
    _SetTextWindFont                  $001066  size=$0000A4  extern
    _FontSizeOutline                  $00110A  size=$000086  extern
    _SetTextFontSize                  $001190  size=$000098  extern
    _GetFontSize                      $001228  size=$000056  extern
    _FillOutBuffer                    $00127E  size=$0000AA  extern
    _DeleteCharsInWindow              $001328  size=$000060  extern
    _PutBackCharsInWindow             $001388  size=$000078  extern
    _SetUndoStuff                     $001400  size=$00003C  extern
    _DoUndo                           $00143C  size=$0000FC  extern
    _CalcNumOfPages                   $001538  size=$00005A  local 
    _DrawStuff                        $001592  size=$0000D6  extern
    _DrawFooter                       $001668  size=$0000F4  extern
    _GetthePrRecHdl                   $00175C  size=$000030  extern
    _Print_Window                     $00178C  size=$000262  extern
    _Page_Setup                       $0019EE  size=$000056  extern
    __libstrcmp                       $001A44  size=$000062  extern
    _EventLoop                        $001AA6  size=$0000CC  extern
    _DoDebugEvent                     $001B72  size=$000264  extern
    _AdjustCursor                     $001DD6  size=$000102  extern
    _GetGlobalMouse                   $001ED8  size=$00002C  extern
    _DoGrowWindow                     $001F04  size=$0000BC  extern
    _DoZoomWindow                     $001FC0  size=$000036  extern
    _ResizeWindow                     $001FF6  size=$000036  extern
    _GetLocalUpdateRgn                $00202C  size=$000042  extern
    _DoUpdate                         $00206E  size=$00003A  extern
    _DoActivate                       $0020A8  size=$000108  extern
    _DoContentClick                   $0021B0  size=$000136  extern
    _WritetoWindow                    $0022E6  size=$0002AE  extern
    _lib_memcpy                       $002594  size=$00003A  extern
    _FillOutIOPort                    $0025CE  size=$000246  extern
    _DoKeyDown                        $002814  size=$0002AC  extern
    _GetSleep                         $002AC0  size=$000052  extern
    _CommonAction                     $002B12  size=$00005C  extern
    _VACTIONPROC                      $002B6E  size=$0000B6  extern  JT=$00D0(A5)
    _HACTIONPROC                      $002C24  size=$00009E  extern  JT=$00D8(A5)
    _DoIdle                           $002CC2  size=$00002E  extern
    _DrawWindow                       $002CF0  size=$00004E  extern
    _AdjustMenus                      $002D3E  size=$00014E  extern
    _DoMenuCommand                    $002E8C  size=$0003C0  extern
    _CenterWindow                     $00324C  size=$000094  local 
    _MakeDebugWind                    $0032E0  size=$0001D4  extern
    _FILTERPROC                       $0034B4  size=$0000A6  local   JT=$00E0(A5)
    _DoSaveAlert                      $00355A  size=$000064  local 
    _DoCloseWindow                    $0035BE  size=$000092  extern
    _Terminate                        $003650  size=$000066  extern
    _WindowInit                       $0036B6  size=$00029C  extern
    _BigBadError                      $003952  size=$000036  extern
    _GetTERect                        $003988  size=$000044  extern
    _AdjustViewRect                   $0039CC  size=$000050  extern
    _AdjustTE                         $003A1C  size=$00006A  extern
    _AdjustHV                         $003A86  size=$0000F0  extern
    _AdjustScrollValues               $003B76  size=$000054  extern
    _AdjustScrollSizes                $003BCA  size=$0000A0  extern
    _AdjustScrollbars                 $003C6A  size=$000086  extern
    _PASCALCLICKLOOP                  $003CF0  size=$00004C  extern
    _GETOLDCLICKLOOP                  $003D3C  size=$000028  extern
    _IsDAWindow                       $003D64  size=$000032  extern
    _TrapAvailable                    $003D96  size=$000076  extern
    _AlertUser                        $003E0C  size=$000056  extern
    _SysAlertUser                     $003E62  size=$0000D2  extern
    _CenterAlert                      $003F34  size=$000078  extern
    ___MAIN                           $003FAC  size=$000090  extern
    _SIOWInit                         $00403C  size=$0000BA  extern
    PLSTRCMP                          $0040F6  size=$00003E  extern  JT=$00E8(A5)  file="FastTestHome:IntegrationSuite:MPW::Interfaces&Libraries:Libraries:Libraries:IntEnv.o"
    __CplusInit                       $004134  size=$00013A  extern                file="FastTestHome:IntegrationSuite:MPW::Interfaces&Libraries:Libraries:Libraries:MacRuntime.o"
    dtors__Fv                         $0041D0                extern
    GetAppName                        $00426E  size=$000110  local 
    _GetProgramGlobals                $00437E  size=$0001A6  extern
    _RTInit                           $004524  size=$00014A  extern
    _RTExit                           $00466E  size=$000072  extern  JT=$00F0(A5)
    _memchr                           $0046E0  size=$000036  extern  JT=$00F8(A5)
    _memcpy                           $004716  size=$000056  extern  JT=$0100(A5)
    __NUMTOOLBOXTRAPS                 $00476C  size=$00005C  extern
    __GETTRAPTYPE                     $0047C8  size=$000036  extern
    TRAPAVAILABLE                     $0047FE  size=$000082  extern  JT=$0108(A5)
    %__MAIN                           $004880  size=$000026  extern  JT=$0020(A5)
    ULMULTS                           $0048A6  size=$000030  extern
    ULMULT                            $0048AE                extern  JT=$0110(A5)
    LDIVTS                            $0048D6  size=$00002E  extern
    LDIVT                             $0048DE                extern  JT=$0118(A5)
    ULDIVTS                           $004904  size=$00002E  extern
    ULDIVT                            $00490C                extern  JT=$0120(A5)
    LMODTS                            $004932  size=$00005A  extern
    LMODT                             $00493A                extern  JT=$0128(A5)
    _LMODT                            $004950                extern
    ULMODTS                           $00498C  size=$000082  extern
    ULMODT                            $004994                extern
    _ULMODT                           $0049AA                extern
    __setjmp                          $004A0E  size=$000026  extern
    longjmp                           $004A34  size=$000038  extern
    strNoCaseCmp                      $004A6C  size=$00008A  extern
    internalEqualString               $004AF6  size=$000068  extern  JT=$0130(A5)
    qsortStringPointers               $004B5E  size=$000032  extern
    qs1                               $004B90  size=$000174  local 
    _installLibExitProc               $004D04  size=$000040  extern  JT=$0138(A5)
    atexit                            $004D44  size=$00003C  extern
    _DoExitProcs                      $004D80  size=$000054  extern
    _zero                             $004DD4  size=$00006A  extern
    _INTENVINIT                       $004E3E  size=$0000C6  extern
    _INTENVTERM                       $004F04  size=$000052  extern
    SYSENVIRONS                       $004F56  size=$00016A  extern                file="FastTestHome:IntegrationSuite:MPW::Interfaces&Libraries:Libraries:Libraries:Interface.o"
    GESTALT                           $0050C0  size=$00020E  extern  JT=$0140(A5)
    GETPTRSIZE                        $0052CE  size=$00000E  extern  JT=$0148(A5)
    GETHANDLESIZE                     $0052DC  size=$00000E  extern
    NGETTRAPADDRESS                   $0052EA  size=$000014  extern
    FSOPEN                            $0052FE  size=$000040  extern
    OPENDF                            $0052FE                extern
    FSCLOSE                           $00533E  size=$00001A  extern  JT=$0150(A5)
    FSREAD                            $005358  size=$000048  extern  JT=$0158(A5)
    FSWRITE                           $00535C                extern  JT=$0160(A5)
    CREATE                            $0053A0  size=$00003E  extern
    FSDELETE                          $0053DE  size=$000024  extern  JT=$0168(A5)
    RENAME                            $005402  size=$00002C  extern  JT=$0170(A5)
    SETEOF                            $00542E  size=$000020  extern  JT=$0178(A5)
    GETFPOS                           $00544E  size=$000022  extern  JT=$0180(A5)
    SETFPOS                           $005470  size=$000026  extern  JT=$0188(A5)
    PURGESPACE                        $005496  size=$000014  extern
    DILOAD                            $0054AA  size=$00000A  extern
    GODI                              $0054AC                extern
    DIBADMOUNT                        $0054B4  size=$000006  extern
    NUMTOSTRING                       $0054BA  size=$000012  extern
    EXIT8                             $0054C6                extern
    C2PSTR                            $0054CC  size=$000036  extern
    P2CSTR                            $005502  size=$00001C  extern
    TEFROMSCRAP                       $00551E  size=$000056  extern
    TETOSCRAP                         $005574  size=$000026  extern
    GETINDSTRING                      $00559A  size=$000046  extern
    HGETVOL                           $0055E0  size=$000036  extern  JT=$0190(A5)
    HDELETE                           $005616  size=$00002E  extern  JT=$0198(A5)
    HGETFINFO                         $005644  size=$00004C  extern  JT=$01A0(A5)
    HSETFINFO                         $005690  size=$000060  extern  JT=$01A8(A5)
    StrLen                            $0056F0  size=$000020  local 
    equalstring                       $005710  size=$000084  extern


Segment "%GlobalData" size=$2AC8
    _ArgvLBracketArgcRBracket        -$2AC8(A5)  size=$0004  local   hasContents  file="FastTestHome:IntegrationSuite:MPW::Interfaces&Libraries:Libraries:Libraries:MacRuntime.o"
    _SAGlbls                         -$2AC4(A5)  size=$00DE  extern
    inputBuffer                      -$29E6(A5)  size=$2002  local   hasContents  file="Count.c.o"
    optionsSpecified                 -$09E4(A5)  size=$0004  local   hasContents
    lineOption                       -$09E0(A5)  size=$0004  local   hasContents
    charOption                       -$09DC(A5)  size=$0004  local   hasContents
    validRequest                     -$09D8(A5)  size=$0004  local   hasContents
    chunk                            -$09D4(A5)  size=$0004  local   hasContents
    chunklet                         -$09D0(A5)  size=$0004  local   hasContents
    %?Anon                           -$09CC(A5)  size=$0004  local   hasContents
    %?Anon                           -$09C8(A5)  size=$0006  local   hasContents
    %?Anon                           -$09C2(A5)  size=$0002  local   hasContents
    %?Anon                           -$09C0(A5)  size=$0006  local   hasContents
    %?Anon                           -$09BA(A5)  size=$0030  local   hasContents
    %?Anon                           -$098A(A5)  size=$000C  local   hasContents
    %?Anon                           -$097E(A5)  size=$0046  local   hasContents
    %?Anon                           -$0938(A5)  size=$0004  local   hasContents
    %?Anon                           -$0934(A5)  size=$0020  local   hasContents
    gFreeBuckets                     -$0914(A5)  size=$002C  local   hasContents  file="FastTestHome:IntegrationSuite:MPW::Interfaces&Libraries:Libraries:CLibraries:StdCLib.o"
    gAllCacheBuckets                 -$08E8(A5)  size=$0004  local   hasContents
    realMaxMallocSize                -$08E4(A5)  size=$0004  local   hasContents
    _LibraryWindow                   -$08E0(A5)  size=$0004  extern  hasContents  file="FastTestHome:IntegrationSuite:MPW::Interfaces&Libraries:Libraries:Libraries:SIOW.o"
    _TMP0                            -$08DC(A5)  size=$0004  local   hasContents
    filename                         -$08D8(A5)  size=$0046  local   hasContents
    __kfontArray                     -$0892(A5)  size=$0006  local   hasContents
    __gStartUndo                     -$088C(A5)  size=$0002  extern  hasContents
    __gFullUndoBuffer                -$088A(A5)  size=$0002  extern  hasContents
    __gWriteToWindow                 -$0888(A5)  size=$0002  extern  hasContents
    __gSelectionMade                 -$0886(A5)  size=$0002  extern
    __gEndUndo                       -$0884(A5)  size=$0002  extern
    __gNewSelstart                   -$0882(A5)  size=$0002  extern
    footerHeight                     -$0880(A5)  size=$0002  local   hasContents
    _TMP2                            -$087E(A5)  size=$0100  local   hasContents
    __gInBackground                  -$077E(A5)  size=$0002  extern  hasContents
    __gWhatToRead                    -$077C(A5)  size=$0002  local   hasContents
    __gCanIRead                      -$077A(A5)  size=$0002  extern  hasContents
    deletingdata                     -$0778(A5)  size=$0002  local   hasContents
    __gCursorLoc                     -$0776(A5)  size=$0004  extern  hasContents
    __gWindowDirty                   -$0772(A5)  size=$0002  extern  hasContents
    __gUserExit                      -$0770(A5)  size=$0002  extern  hasContents
    __gMainExit                      -$076E(A5)  size=$0002  extern  hasContents
    __windowInit                     -$076C(A5)  size=$0002  extern  hasContents
    __mbarExists                     -$076A(A5)  size=$0002  extern  hasContents
    __initFonts                      -$0768(A5)  size=$0002  extern  hasContents
    __initWindows                    -$0766(A5)  size=$0002  extern  hasContents
    __initMenus                      -$0764(A5)  size=$0002  extern  hasContents
    __teInit                         -$0762(A5)  size=$0002  extern  hasContents
    __initDialogs                    -$0760(A5)  size=$0002  extern  hasContents
    __initCursor                     -$075E(A5)  size=$0002  extern  hasContents
    __siowEventHook                  -$075C(A5)  size=$0004  extern  hasContents
    __siowWindowHook                 -$0758(A5)  size=$0004  extern  hasContents
    __siowExitHook                   -$0754(A5)  size=$0004  extern  hasContents
    qd                               -$0750(A5)  size=$00CE  extern
    __screenWidth                    -$0682(A5)  size=$0002  extern
    __screenHeight                   -$0680(A5)  size=$0002  extern
    __gfontSize                      -$067E(A5)  size=$0002  extern
    __gfontNum                       -$067C(A5)  size=$0002  extern
    __gHasWaitNextEvent              -$067A(A5)  size=$0002  extern
    __gMac                           -$0678(A5)  size=$0010  extern
    _gSIOWIsRunning                  -$0668(A5)  size=$0004  local   hasContents
    _iob                             -$0664(A5)  size=$0370  extern  hasContents  file="FastTestHome:IntegrationSuite:MPW::Interfaces&Libraries:Libraries:Libraries:IntEnv.o"
    _lastbuf                         -$02F4(A5)  size=$0004  extern  hasContents
    _findbuf_called_before           -$02F0(A5)  size=$0004  local   hasContents
    __notabuffer                     -$02EC(A5)  size=$0004  extern
    errno                            -$02E8(A5)  size=$0004  extern  hasContents
    MacOSErr                         -$02E4(A5)  size=$0002  extern  hasContents
    _StdDevs                         -$02E2(A5)  size=$0078  extern  hasContents
    __SigEnv                         -$026A(A5)  size=$0044  extern  hasContents
    _pSIG_DFL                        -$0226(A5)  size=$0004  local   hasContents
    _pRAISE                          -$0222(A5)  size=$0004  local   hasContents
    sigArray                         -$021E(A5)  size=$0040  local   hasContents
    _nStdFilesOpened                 -$01DE(A5)  size=$0002  extern  hasContents
    _#_IntEnv                        -$01DC(A5)  size=$0004  extern  hasContents  file="FastTestHome:IntegrationSuite:MPW::Interfaces&Libraries:Libraries:Libraries:MacRuntime.o"
    __myResFile                      -$01D8(A5)  size=$0002  local   hasContents
    __TableEntries                   -$01D6(A5)  size=$0004  local   hasContents
    gHostSystemUPP                   -$01D2(A5)  size=$0004  extern  hasContents
    gHostGetEnvUPP                   -$01CE(A5)  size=$0004  extern  hasContents
    gHostSetEnvUPP                   -$01CA(A5)  size=$0004  extern  hasContents
    gNumElementsEnvP                 -$01C6(A5)  size=$0004  extern  hasContents
    _PGMGlbls                        -$01C2(A5)  size=$002E  local   hasContents
    __uniqueRetPC                    -$0194(A5)  size=$0004  local   hasContents
    _IsStandAlone                    -$0190(A5)  size=$0004  extern
    _macpgminfo                      -$018C(A5)  size=$0004  extern
    #0002                            -$0188(A5)  size=$0040  local 
    __target_for_exit                -$0188(A5)              extern
    __MyEnv                          -$0188(A5)              extern
    #0001                            -$0148(A5)  size=$0010  local   hasContents
    __TheExitAddr                    -$0148(A5)              extern
    _ArgC                            -$0144(A5)              extern
    _ArgV                            -$0140(A5)              extern
    _EnvP                            -$013C(A5)              extern
    upperChars                       -$0138(A5)  size=$0100  local   hasContents
    _IntEnv                          -$0038(A5)  size=$0034  extern  hasContents
    StandAlone                       -$0004(A5)  size=$0004  extern  hasContents


Segment "STDCLIB" size=$0622 rsrcid=2 JTindex=$0190 #JTEnts=$0005
    ComputeIndex                      $000000  size=$000044  local                 file="FastTestHome:IntegrationSuite:MPW::Interfaces&Libraries:Libraries:CLibraries:StdCLib.o"
    FindFreeBucket                    $000044  size=$000062  local 
    InitCacheBucket                   $0000A6  size=$0000AA  local 
    CreateCacheBucket                 $000150  size=$0000DE  local 
    DeleteEmptyBuckets                $00022E  size=$00008A  local 
    RemoveFromAllBucketsList          $0002B8  size=$00006E  local 
    RemoveFromFreeBucketList          $000326  size=$000086  local 
    TakeSubBlock                      $0003AC  size=$000074  local 
    CreateNonCachedBlock              $000420  size=$00007A  local 
    AllocatePtr                       $00049A  size=$00007C  local 
    malloc                            $000516  size=$00001A  extern  JT=$01B0(A5)
    _SA_DeletePtr                     $000530  size=$000028  extern
    memccpy                           $000558  size=$00003C  extern  JT=$01B8(A5)
    memcpy                            $000594  size=$000056  extern  JT=$01C0(A5)
    strcpy                            $0005EA  size=$000018  extern  JT=$01C8(A5)
    strlen                            $000602  size=$000020  extern  JT=$01D0(A5)


Segment "STDIO" size=$1A6C rsrcid=3 JTindex=$01B8 #JTEnts=$0007
    gets                              $000000  size=$0000A8  extern  JT=$01D8(A5)  file="FastTestHome:IntegrationSuite:MPW::Interfaces&Libraries:Libraries:CLibraries:StdCLib.o"
    fwrite                            $0000A8  size=$0001AE  extern
    printf                            $000256  size=$00003C  extern  JT=$01E0(A5)
    fprintf                           $000292  size=$000040  extern  JT=$01E8(A5)
    toint                             $0002D2  size=$00003C  local 
    _doprnt                           $00030E  size=$000EAC  extern
    _filbuf                           $0011BA  size=$0000FE  extern                file="FastTestHome:IntegrationSuite:MPW::Interfaces&Libraries:Libraries:Libraries:IntEnv.o"
    __cleanup                         $0012B8  size=$000062  extern  JT=$01F0(A5)
    _findbuf                          $00131A  size=$000164  extern
    fclose                            $00147E  size=$0000A2  extern  JT=$01F8(A5)
    fflush                            $001520  size=$0000C6  extern  JT=$0200(A5)
    _flsbuf                           $0015E6  size=$00013C  extern
    _xflsbuf                          $001722  size=$0000D4  extern
    _wrtchk                           $0017F6  size=$0000A4  extern
    _bufsync                          $00189A  size=$00003C  extern
    _endopen                          $0018D6  size=$00015A  local 
    freopen                           $001A30  size=$00003C  extern  JT=$0208(A5)


Segment "SANELIB" size=$00E8 rsrcid=4 JTindex=$01F0 #JTEnts=$0001
    _cvt                              $000000  size=$0000C8  extern  JT=$0210(A5)  file="FastTestHome:IntegrationSuite:MPW::Interfaces&Libraries:Libraries:CLibraries:StdCLib.o"
    _num2dec                          $0000C8  size=$000020  extern                file="FastTestHome:IntegrationSuite:MPW::Interfaces&Libraries:Libraries:Libraries:MacRuntime.o"


Segment "INTENV" size=$0D74 rsrcid=5 JTindex=$01F8 #JTEnts=$000E
    open                              $000000  size=$000078  extern  JT=$0218(A5)  file="FastTestHome:IntegrationSuite:MPW::Interfaces&Libraries:Libraries:Libraries:IntEnv.o"
    close                             $000078  size=$000070  extern  JT=$0220(A5)
    read                              $0000E8  size=$000084  extern  JT=$0228(A5)
    write                             $00016C  size=$000084  extern  JT=$0230(A5)
    ioctl                             $0001F0  size=$000108  extern  JT=$0238(A5)
    _getIOPort                        $0002F8  size=$00016E  extern  JT=$0240(A5)
    _initIOPtable                     $000466  size=$0000CE  local 
    _coreIOExit                       $000534  size=$000038  extern  JT=$0248(A5)
    _mapOSerr                         $00056C  size=$000146  local 
    _uerror                           $0006B2  size=$000034  extern
    fcntl                             $0006E6  size=$00003E  extern
    dup                               $000724  size=$00001A  extern  JT=$0250(A5)
    __growFileTable                   $00073E  size=$000088  extern
    __SmartC2Pstr                     $0007C6  size=$000066  extern  JT=$0258(A5)
    __lib_Cstrlen                     $00082C  size=$000034  extern
    _faccess                          $000860  size=$0000F6  extern  JT=$0260(A5)
    _addDevPrimative                  $000956  size=$000038  extern
    _findDevSlot                      $00098E  size=$0000AA  extern
    _univAddDevHandler                $000A38  size=$0000A6  extern
    _addDevHandler                    $000ADE  size=$00003A  extern  JT=$0268(A5)
    _InitSigs                         $000B18  size=$000054  extern
    signal                            $000B6C  size=$000108  extern
    raise                             $000C74  size=$000096  extern  JT=$0270(A5)
    sig_dfl                           $000D0A  size=$000052  local   JT=$0278(A5)
    exit                              $000D5C  size=$000018  extern  JT=$0280(A5)


Segment "SADEV" size=$14E0 rsrcid=6 JTindex=$0268 #JTEnts=$0010
    _GetAliasInfo                     $000000  size=$000138  extern                file="FastTestHome:IntegrationSuite:MPW::Interfaces&Libraries:Libraries:Libraries:IntEnv.o"
    _ResolveFileAlias                 $000138  size=$000110  extern
    ResolveFolderAliases              $000248  size=$000308  extern
    _fsFAccess                        $000550  size=$0000BE  extern  JT=$0288(A5)
    _fsOpen                           $00060E  size=$00045C  local 
    _fsClose                          $000A6A  size=$000086  extern  JT=$0290(A5)
    _fsRead                           $000AF0  size=$00006C  extern  JT=$0298(A5)
    _fsWrite                          $000B5C  size=$00008E  extern  JT=$02A0(A5)
    _fsIoctl                          $000BEA  size=$000132  extern  JT=$02A8(A5)
    _coDelayedOpen                    $000D1C  size=$000140  extern
    _coStdFDOpen                      $000E5C  size=$0000B6  extern
    _coOpen                           $000F12  size=$0000DC  extern
    _coFAccess                        $000FEE  size=$000066  extern  JT=$02B0(A5)
    _coClose                          $001054  size=$000080  extern  JT=$02B8(A5)
    _coRead                           $0010D4  size=$000092  extern  JT=$02C0(A5)
    _coWrite                          $001166  size=$0000C4  extern  JT=$02C8(A5)
    _coIoctl                          $00122A  size=$0000F2  extern  JT=$02D0(A5)
    _coExit                           $00131C  size=$000002  extern  JT=$02D8(A5)
    _syFAccess                        $00131E  size=$000142  extern  JT=$02E0(A5)
    _syClose                          $001460  size=$000004  extern  JT=$02E8(A5)
    _syRead                           $001464  size=$000004  extern  JT=$02F0(A5)
    _syWrite                          $001468  size=$000030  extern  JT=$02F8(A5)
    _syIoctl                          $001498  size=$000048  extern  JT=$0300(A5)


Segment "%A5Init" size=$01AE rsrcid=7 JTindex=$02E8 #JTEnts=$0001
    _DATAINIT                         $000000  size=$00005A  extern                file="FastTestHome:IntegrationSuite:MPW::Interfaces&Libraries:Libraries:Libraries:MacRuntime.o"
    _DataInit                         $000000                extern  JT=$0308(A5)
    uncompress_world                  $00005A  size=$000060  local 
    get_rl                            $0000BA  size=$000054  local 
    relocate_world                    $00010E  size=$00005C  local 
    ZEROBUFFER                        $00016A  size=$000042  local 
    #0001                             $0001AC  size=$000002  local 
    _A5Init3                          $0001AE                extern

