===== Link map for Count.ppc =====

  Address   Length   CL  TY   Vis   E/M  Symbol Name                Object File

=== Code Section ===
0x00000000 0x00010C  PR  SD  globl       .count                     Count.c.x
0x0000010C 0x000104  PR  SD  globl       .print                     Count.c.x
0x00000210 0x000308  PR  SD  globl       .main                      Count.c.x
0x00000518 0x000064  PR  SD  globl       ._siowFAccess              FastTestHome:IntegrationSuite:MPW::Interfaces&Libraries:Libraries:PPCLibraries:PPCSIOW.o
0x0000057C 0x000008  PR  SD  globl       ._siowClose                FastTestHome:IntegrationSuite:MPW::Interfaces&Libraries:Libraries:PPCLibraries:PPCSIOW.o
0x00000584 0x00009C  PR  SD  globl       ._siowRead                 FastTestHome:IntegrationSuite:MPW::Interfaces&Libraries:Libraries:PPCLibraries:PPCSIOW.o
0x00000620 0x000084  PR  SD  globl       ._siowWrite                FastTestHome:IntegrationSuite:MPW::Interfaces&Libraries:Libraries:PPCLibraries:PPCSIOW.o
0x000006A4 0x000034  PR  SD  globl       ._siowIoctl                FastTestHome:IntegrationSuite:MPW::Interfaces&Libraries:Libraries:PPCLibraries:PPCSIOW.o
0x000006D8 0x0000C8  PR  SD  globl       ._siowExit                 FastTestHome:IntegrationSuite:MPW::Interfaces&Libraries:Libraries:PPCLibraries:PPCSIOW.o
0x000007A0 0x000234  PR  SD  globl       ._Save_As                  FastTestHome:IntegrationSuite:MPW::Interfaces&Libraries:Libraries:PPCLibraries:PPCSIOW.o
0x000009D4 0x000128  PR  SD  globl       ._Save_DeBugWindow         FastTestHome:IntegrationSuite:MPW::Interfaces&Libraries:Libraries:PPCLibraries:PPCSIOW.o
0x00000AFC 0x0000CC  PR  SD  globl       ._ChangeTERec              FastTestHome:IntegrationSuite:MPW::Interfaces&Libraries:Libraries:PPCLibraries:PPCSIOW.o
0x00000BC8 0x0000E8  PR  SD  globl       ._SetTextWindFont          FastTestHome:IntegrationSuite:MPW::Interfaces&Libraries:Libraries:PPCLibraries:PPCSIOW.o
0x00000CB0 0x0000AC  PR  SD  globl       ._FontSizeOutline          FastTestHome:IntegrationSuite:MPW::Interfaces&Libraries:Libraries:PPCLibraries:PPCSIOW.o
0x00000D5C 0x0000DC  PR  SD  globl       ._SetTextFontSize          FastTestHome:IntegrationSuite:MPW::Interfaces&Libraries:Libraries:PPCLibraries:PPCSIOW.o
0x00000E38 0x00007C  PR  SD  globl       ._GetFontSize              FastTestHome:IntegrationSuite:MPW::Interfaces&Libraries:Libraries:PPCLibraries:PPCSIOW.o
0x00000EB4 0x0000EC  PR  SD  globl       ._FillOutBuffer            FastTestHome:IntegrationSuite:MPW::Interfaces&Libraries:Libraries:PPCLibraries:PPCSIOW.o
0x00000FA0 0x000084  PR  SD  globl       ._DeleteCharsInWindow      FastTestHome:IntegrationSuite:MPW::Interfaces&Libraries:Libraries:PPCLibraries:PPCSIOW.o
0x00001024 0x0000A4  PR  SD  globl       ._PutBackCharsInWindow     FastTestHome:IntegrationSuite:MPW::Interfaces&Libraries:Libraries:PPCLibraries:PPCSIOW.o
0x000010C8 0x000028  PR  SD  globl       ._SetUndoStuff             FastTestHome:IntegrationSuite:MPW::Interfaces&Libraries:Libraries:PPCLibraries:PPCSIOW.o
0x000010F0 0x000168  PR  SD  globl       ._DoUndo                   FastTestHome:IntegrationSuite:MPW::Interfaces&Libraries:Libraries:PPCLibraries:PPCSIOW.o
0x00001258 0x000044  PR  SD  local       ._CalcNumOfPages           FastTestHome:IntegrationSuite:MPW::Interfaces&Libraries:Libraries:PPCLibraries:PPCSIOW.o
0x0000129C 0x000124  PR  SD  globl       ._DrawStuff                FastTestHome:IntegrationSuite:MPW::Interfaces&Libraries:Libraries:PPCLibraries:PPCSIOW.o
0x000013C0 0x0001EC  PR  SD  globl       ._DrawFooter               FastTestHome:IntegrationSuite:MPW::Interfaces&Libraries:Libraries:PPCLibraries:PPCSIOW.o
0x000015AC 0x00004C  PR  SD  globl       ._GetthePrRecHdl           FastTestHome:IntegrationSuite:MPW::Interfaces&Libraries:Libraries:PPCLibraries:PPCSIOW.o
0x000015F8 0x000350  PR  SD  globl       ._Print_Window             FastTestHome:IntegrationSuite:MPW::Interfaces&Libraries:Libraries:PPCLibraries:PPCSIOW.o
0x00001948 0x000074  PR  SD  globl       ._Page_Setup               FastTestHome:IntegrationSuite:MPW::Interfaces&Libraries:Libraries:PPCLibraries:PPCSIOW.o
0x000019BC 0x000054  PR  SD  globl       .__libstrcmp               FastTestHome:IntegrationSuite:MPW::Interfaces&Libraries:Libraries:PPCLibraries:PPCSIOW.o
0x00001A10 0x000134  PR  SD  globl       ._EventLoop                FastTestHome:IntegrationSuite:MPW::Interfaces&Libraries:Libraries:PPCLibraries:PPCSIOW.o
0x00001B44 0x000318  PR  SD  globl       ._DoDebugEvent             FastTestHome:IntegrationSuite:MPW::Interfaces&Libraries:Libraries:PPCLibraries:PPCSIOW.o
0x00001E5C 0x0001C8  PR  SD  globl       ._AdjustCursor             FastTestHome:IntegrationSuite:MPW::Interfaces&Libraries:Libraries:PPCLibraries:PPCSIOW.o
0x00002024 0x000044  PR  SD  globl       ._GetGlobalMouse           FastTestHome:IntegrationSuite:MPW::Interfaces&Libraries:Libraries:PPCLibraries:PPCSIOW.o
0x00002068 0x00010C  PR  SD  globl       ._DoGrowWindow             FastTestHome:IntegrationSuite:MPW::Interfaces&Libraries:Libraries:PPCLibraries:PPCSIOW.o
0x00002174 0x000058  PR  SD  globl       ._DoZoomWindow             FastTestHome:IntegrationSuite:MPW::Interfaces&Libraries:Libraries:PPCLibraries:PPCSIOW.o
0x000021CC 0x000050  PR  SD  globl       ._ResizeWindow             FastTestHome:IntegrationSuite:MPW::Interfaces&Libraries:Libraries:PPCLibraries:PPCSIOW.o
0x0000221C 0x00005C  PR  SD  globl       ._GetLocalUpdateRgn        FastTestHome:IntegrationSuite:MPW::Interfaces&Libraries:Libraries:PPCLibraries:PPCSIOW.o
0x00002278 0x000070  PR  SD  globl       ._DoUpdate                 FastTestHome:IntegrationSuite:MPW::Interfaces&Libraries:Libraries:PPCLibraries:PPCSIOW.o
0x000022E8 0x000184  PR  SD  globl       ._DoActivate               FastTestHome:IntegrationSuite:MPW::Interfaces&Libraries:Libraries:PPCLibraries:PPCSIOW.o
0x0000246C 0x0001F8  PR  SD  globl       ._DoContentClick           FastTestHome:IntegrationSuite:MPW::Interfaces&Libraries:Libraries:PPCLibraries:PPCSIOW.o
0x00002664 0x0003A8  PR  SD  globl       ._WritetoWindow            FastTestHome:IntegrationSuite:MPW::Interfaces&Libraries:Libraries:PPCLibraries:PPCSIOW.o
0x00002A0C 0x000030  PR  SD  globl       ._lib_memcpy               FastTestHome:IntegrationSuite:MPW::Interfaces&Libraries:Libraries:PPCLibraries:PPCSIOW.o
0x00002A3C 0x0002B0  PR  SD  globl       ._FillOutIOPort            FastTestHome:IntegrationSuite:MPW::Interfaces&Libraries:Libraries:PPCLibraries:PPCSIOW.o
0x00002CEC 0x000480  PR  SD  globl       ._DoKeyDown                FastTestHome:IntegrationSuite:MPW::Interfaces&Libraries:Libraries:PPCLibraries:PPCSIOW.o
0x0000316C 0x000088  PR  SD  globl       ._GetSleep                 FastTestHome:IntegrationSuite:MPW::Interfaces&Libraries:Libraries:PPCLibraries:PPCSIOW.o
0x000031F4 0x000094  PR  SD  globl       ._CommonAction             FastTestHome:IntegrationSuite:MPW::Interfaces&Libraries:Libraries:PPCLibraries:PPCSIOW.o
0x00003288 0x0000F4  PR  SD  globl       ._VActionProc              FastTestHome:IntegrationSuite:MPW::Interfaces&Libraries:Libraries:PPCLibraries:PPCSIOW.o
0x0000337C 0x0000E4  PR  SD  globl       ._HActionProc              FastTestHome:IntegrationSuite:MPW::Interfaces&Libraries:Libraries:PPCLibraries:PPCSIOW.o
0x00003460 0x000040  PR  SD  globl       ._DoIdle                   FastTestHome:IntegrationSuite:MPW::Interfaces&Libraries:Libraries:PPCLibraries:PPCSIOW.o
0x000034A0 0x000074  PR  SD  globl       ._DrawWindow               FastTestHome:IntegrationSuite:MPW::Interfaces&Libraries:Libraries:PPCLibraries:PPCSIOW.o
0x00003514 0x000238  PR  SD  globl       ._AdjustMenus              FastTestHome:IntegrationSuite:MPW::Interfaces&Libraries:Libraries:PPCLibraries:PPCSIOW.o
0x0000374C 0x00055C  PR  SD  globl       ._DoMenuCommand            FastTestHome:IntegrationSuite:MPW::Interfaces&Libraries:Libraries:PPCLibraries:PPCSIOW.o
0x00003CA8 0x0000D0  PR  SD  local       ._CenterWindow             FastTestHome:IntegrationSuite:MPW::Interfaces&Libraries:Libraries:PPCLibraries:PPCSIOW.o
0x00003D78 0x0002E8  PR  SD  globl       ._MakeDebugWind            FastTestHome:IntegrationSuite:MPW::Interfaces&Libraries:Libraries:PPCLibraries:PPCSIOW.o
0x00004060 0x000098  PR  SD  local       ._FilterProc               FastTestHome:IntegrationSuite:MPW::Interfaces&Libraries:Libraries:PPCLibraries:PPCSIOW.o
0x000040F8 0x0000C0  PR  SD  local       ._DoSaveAlert              FastTestHome:IntegrationSuite:MPW::Interfaces&Libraries:Libraries:PPCLibraries:PPCSIOW.o
0x000041B8 0x0000E8  PR  SD  globl       ._DoCloseWindow            FastTestHome:IntegrationSuite:MPW::Interfaces&Libraries:Libraries:PPCLibraries:PPCSIOW.o
0x000042A0 0x000094  PR  SD  globl       ._Terminate                FastTestHome:IntegrationSuite:MPW::Interfaces&Libraries:Libraries:PPCLibraries:PPCSIOW.o
0x00004334 0x00042C  PR  SD  globl       ._WindowInit               FastTestHome:IntegrationSuite:MPW::Interfaces&Libraries:Libraries:PPCLibraries:PPCSIOW.o
0x00004760 0x000050  PR  SD  globl       ._BigBadError              FastTestHome:IntegrationSuite:MPW::Interfaces&Libraries:Libraries:PPCLibraries:PPCSIOW.o
0x000047B0 0x000060  PR  SD  globl       ._GetTERect                FastTestHome:IntegrationSuite:MPW::Interfaces&Libraries:Libraries:PPCLibraries:PPCSIOW.o
0x00004810 0x000028  PR  SD  globl       ._AdjustViewRect           FastTestHome:IntegrationSuite:MPW::Interfaces&Libraries:Libraries:PPCLibraries:PPCSIOW.o
0x00004838 0x0000A4  PR  SD  globl       ._AdjustTE                 FastTestHome:IntegrationSuite:MPW::Interfaces&Libraries:Libraries:PPCLibraries:PPCSIOW.o
0x000048DC 0x000174  PR  SD  globl       ._AdjustHV                 FastTestHome:IntegrationSuite:MPW::Interfaces&Libraries:Libraries:PPCLibraries:PPCSIOW.o
0x00004A50 0x00005C  PR  SD  globl       ._AdjustScrollValues       FastTestHome:IntegrationSuite:MPW::Interfaces&Libraries:Libraries:PPCLibraries:PPCSIOW.o
0x00004AAC 0x0000DC  PR  SD  globl       ._AdjustScrollSizes        FastTestHome:IntegrationSuite:MPW::Interfaces&Libraries:Libraries:PPCLibraries:PPCSIOW.o
0x00004B88 0x000094  PR  SD  globl       ._AdjustScrollbars         FastTestHome:IntegrationSuite:MPW::Interfaces&Libraries:Libraries:PPCLibraries:PPCSIOW.o
0x00004C1C 0x000074  PR  SD  globl       ._PascalClickLoop          FastTestHome:IntegrationSuite:MPW::Interfaces&Libraries:Libraries:PPCLibraries:PPCSIOW.o
0x00004C90 0x000010  PR  SD  globl       ._GetOldClickLoop          FastTestHome:IntegrationSuite:MPW::Interfaces&Libraries:Libraries:PPCLibraries:PPCSIOW.o
0x00004CA0 0x000050  PR  SD  globl       ._AsmClickLoop             FastTestHome:IntegrationSuite:MPW::Interfaces&Libraries:Libraries:PPCLibraries:PPCSIOW.o
0x00004CF0 0x000020  PR  SD  globl       ._IsDAWindow               FastTestHome:IntegrationSuite:MPW::Interfaces&Libraries:Libraries:PPCLibraries:PPCSIOW.o
0x00004D10 0x000098  PR  SD  globl       ._TrapAvailable            FastTestHome:IntegrationSuite:MPW::Interfaces&Libraries:Libraries:PPCLibraries:PPCSIOW.o
0x00004DA8 0x000090  PR  SD  globl       ._AlertUser                FastTestHome:IntegrationSuite:MPW::Interfaces&Libraries:Libraries:PPCLibraries:PPCSIOW.o
0x00004E38 0x0000F8  PR  SD  globl       ._SysAlertUser             FastTestHome:IntegrationSuite:MPW::Interfaces&Libraries:Libraries:PPCLibraries:PPCSIOW.o
0x00004F30 0x0000A4  PR  SD  globl       ._CenterAlert              FastTestHome:IntegrationSuite:MPW::Interfaces&Libraries:Libraries:PPCLibraries:PPCSIOW.o
0x00004FD4 0x0000A8  PR  SD  globl       .__start                   FastTestHome:IntegrationSuite:MPW::Interfaces&Libraries:Libraries:PPCLibraries:PPCSIOW.o
0x0000507C 0x0000E4  PR  SD  globl       ._SIOWInit                 FastTestHome:IntegrationSuite:MPW::Interfaces&Libraries:Libraries:PPCLibraries:PPCSIOW.o
0x00005160 0x000018  GL  SD  globl       ._BreakPoint               •••synthesized glue•••
0x00005178 0x000018  GL  SD  globl       .__setjmp                  •••synthesized glue•••
0x00005190 0x000018  GL  SD  globl       .exit                      •••synthesized glue•••
0x000051A8 0x000018  GL  SD  globl       .fclose                    •••synthesized glue•••
0x000051C0 0x000018  GL  SD  globl       ._addDevHandler            •••synthesized glue•••
0x000051D8 0x000018  GL  SD  globl       .freopen                   •••synthesized glue•••
0x000051F0 0x000018  GL  SD  globl       .atexit                    •••synthesized glue•••
0x00005208 0x000018  GL  SD  globl       .printf                    •••synthesized glue•••
0x00005220 0x000018  GL  SD  globl       .gets                      •••synthesized glue•••
0x00005238 0x000018  GL  SD  globl       .malloc                    •••synthesized glue•••
0x00005250 0x000018  GL  SD  globl       .open                      •••synthesized glue•••
0x00005268 0x000018  GL  SD  globl       .close                     •••synthesized glue•••
0x00005280 0x000018  GL  SD  globl       .fprintf                   •••synthesized glue•••
0x00005298 0x000018  GL  SD  globl       .read                      •••synthesized glue•••
0x000052B0 0x000018  GL  SD  globl       .strlen                    •••synthesized glue•••
0x000052C8 0x000018  GL  SD  globl       .fflush                    •••synthesized glue•••
0x000052E0 0x000018  GL  SD  globl       .equalstring               •••synthesized glue•••
0x000052F8 0x000018  GL  SD  globl       .SelectWindow              •••synthesized glue•••
0x00005310 0x000018  GL  SD  globl       .InitGraf                  •••synthesized glue•••
0x00005328 0x000018  GL  SD  globl       .InitFonts                 •••synthesized glue•••
0x00005340 0x000018  GL  SD  globl       .InitWindows               •••synthesized glue•••
0x00005358 0x000018  GL  SD  globl       .InitMenus                 •••synthesized glue•••
0x00005370 0x000018  GL  SD  globl       .TEInit                    •••synthesized glue•••
0x00005388 0x000018  GL  SD  globl       .InitDialogs               •••synthesized glue•••
0x000053A0 0x000018  GL  SD  globl       .InitCursor                •••synthesized glue•••
0x000053B8 0x000018  GL  SD  globl       .LMGetMBarHeight           •••synthesized glue•••
0x000053D0 0x000018  GL  SD  globl       .GetApplLimit              •••synthesized glue•••
0x000053E8 0x000018  GL  SD  globl       .LMGetHeapEnd              •••synthesized glue•••
0x00005400 0x000018  GL  SD  globl       .SetApplLimit              •••synthesized glue•••
0x00005418 0x000018  GL  SD  globl       .MaxApplZone               •••synthesized glue•••
0x00005430 0x000018  GL  SD  globl       .ApplicationZone           •••synthesized glue•••
0x00005448 0x000018  GL  SD  globl       .SysEnvirons               •••synthesized glue•••
0x00005460 0x000018  GL  SD  globl       .GetNewMBar                •••synthesized glue•••
0x00005478 0x000018  GL  SD  globl       .SetMenuBar                •••synthesized glue•••
0x00005490 0x000018  GL  SD  globl       .DisposeHandle             •••synthesized glue•••
0x000054A8 0x000018  GL  SD  globl       .GetMenuHandle             •••synthesized glue•••
0x000054C0 0x000018  GL  SD  globl       .AppendResMenu             •••synthesized glue•••
0x000054D8 0x000018  GL  SD  globl       .CountMItems               •••synthesized glue•••
0x000054F0 0x000018  GL  SD  globl       .GetMenuItemText           •••synthesized glue•••
0x00005508 0x000018  GL  SD  globl       .CheckItem                 •••synthesized glue•••
0x00005520 0x000018  GL  SD  globl       .NewMenu                   •••synthesized glue•••
0x00005538 0x000018  GL  SD  globl       .AppendMenu                •••synthesized glue•••
0x00005550 0x000018  GL  SD  globl       .InsertMenu                •••synthesized glue•••
0x00005568 0x000018  GL  SD  globl       .DrawMenuBar               •••synthesized glue•••
0x00005580 0x000018  GL  SD  globl       .NewPtr                    •••synthesized glue•••
0x00005598 0x000018  GL  SD  globl       .GetNewWindow              •••synthesized glue•••
0x000055B0 0x000018  GL  SD  globl       .SetPort                   •••synthesized glue•••
0x000055C8 0x000018  GL  SD  globl       .TENew                     •••synthesized glue•••
0x000055E0 0x000018  GL  SD  globl       .TEAutoView                •••synthesized glue•••
0x000055F8 0x000018  GL  SD  globl       .NewRoutineDescriptor      •••synthesized glue•••
0x00005610 0x000018  GL  SD  globl       .GetFNum                   •••synthesized glue•••
0x00005628 0x000018  GL  SD  globl       .GetNewControl             •••synthesized glue•••
0x00005640 0x000018  GL  SD  globl       .ShowWindow                •••synthesized glue•••
0x00005658 0x000018  GL  SD  globl       .DrawGrowIcon              •••synthesized glue•••
0x00005670 0x000018  GL  SD  globl       .ShowControl               •••synthesized glue•••
0x00005688 0x000018  GL  SD  globl       .DisposePtr                •••synthesized glue•••
0x000056A0 0x000018  GL  SD  globl       .NewRgn                    •••synthesized glue•••
0x000056B8 0x000018  GL  SD  globl       .WaitNextEvent             •••synthesized glue•••
0x000056D0 0x000018  GL  SD  globl       .SystemTask                •••synthesized glue•••
0x000056E8 0x000018  GL  SD  globl       .GetNextEvent              •••synthesized glue•••
0x00005700 0x000018  GL  SD  globl       .DisposeRgn                •••synthesized glue•••
0x00005718 0x000018  GL  SD  globl       .TESetSelect               •••synthesized glue•••
0x00005730 0x000018  GL  SD  globl       .TEInsert                  •••synthesized glue•••
0x00005748 0x000018  GL  SD  globl       .TESelView                 •••synthesized glue•••
0x00005760 0x000018  GL  SD  globl       .NewHandle                 •••synthesized glue•••
0x00005778 0x000018  GL  SD  globl       .MoveHHi                   •••synthesized glue•••
0x00005790 0x000018  GL  SD  globl       .BlockMove                 •••synthesized glue•••
0x000057A8 0x000018  GL  SD  globl       .TEDelete                  •••synthesized glue•••
0x000057C0 0x000018  GL  SD  globl       .FrontWindow               •••synthesized glue•••
0x000057D8 0x000018  GL  SD  globl       .ExitToShell               •••synthesized glue•••
0x000057F0 0x000018  GL  SD  globl       .NGetTrapAddress           •••synthesized glue•••
0x00005808 0x000018  GL  SD  globl       .RealFont                  •••synthesized glue•••
0x00005820 0x000018  GL  SD  globl       .SetItemStyle              •••synthesized glue•••
0x00005838 0x000018  GL  SD  globl       .Get1Resource              •••synthesized glue•••
0x00005850 0x000018  GL  SD  globl       .InsetRect                 •••synthesized glue•••
0x00005868 0x000018  GL  SD  globl       .TextFont                  •••synthesized glue•••
0x00005880 0x000018  GL  SD  globl       .TextFace                  •••synthesized glue•••
0x00005898 0x000018  GL  SD  globl       .TextSize                  •••synthesized glue•••
0x000058B0 0x000018  GL  SD  globl       .GetFontInfo               •••synthesized glue•••
0x000058C8 0x000018  GL  SD  globl       .TECalText                 •••synthesized glue•••
0x000058E0 0x000018  GL  SD  globl       .SetCursor                 •••synthesized glue•••
0x000058F8 0x000018  GL  SD  globl       .GetIndString              •••synthesized glue•••
0x00005910 0x000018  GL  SD  globl       .ParamText                 •••synthesized glue•••
0x00005928 0x000018  GL  SD  globl       .Alert                     •••synthesized glue•••
0x00005940 0x000018  GL  SD  globl       .OSEventAvail              •••synthesized glue•••
0x00005958 0x000018  GL  SD  globl       .SetRectRgn                •••synthesized glue•••
0x00005970 0x000018  GL  SD  globl       .LocalToGlobal             •••synthesized glue•••
0x00005988 0x000018  GL  SD  globl       .RectRgn                   •••synthesized glue•••
0x000059A0 0x000018  GL  SD  globl       .SetOrigin                 •••synthesized glue•••
0x000059B8 0x000018  GL  SD  globl       .SectRgn                   •••synthesized glue•••
0x000059D0 0x000018  GL  SD  globl       .DiffRgn                   •••synthesized glue•••
0x000059E8 0x000018  GL  SD  globl       .PtInRgn                   •••synthesized glue•••
0x00005A00 0x000018  GL  SD  globl       .GetCursor                 •••synthesized glue•••
0x00005A18 0x000018  GL  SD  globl       .CopyRgn                   •••synthesized glue•••
0x00005A30 0x000018  GL  SD  globl       .GetCaretTime              •••synthesized glue•••
0x00005A48 0x000018  GL  SD  globl       .FindWindow                •••synthesized glue•••
0x00005A60 0x000018  GL  SD  globl       .MenuSelect                •••synthesized glue•••
0x00005A78 0x000018  GL  SD  globl       .SystemClick               •••synthesized glue•••
0x00005A90 0x000018  GL  SD  globl       .DragWindow                •••synthesized glue•••
0x00005AA8 0x000018  GL  SD  globl       .TrackBox                  •••synthesized glue•••
0x00005AC0 0x000018  GL  SD  globl       .MenuKey                   •••synthesized glue•••
0x00005AD8 0x000018  GL  SD  globl       .SetPt                     •••synthesized glue•••
0x00005AF0 0x000018  GL  SD  globl       .DIBadMount                •••synthesized glue•••
0x00005B08 0x000018  GL  SD  globl       .TEIdle                    •••synthesized glue•••
0x00005B20 0x000018  GL  SD  globl       .GetControlValue           •••synthesized glue•••
0x00005B38 0x000018  GL  SD  globl       .TEScroll                  •••synthesized glue•••
0x00005B50 0x000018  GL  SD  globl       .CloseDeskAcc              •••synthesized glue•••
0x00005B68 0x000018  GL  SD  globl       .TEDispose                 •••synthesized glue•••
0x00005B80 0x000018  GL  SD  globl       .CloseWindow               •••synthesized glue•••
0x00005B98 0x000018  GL  SD  globl       .MoveControl               •••synthesized glue•••
0x00005BB0 0x000018  GL  SD  globl       .SizeControl               •••synthesized glue•••
0x00005BC8 0x000018  GL  SD  globl       .DisableItem               •••synthesized glue•••
0x00005BE0 0x000018  GL  SD  globl       .EnableItem                •••synthesized glue•••
0x00005BF8 0x000018  GL  SD  globl       .GetScrap                  •••synthesized glue•••
0x00005C10 0x000018  GL  SD  globl       .OpenDeskAcc               •••synthesized glue•••
0x00005C28 0x000018  GL  SD  globl       .SystemEdit                •••synthesized glue•••
0x00005C40 0x000018  GL  SD  globl       .ZeroScrap                 •••synthesized glue•••
0x00005C58 0x000018  GL  SD  globl       .PurgeSpace                •••synthesized glue•••
0x00005C70 0x000018  GL  SD  globl       .TECut                     •••synthesized glue•••
0x00005C88 0x000018  GL  SD  globl       .TEToScrap                 •••synthesized glue•••
0x00005CA0 0x000018  GL  SD  globl       .TECopy                    •••synthesized glue•••
0x00005CB8 0x000018  GL  SD  globl       .TEFromScrap               •••synthesized glue•••
0x00005CD0 0x000018  GL  SD  globl       .TEGetScrapLength          •••synthesized glue•••
0x00005CE8 0x000018  GL  SD  globl       .TEGetText                 •••synthesized glue•••
0x00005D00 0x000018  GL  SD  globl       .GetHandleSize             •••synthesized glue•••
0x00005D18 0x000018  GL  SD  globl       .SetHandleSize             •••synthesized glue•••
0x00005D30 0x000018  GL  SD  globl       .MemError                  •••synthesized glue•••
0x00005D48 0x000018  GL  SD  globl       .TEPaste                   •••synthesized glue•••
0x00005D60 0x000018  GL  SD  globl       .HiliteMenu                •••synthesized glue•••
0x00005D78 0x000018  GL  SD  globl       .GlobalToLocal             •••synthesized glue•••
0x00005D90 0x000018  GL  SD  globl       .PtInRect                  •••synthesized glue•••
0x00005DA8 0x000018  GL  SD  globl       .TEClick                   •••synthesized glue•••
0x00005DC0 0x000018  GL  SD  globl       .TrackControl              •••synthesized glue•••
0x00005DD8 0x000018  GL  SD  globl       .DisposeRoutineDescriptor  •••synthesized glue•••
0x00005DF0 0x000018  GL  SD  globl       .FindControl               •••synthesized glue•••
0x00005E08 0x000018  GL  SD  globl       .GrowWindow                •••synthesized glue•••
0x00005E20 0x000018  GL  SD  globl       .SizeWindow                •••synthesized glue•••
0x00005E38 0x000018  GL  SD  globl       .SectRect                  •••synthesized glue•••
0x00005E50 0x000018  GL  SD  globl       .ValidRect                 •••synthesized glue•••
0x00005E68 0x000018  GL  SD  globl       .InvalRgn                  •••synthesized glue•••
0x00005E80 0x000018  GL  SD  globl       .EraseRect                 •••synthesized glue•••
0x00005E98 0x000018  GL  SD  globl       .ZoomWindow                •••synthesized glue•••
0x00005EB0 0x000018  GL  SD  globl       .TEKey                     •••synthesized glue•••
0x00005EC8 0x000018  GL  SD  globl       .GetClip                   •••synthesized glue•••
0x00005EE0 0x000018  GL  SD  globl       .SetClip                   •••synthesized glue•••
0x00005EF8 0x000018  GL  SD  globl       .TEActivate                •••synthesized glue•••
0x00005F10 0x000018  GL  SD  globl       .InvalRect                 •••synthesized glue•••
0x00005F28 0x000018  GL  SD  globl       .TEDeactivate              •••synthesized glue•••
0x00005F40 0x000018  GL  SD  globl       .HideControl               •••synthesized glue•••
0x00005F58 0x000018  GL  SD  globl       .BeginUpdate               •••synthesized glue•••
0x00005F70 0x000018  GL  SD  globl       .EmptyRgn                  •••synthesized glue•••
0x00005F88 0x000018  GL  SD  globl       .EndUpdate                 •••synthesized glue•••
0x00005FA0 0x000018  GL  SD  globl       .GetPort                   •••synthesized glue•••
0x00005FB8 0x000018  GL  SD  globl       .GetControlMaximum         •••synthesized glue•••
0x00005FD0 0x000018  GL  SD  globl       .SetControlMaximum         •••synthesized glue•••
0x00005FE8 0x000018  GL  SD  globl       .SetControlValue           •••synthesized glue•••
0x00006000 0x000018  GL  SD  globl       .GetWTitle                 •••synthesized glue•••
0x00006018 0x000018  GL  SD  globl       .FSOpen                    •••synthesized glue•••
0x00006030 0x000018  GL  SD  globl       .SetFPos                   •••synthesized glue•••
0x00006048 0x000018  GL  SD  globl       .FSWrite                   •••synthesized glue•••
0x00006060 0x000018  GL  SD  globl       .FSClose                   •••synthesized glue•••
0x00006078 0x000018  GL  SD  globl       .GetResource               •••synthesized glue•••
0x00006090 0x000018  GL  SD  globl       .SFPutFile                 •••synthesized glue•••
0x000060A8 0x000018  GL  SD  globl       .Create                    •••synthesized glue•••
0x000060C0 0x000018  GL  SD  globl       .SetWTitle                 •••synthesized glue•••
0x000060D8 0x000018  GL  SD  globl       .PrOpen                    •••synthesized glue•••
0x000060F0 0x000018  GL  SD  globl       .PrStlDialog               •••synthesized glue•••
0x00006108 0x000018  GL  SD  globl       .PrSetError                •••synthesized glue•••
0x00006120 0x000018  GL  SD  globl       .PrClose                   •••synthesized glue•••
0x00006138 0x000018  GL  SD  globl       .PrError                   •••synthesized glue•••
0x00006150 0x000018  GL  SD  globl       .CurResFile                •••synthesized glue•••
0x00006168 0x000018  GL  SD  globl       .PrJobDialog               •••synthesized glue•••
0x00006180 0x000018  GL  SD  globl       .UseResFile                •••synthesized glue•••
0x00006198 0x000018  GL  SD  globl       .PrOpenDoc                 •••synthesized glue•••
0x000061B0 0x000018  GL  SD  globl       .PrOpenPage                •••synthesized glue•••
0x000061C8 0x000018  GL  SD  globl       .PrClosePage               •••synthesized glue•••
0x000061E0 0x000018  GL  SD  globl       .PrCloseDoc                •••synthesized glue•••
0x000061F8 0x000018  GL  SD  globl       .PrPicFile                 •••synthesized glue•••
0x00006210 0x000018  GL  SD  globl       .HLock                     •••synthesized glue•••
0x00006228 0x000018  GL  SD  globl       .GetPtrSize                •••synthesized glue•••
0x00006240 0x000018  GL  SD  globl       .HUnlock                   •••synthesized glue•••
0x00006258 0x000018  GL  SD  globl       .OffsetRgn                 •••synthesized glue•••
0x00006270 0x000018  GL  SD  globl       .DrawControls              •••synthesized glue•••
0x00006288 0x000018  GL  SD  globl       .TEUpdate                  •••synthesized glue•••
0x000062A0 0x000018  GL  SD  globl       .NumToString               •••synthesized glue•••
0x000062B8 0x000018  GL  SD  globl       .PrintDefault              •••synthesized glue•••
0x000062D0 0x000018  GL  SD  globl       .MoveTo                    •••synthesized glue•••
0x000062E8 0x000018  GL  SD  globl       .DrawText                  •••synthesized glue•••
0x00006300 0x000018  GL  SD  globl       .StringWidth               •••synthesized glue•••
0x00006318 0x000018  GL  SD  globl       .DrawString                •••synthesized glue•••
0x00006330 0x000018  GL  SD  globl       .CallUniversalProc         •••synthesized glue•••
0x00006348 0x000018  GL  SD  globl       .ClipRect                  •••synthesized glue•••
0x00006360 0x000014  GL  SD  globl       ._ptrgl12                  FastTestHome:IntegrationSuite:MPW::Interfaces&Libraries:Libraries:PPCLibraries:PPCCRuntime.o

=== Data Section ===
0x00000000 0x000004  TC  SD  globl       ZoomWindow                 •••synthesized glue•••
0x00000004 0x000004  TC  SD  globl       InitGraf                   •••synthesized glue•••
0x00000008 0x000004  TC  SD  globl       SectRgn                    •••synthesized glue•••
0x0000000C 0x000004  TC  SD  globl       LocalToGlobal              •••synthesized glue•••
0x00000010 0x000004  TC  SD  globl       PurgeSpace                 •••synthesized glue•••
0x00000014 0x000004  TC  SD  globl       equalstring                •••synthesized glue•••
0x00000018 0x000004  TC  SD  globl       BeginUpdate                •••synthesized glue•••
0x0000001C 0x000004  TC  SD  globl       ApplicationZone            •••synthesized glue•••
0x00000020 0x000004  TC  SD  globl       PrSetError                 •••synthesized glue•••
0x00000024 0x000004  TC  SD  globl       LMGetHeapEnd               •••synthesized glue•••
0x00000028 0x000004  TC  SD  globl       CopyRgn                    •••synthesized glue•••
0x0000002C 0x000004  TC  SD  globl       ExitToShell                •••synthesized glue•••
0x00000030 0x000004  TC  SD  globl       SetPt                      •••synthesized glue•••
0x00000034 0x000004  TC  SD  globl       HiliteMenu                 •••synthesized glue•••
0x00000038 0x000004  TC  SD  globl       SystemEdit                 •••synthesized glue•••
0x0000003C 0x000004  TC  SD  globl       TextFont                   •••synthesized glue•••
0x00000040 0x000004  TC  SD  globl       NewMenu                    •••synthesized glue•••
0x00000044 0x000004  TC  SD  globl       GetScrap                   •••synthesized glue•••
0x00000048 0x000004  TC  SD  globl       ValidRect                  •••synthesized glue•••
0x0000004C 0x000004  TC  SD  globl       DrawMenuBar                •••synthesized glue•••
0x00000050 0x000004  TC  SD  globl       ClipRect                   •••synthesized glue•••
0x00000054 0x000004  TC  SD  globl       GetCursor                  •••synthesized glue•••
0x00000058 0x000004  TC  SD  globl       HideControl                •••synthesized glue•••
0x0000005C 0x000004  TC  SD  globl       GetHandleSize              •••synthesized glue•••
0x00000060 0x000004  TC  SD  globl       TEInsert                   •••synthesized glue•••
0x00000064 0x000004  TC  SD  globl       SelectWindow               •••synthesized glue•••
0x00000068 0x000004  TC  SD  globl       MoveHHi                    •••synthesized glue•••
0x0000006C 0x000004  TC  SD  globl       BlockMove                  •••synthesized glue•••
0x00000070 0x000004  TC  SD  globl       EnableItem                 •••synthesized glue•••
0x00000074 0x000004  TC  SD  globl       MenuKey                    •••synthesized glue•••
0x00000078 0x000004  TC  SD  globl       MoveControl                •••synthesized glue•••
0x0000007C 0x000004  TC  SD  globl       DrawControls               •••synthesized glue•••
0x00000080 0x000004  TC  SD  globl       SysEnvirons                •••synthesized glue•••
0x00000084 0x000004  TC  SD  globl       MaxApplZone                •••synthesized glue•••
0x00000088 0x000004  TC  SD  globl       HUnlock                    •••synthesized glue•••
0x0000008C 0x000004  TC  SD  globl       CountMItems                •••synthesized glue•••
0x00000090 0x000004  TC  SD  globl       TextFace                   •••synthesized glue•••
0x00000094 0x000004  TC  SD  globl       GetApplLimit               •••synthesized glue•••
0x00000098 0x000004  TC  SD  globl       SetCursor                  •••synthesized glue•••
0x0000009C 0x000004  TC  SD  globl       PrOpen                     •••synthesized glue•••
0x000000A0 0x000004  TC  SD  globl       GetClip                    •••synthesized glue•••
0x000000A4 0x000004  TC  SD  globl       PrClose                    •••synthesized glue•••
0x000000A8 0x000004  TC  SD  globl       ParamText                  •••synthesized glue•••
0x000000AC 0x000004  TC  SD  globl       FSWrite                    •••synthesized glue•••
0x000000B0 0x000004  TC  SD  globl       PrCloseDoc                 •••synthesized glue•••
0x000000B4 0x000004  TC  SD  globl       SetClip                    •••synthesized glue•••
0x000000B8 0x000004  TC  SD  globl       TEActivate                 •••synthesized glue•••
0x000000BC 0x000004  TC  SD  globl       DrawString                 •••synthesized glue•••
0x000000C0 0x000004  TC  SD  globl       StringWidth                •••synthesized glue•••
0x000000C4 0x000004  TC  SD  globl       PrOpenDoc                  •••synthesized glue•••
0x000000C8 0x000004  TC  SD  globl       GetMenuHandle              •••synthesized glue•••
0x000000CC 0x000004  TC  SD  globl       TEDispose                  •••synthesized glue•••
0x000000D0 0x000004  TC  SD  globl       InsertMenu                 •••synthesized glue•••
0x000000D4 0x000004  TC  SD  globl       SetControlValue            •••synthesized glue•••
0x000000D8 0x000004  TC  SD  globl       RectRgn                    •••synthesized glue•••
0x000000DC 0x000004  TC  SD  globl       CallUniversalProc          •••synthesized glue•••
0x000000E0 0x000004  TC  SD  globl       GlobalToLocal              •••synthesized glue•••
0x000000E4 0x000004  TC  SD  globl       GetMenuItemText            •••synthesized glue•••
0x000000E8 0x000004  TC  SD  globl       GetNewMBar                 •••synthesized glue•••
0x000000EC 0x000004  TC  SD  globl       ShowControl                •••synthesized glue•••
0x000000F0 0x000004  TC  SD  globl       PrPicFile                  •••synthesized glue•••
0x000000F4 0x000004  TC  SD  globl       UseResFile                 •••synthesized glue•••
0x000000F8 0x000004  TC  SD  globl       AppendMenu                 •••synthesized glue•••
0x000000FC 0x000004  TC  SD  globl       GetControlValue            •••synthesized glue•••
0x00000100 0x000004  TC  SD  globl       PtInRect                   •••synthesized glue•••
0x00000104 0x000004  TC  SD  globl       GetNewWindow               •••synthesized glue•••
0x00000108 0x000004  TC  SD  globl       SizeControl                •••synthesized glue•••
0x0000010C 0x000004  TC  SD  globl       DrawText                   •••synthesized glue•••
0x00000110 0x000004  TC  SD  globl       SetOrigin                  •••synthesized glue•••
0x00000114 0x000004  TC  SD  globl       TrackBox                   •••synthesized glue•••
0x00000118 0x000004  TC  SD  globl       TEToScrap                  •••synthesized glue•••
0x0000011C 0x000004  TC  SD  globl       DisposeRgn                 •••synthesized glue•••
0x00000120 0x000004  TC  SD  globl       Get1Resource               •••synthesized glue•••
0x00000124 0x000004  TC  SD  globl       SystemClick                •••synthesized glue•••
0x00000128 0x000004  TC  SD  globl       TESetSelect                •••synthesized glue•••
0x0000012C 0x000004  TC  SD  globl       GetWTitle                  •••synthesized glue•••
0x00000130 0x000004  TC  SD  globl       NewHandle                  •••synthesized glue•••
0x00000134 0x000004  TC  SD  globl       GetControlMaximum          •••synthesized glue•••
0x00000138 0x000004  TC  SD  globl       PrintDefault               •••synthesized glue•••
0x0000013C 0x000004  TC  SD  globl       SetHandleSize              •••synthesized glue•••
0x00000140 0x000004  TC  SD  globl       Create                     •••synthesized glue•••
0x00000144 0x000004  TC  SD  globl       CloseWindow                •••synthesized glue•••
0x00000148 0x000004  TC  SD  globl       InvalRgn                   •••synthesized glue•••
0x0000014C 0x000004  TC  SD  globl       SectRect                   •••synthesized glue•••
0x00000150 0x000004  TC  SD  globl       DisposePtr                 •••synthesized glue•••
0x00000154 0x000004  TC  SD  globl       SetControlMaximum          •••synthesized glue•••
0x00000158 0x000004  TC  SD  globl       DisposeRoutineDescriptor   •••synthesized glue•••
0x0000015C 0x000004  TC  SD  globl       Alert                      •••synthesized glue•••
0x00000160 0x000004  TC  SD  globl       SetWTitle                  •••synthesized glue•••
0x00000164 0x000004  TC  SD  globl       InitMenus                  •••synthesized glue•••
0x00000168 0x000004  TC  SD  globl       GetCaretTime               •••synthesized glue•••
0x0000016C 0x000004  TC  SD  globl       DisableItem                •••synthesized glue•••
0x00000170 0x000004  TC  SD  globl       TrackControl               •••synthesized glue•••
0x00000174 0x000004  TC  SD  globl       TEGetText                  •••synthesized glue•••
0x00000178 0x000004  TC  SD  globl       TECalText                  •••synthesized glue•••
0x0000017C 0x000004  TC  SD  globl       DiffRgn                    •••synthesized glue•••
0x00000180 0x000004  TC  SD  globl       GetFontInfo                •••synthesized glue•••
0x00000184 0x000004  TC  SD  globl       WaitNextEvent              •••synthesized glue•••
0x00000188 0x000004  TC  SD  globl       TEFromScrap                •••synthesized glue•••
0x0000018C 0x000004  TC  SD  globl       GetResource                •••synthesized glue•••
0x00000190 0x000004  TC  SD  globl       TEInit                     •••synthesized glue•••
0x00000194 0x000004  TC  SD  globl       NewRoutineDescriptor       •••synthesized glue•••
0x00000198 0x000004  TC  SD  globl       DrawGrowIcon               •••synthesized glue•••
0x0000019C 0x000004  TC  SD  globl       GetIndString               •••synthesized glue•••
0x000001A0 0x000004  TC  SD  globl       FrontWindow                •••synthesized glue•••
0x000001A4 0x000004  TC  SD  globl       PrOpenPage                 •••synthesized glue•••
0x000001A8 0x000004  TC  SD  globl       SetPort                    •••synthesized glue•••
0x000001AC 0x000004  TC  SD  globl       SetApplLimit               •••synthesized glue•••
0x000001B0 0x000004  TC  SD  globl       EmptyRgn                   •••synthesized glue•••
0x000001B4 0x000004  TC  SD  globl       FSClose                    •••synthesized glue•••
0x000001B8 0x000004  TC  SD  globl       ShowWindow                 •••synthesized glue•••
0x000001BC 0x000004  TC  SD  globl       FindControl                •••synthesized glue•••
0x000001C0 0x000004  TC  SD  globl       PtInRgn                    •••synthesized glue•••
0x000001C4 0x000004  TC  SD  globl       TextSize                   •••synthesized glue•••
0x000001C8 0x000004  TC  SD  globl       GetPort                    •••synthesized glue•••
0x000001CC 0x000004  TC  SD  globl       TEDeactivate               •••synthesized glue•••
0x000001D0 0x000004  TC  SD  globl       OffsetRgn                  •••synthesized glue•••
0x000001D4 0x000004  TC  SD  globl       InitFonts                  •••synthesized glue•••
0x000001D8 0x000004  TC  SD  globl       InitCursor                 •••synthesized glue•••
0x000001DC 0x000004  TC  SD  globl       AppendResMenu              •••synthesized glue•••
0x000001E0 0x000004  TC  SD  globl       SizeWindow                 •••synthesized glue•••
0x000001E4 0x000004  TC  SD  globl       PrClosePage                •••synthesized glue•••
0x000001E8 0x000004  TC  SD  globl       GrowWindow                 •••synthesized glue•••
0x000001EC 0x000004  TC  SD  globl       DragWindow                 •••synthesized glue•••
0x000001F0 0x000004  TC  SD  globl       SFPutFile                  •••synthesized glue•••
0x000001F4 0x000004  TC  SD  globl       SetItemStyle               •••synthesized glue•••
0x000001F8 0x000004  TC  SD  globl       EraseRect                  •••synthesized glue•••
0x000001FC 0x000004  TC  SD  globl       SystemTask                 •••synthesized glue•••
0x00000200 0x000004  TC  SD  globl       GetFNum                    •••synthesized glue•••
0x00000204 0x000004  TC  SD  globl       InitWindows                •••synthesized glue•••
0x00000208 0x000004  TC  SD  globl       TEIdle                     •••synthesized glue•••
0x0000020C 0x000004  TC  SD  globl       TEGetScrapLength           •••synthesized glue•••
0x00000210 0x000004  TC  SD  globl       InvalRect                  •••synthesized glue•••
0x00000214 0x000004  TC  SD  globl       TEScroll                   •••synthesized glue•••
0x00000218 0x000004  TC  SD  globl       RealFont                   •••synthesized glue•••
0x0000021C 0x000004  TC  SD  globl       SetRectRgn                 •••synthesized glue•••
0x00000220 0x000004  TC  SD  globl       MoveTo                     •••synthesized glue•••
0x00000224 0x000004  TC  SD  globl       TEAutoView                 •••synthesized glue•••
0x00000228 0x000004  TC  SD  globl       GetPtrSize                 •••synthesized glue•••
0x0000022C 0x000004  TC  SD  globl       NGetTrapAddress            •••synthesized glue•••
0x00000230 0x000004  TC  SD  globl       CloseDeskAcc               •••synthesized glue•••
0x00000234 0x000004  TC  SD  globl       CheckItem                  •••synthesized glue•••
0x00000238 0x000004  TC  SD  globl       PrStlDialog                •••synthesized glue•••
0x0000023C 0x000004  TC  SD  globl       GetNewControl              •••synthesized glue•••
0x00000240 0x000004  TC  SD  globl       ZeroScrap                  •••synthesized glue•••
0x00000244 0x000004  TC  SD  globl       NewRgn                     •••synthesized glue•••
0x00000248 0x000004  TC  SD  globl       LMGetMBarHeight            •••synthesized glue•••
0x0000024C 0x000004  TC  SD  globl       PrJobDialog                •••synthesized glue•••
0x00000250 0x000004  TC  SD  globl       TEDelete                   •••synthesized glue•••
0x00000254 0x000004  TC  SD  globl       TECopy                     •••synthesized glue•••
0x00000258 0x000004  TC  SD  globl       SetFPos                    •••synthesized glue•••
0x0000025C 0x000004  TC  SD  globl       TESelView                  •••synthesized glue•••
0x00000260 0x000004  TC  SD  globl       TEClick                    •••synthesized glue•••
0x00000264 0x000004  TC  SD  globl       FSOpen                     •••synthesized glue•••
0x00000268 0x000004  TC  SD  globl       InitDialogs                •••synthesized glue•••
0x0000026C 0x000004  TC  SD  globl       DIBadMount                 •••synthesized glue•••
0x00000270 0x000004  TC  SD  globl       TENew                      •••synthesized glue•••
0x00000274 0x000004  TC  SD  globl       EndUpdate                  •••synthesized glue•••
0x00000278 0x000004  TC  SD  globl       MenuSelect                 •••synthesized glue•••
0x0000027C 0x000004  TC  SD  globl       NumToString                •••synthesized glue•••
0x00000280 0x000004  TC  SD  globl       CurResFile                 •••synthesized glue•••
0x00000284 0x000004  TC  SD  globl       MemError                   •••synthesized glue•••
0x00000288 0x000004  TC  SD  globl       TEKey                      •••synthesized glue•••
0x0000028C 0x000004  TC  SD  globl       SetMenuBar                 •••synthesized glue•••
0x00000290 0x000004  TC  SD  globl       TEPaste                    •••synthesized glue•••
0x00000294 0x000004  TC  SD  globl       OSEventAvail               •••synthesized glue•••
0x00000298 0x000004  TC  SD  globl       HLock                      •••synthesized glue•••
0x0000029C 0x000004  TC  SD  globl       DisposeHandle              •••synthesized glue•••
0x000002A0 0x000004  TC  SD  globl       PrError                    •••synthesized glue•••
0x000002A4 0x000004  TC  SD  globl       InsetRect                  •••synthesized glue•••
0x000002A8 0x000004  TC  SD  globl       FindWindow                 •••synthesized glue•••
0x000002AC 0x000004  TC  SD  globl       TECut                      •••synthesized glue•••
0x000002B0 0x000004  TC  SD  globl       TEUpdate                   •••synthesized glue•••
0x000002B4 0x000004  TC  SD  globl       GetNextEvent               •••synthesized glue•••
0x000002B8 0x000004  TC  SD  globl       OpenDeskAcc                •••synthesized glue•••
0x000002BC 0x000004  TC  SD  globl       NewPtr                     •••synthesized glue•••
0x000002C0 0x000004  TC  SD  globl       _BreakPoint                •••synthesized glue•••
0x000002C4 0x000004  TC  SD  globl       __setjmp                   •••synthesized glue•••
0x000002C8 0x000004  TC  SD  globl       printf                     •••synthesized glue•••
0x000002CC 0x000004  TC  SD  globl       atexit                     •••synthesized glue•••
0x000002D0 0x000004  TC  SD  globl       gets                       •••synthesized glue•••
0x000002D4 0x000004  TC  SD  globl       fprintf                    •••synthesized glue•••
0x000002D8 0x000004  TC  SD  globl       fclose                     •••synthesized glue•••
0x000002DC 0x000004  TC  SD  globl       close                      •••synthesized glue•••
0x000002E0 0x000004  TC  SD  globl       open                       •••synthesized glue•••
0x000002E4 0x000004  TC  SD  local       _IntEnv                    FastTestHome:IntegrationSuite:MPW::Interfaces&Libraries:Libraries:PPCLibraries:PPCSIOW.o
0x000002E8 0x000004  TC  SD  local       __C_phase                  FastTestHome:IntegrationSuite:MPW::Interfaces&Libraries:Libraries:PPCLibraries:PPCSIOW.o
0x000002EC 0x000004  TC  SD  globl       freopen                    •••synthesized glue•••
0x000002F0 0x000004  TC  SD  globl       malloc                     •••synthesized glue•••
0x000002F4 0x000004  TC  SD  local       __target_for_exit          FastTestHome:IntegrationSuite:MPW::Interfaces&Libraries:Libraries:PPCLibraries:PPCSIOW.o
0x000002F8 0x000004  TC  SD  globl       read                       •••synthesized glue•••
0x000002FC 0x000004  TC  SD  globl       strlen                     •••synthesized glue•••
0x00000300 0x000004  TC  SD  local       _exit_status               FastTestHome:IntegrationSuite:MPW::Interfaces&Libraries:Libraries:PPCLibraries:PPCSIOW.o
0x00000304 0x000004  TC  SD  globl       exit                       •••synthesized glue•••
0x00000308 0x000004  TC  SD  globl       fflush                     •••synthesized glue•••
0x0000030C 0x000004  TC  SD  globl       _addDevHandler             •••synthesized glue•••
0x00000310 0x000004  TC  SD  local       _iob                       FastTestHome:IntegrationSuite:MPW::Interfaces&Libraries:Libraries:PPCLibraries:PPCSIOW.o
0x00000314 0x000004  TC  SD  local       __NubAt3                   FastTestHome:IntegrationSuite:MPW::Interfaces&Libraries:Libraries:PPCLibraries:PPCSIOW.o
0x00000318 0x000004  TC  SD  local       .b2S9999                   FastTestHome:IntegrationSuite:MPW::Interfaces&Libraries:Libraries:PPCLibraries:PPCSIOW.o
0x0000031C 0x000004  TC  SD  local       .b2S9999                   FastTestHome:IntegrationSuite:MPW::Interfaces&Libraries:Libraries:PPCLibraries:PPCSIOW.o
0x00000320 0x000004  TC  SD  local       .b2S9998                   FastTestHome:IntegrationSuite:MPW::Interfaces&Libraries:Libraries:PPCLibraries:PPCSIOW.o
0x00000324 0x000004  TC  SD  local       .b2S9997                   FastTestHome:IntegrationSuite:MPW::Interfaces&Libraries:Libraries:PPCLibraries:PPCSIOW.o
0x00000328 0x000004  TC  SD  local       .b2S9996                   FastTestHome:IntegrationSuite:MPW::Interfaces&Libraries:Libraries:PPCLibraries:PPCSIOW.o
0x0000032C 0x000004  TC  SD  local       .b2S9995                   FastTestHome:IntegrationSuite:MPW::Interfaces&Libraries:Libraries:PPCLibraries:PPCSIOW.o
0x00000330 0x000004  TC  SD  local       .b2S9994                   FastTestHome:IntegrationSuite:MPW::Interfaces&Libraries:Libraries:PPCLibraries:PPCSIOW.o
0x00000334 0x000004  TC  SD  local       .b2S9992                   FastTestHome:IntegrationSuite:MPW::Interfaces&Libraries:Libraries:PPCLibraries:PPCSIOW.o
0x00000338 0x000004  TC  SD  local       .b2S9993                   FastTestHome:IntegrationSuite:MPW::Interfaces&Libraries:Libraries:PPCLibraries:PPCSIOW.o
0x0000033C 0x000004  TC  SD  local       .b2S9991                   FastTestHome:IntegrationSuite:MPW::Interfaces&Libraries:Libraries:PPCLibraries:PPCSIOW.o
0x00000340 0x000004  TC  SD  local       .stringBase0               Count.c.x
0x00000344 0x000004  TC  SD  local       inputBuffer                Count.c.x
0x00000348 0x000004  TC  SD  local       optionsSpecified           Count.c.x
0x0000034C 0x000004  TC  SD  local       lineOption                 Count.c.x
0x00000350 0x000004  TC  SD  local       charOption                 Count.c.x
0x00000354 0x000004  TC  SD  local       validRequest               Count.c.x
0x00000358 0x000004  TC  SD  local       chunklet                   Count.c.x
0x0000035C 0x000004  TC  SD  local       chunk                      Count.c.x
0x00000360 0x000004  TC  SD  local       .stringBase0               FastTestHome:IntegrationSuite:MPW::Interfaces&Libraries:Libraries:PPCLibraries:PPCSIOW.o
0x00000364 0x000004  TC  SD  local       _LibraryWindow             FastTestHome:IntegrationSuite:MPW::Interfaces&Libraries:Libraries:PPCLibraries:PPCSIOW.o
0x00000368 0x000004  TC  SD  local       __windowInit               FastTestHome:IntegrationSuite:MPW::Interfaces&Libraries:Libraries:PPCLibraries:PPCSIOW.o
0x0000036C 0x000004  TC  SD  local       __gMainExit                FastTestHome:IntegrationSuite:MPW::Interfaces&Libraries:Libraries:PPCLibraries:PPCSIOW.o
0x00000370 0x000004  TC  SD  local       __siowExitHook             FastTestHome:IntegrationSuite:MPW::Interfaces&Libraries:Libraries:PPCLibraries:PPCSIOW.o
0x00000374 0x000004  TC  SD  local       __gCanIRead                FastTestHome:IntegrationSuite:MPW::Interfaces&Libraries:Libraries:PPCLibraries:PPCSIOW.o
0x00000378 0x000004  TC  SD  local       __gUserExit                FastTestHome:IntegrationSuite:MPW::Interfaces&Libraries:Libraries:PPCLibraries:PPCSIOW.o
0x0000037C 0x000004  TC  SD  local       _siowFAccess               FastTestHome:IntegrationSuite:MPW::Interfaces&Libraries:Libraries:PPCLibraries:PPCSIOW.o
0x00000380 0x000004  TC  SD  local       _siowClose                 FastTestHome:IntegrationSuite:MPW::Interfaces&Libraries:Libraries:PPCLibraries:PPCSIOW.o
0x00000384 0x000004  TC  SD  local       _siowRead                  FastTestHome:IntegrationSuite:MPW::Interfaces&Libraries:Libraries:PPCLibraries:PPCSIOW.o
0x00000388 0x000004  TC  SD  local       _siowWrite                 FastTestHome:IntegrationSuite:MPW::Interfaces&Libraries:Libraries:PPCLibraries:PPCSIOW.o
0x0000038C 0x000004  TC  SD  local       _siowIoctl                 FastTestHome:IntegrationSuite:MPW::Interfaces&Libraries:Libraries:PPCLibraries:PPCSIOW.o
0x00000390 0x000004  TC  SD  local       _siowExit                  FastTestHome:IntegrationSuite:MPW::Interfaces&Libraries:Libraries:PPCLibraries:PPCSIOW.o
0x00000394 0x000004  TC  SD  local       .stringBase0               FastTestHome:IntegrationSuite:MPW::Interfaces&Libraries:Libraries:PPCLibraries:PPCSIOW.o
0x00000398 0x000004  TC  SD  local       filename                   FastTestHome:IntegrationSuite:MPW::Interfaces&Libraries:Libraries:PPCLibraries:PPCSIOW.o
0x0000039C 0x000004  TC  SD  local       .b2S9999                   FastTestHome:IntegrationSuite:MPW::Interfaces&Libraries:Libraries:PPCLibraries:PPCSIOW.o
0x000003A0 0x000004  TC  SD  local       __gWindowDirty             FastTestHome:IntegrationSuite:MPW::Interfaces&Libraries:Libraries:PPCLibraries:PPCSIOW.o
0x000003A4 0x000004  TC  SD  local       __screenHeight             FastTestHome:IntegrationSuite:MPW::Interfaces&Libraries:Libraries:PPCLibraries:PPCSIOW.o
0x000003A8 0x000004  TC  SD  local       __screenWidth              FastTestHome:IntegrationSuite:MPW::Interfaces&Libraries:Libraries:PPCLibraries:PPCSIOW.o
0x000003AC 0x000004  TC  SD  local       __kfontArray               FastTestHome:IntegrationSuite:MPW::Interfaces&Libraries:Libraries:PPCLibraries:PPCSIOW.o
0x000003B0 0x000004  TC  SD  local       __gfontNum                 FastTestHome:IntegrationSuite:MPW::Interfaces&Libraries:Libraries:PPCLibraries:PPCSIOW.o
0x000003B4 0x000004  TC  SD  local       __gfontSize                FastTestHome:IntegrationSuite:MPW::Interfaces&Libraries:Libraries:PPCLibraries:PPCSIOW.o
0x000003B8 0x000004  TC  SD  local       __gStartUndo               FastTestHome:IntegrationSuite:MPW::Interfaces&Libraries:Libraries:PPCLibraries:PPCSIOW.o
0x000003BC 0x000004  TC  SD  local       __gFullUndoBuffer          FastTestHome:IntegrationSuite:MPW::Interfaces&Libraries:Libraries:PPCLibraries:PPCSIOW.o
0x000003C0 0x000004  TC  SD  local       __gWriteToWindow           FastTestHome:IntegrationSuite:MPW::Interfaces&Libraries:Libraries:PPCLibraries:PPCSIOW.o
0x000003C4 0x000004  TC  SD  local       __gEndUndo                 FastTestHome:IntegrationSuite:MPW::Interfaces&Libraries:Libraries:PPCLibraries:PPCSIOW.o
0x000003C8 0x000004  TC  SD  local       __gNewSelstart             FastTestHome:IntegrationSuite:MPW::Interfaces&Libraries:Libraries:PPCLibraries:PPCSIOW.o
0x000003CC 0x000004  TC  SD  local       __gSelectionMade           FastTestHome:IntegrationSuite:MPW::Interfaces&Libraries:Libraries:PPCLibraries:PPCSIOW.o
0x000003D0 0x000004  TC  SD  local       .stringBase0               FastTestHome:IntegrationSuite:MPW::Interfaces&Libraries:Libraries:PPCLibraries:PPCSIOW.o
0x000003D4 0x000004  TC  SD  local       .b2S9999                   FastTestHome:IntegrationSuite:MPW::Interfaces&Libraries:Libraries:PPCLibraries:PPCSIOW.o
0x000003D8 0x000004  TC  SD  local       footerHeight               FastTestHome:IntegrationSuite:MPW::Interfaces&Libraries:Libraries:PPCLibraries:PPCSIOW.o
0x000003DC 0x000004  TC  SD  local       .stringBase0               FastTestHome:IntegrationSuite:MPW::Interfaces&Libraries:Libraries:PPCLibraries:PPCSIOW.o
0x000003E0 0x000004  TC  SD  local       __siowEventHook            FastTestHome:IntegrationSuite:MPW::Interfaces&Libraries:Libraries:PPCLibraries:PPCSIOW.o
0x000003E4 0x000004  TC  SD  local       __gInBackground            FastTestHome:IntegrationSuite:MPW::Interfaces&Libraries:Libraries:PPCLibraries:PPCSIOW.o
0x000003E8 0x000004  TC  SD  local       _VActionProc               FastTestHome:IntegrationSuite:MPW::Interfaces&Libraries:Libraries:PPCLibraries:PPCSIOW.o
0x000003EC 0x000004  TC  SD  local       _HActionProc               FastTestHome:IntegrationSuite:MPW::Interfaces&Libraries:Libraries:PPCLibraries:PPCSIOW.o
0x000003F0 0x000004  TC  SD  local       __gCursorLoc               FastTestHome:IntegrationSuite:MPW::Interfaces&Libraries:Libraries:PPCLibraries:PPCSIOW.o
0x000003F4 0x000004  TC  SD  local       deletingdata               FastTestHome:IntegrationSuite:MPW::Interfaces&Libraries:Libraries:PPCLibraries:PPCSIOW.o
0x000003F8 0x000004  TC  SD  local       _AsmClickLoop              FastTestHome:IntegrationSuite:MPW::Interfaces&Libraries:Libraries:PPCLibraries:PPCSIOW.o
0x000003FC 0x000004  TC  SD  local       __siowWindowHook           FastTestHome:IntegrationSuite:MPW::Interfaces&Libraries:Libraries:PPCLibraries:PPCSIOW.o
0x00000400 0x000004  TC  SD  local       _FilterProc                FastTestHome:IntegrationSuite:MPW::Interfaces&Libraries:Libraries:PPCLibraries:PPCSIOW.o
0x00000404 0x000004  TC  SD  local       __mbarExists               FastTestHome:IntegrationSuite:MPW::Interfaces&Libraries:Libraries:PPCLibraries:PPCSIOW.o
0x00000408 0x000004  TC  SD  local       __initCursor               FastTestHome:IntegrationSuite:MPW::Interfaces&Libraries:Libraries:PPCLibraries:PPCSIOW.o
0x0000040C 0x000004  TC  SD  local       __initDialogs              FastTestHome:IntegrationSuite:MPW::Interfaces&Libraries:Libraries:PPCLibraries:PPCSIOW.o
0x00000410 0x000004  TC  SD  local       __teInit                   FastTestHome:IntegrationSuite:MPW::Interfaces&Libraries:Libraries:PPCLibraries:PPCSIOW.o
0x00000414 0x000004  TC  SD  local       __initMenus                FastTestHome:IntegrationSuite:MPW::Interfaces&Libraries:Libraries:PPCLibraries:PPCSIOW.o
0x00000418 0x000004  TC  SD  local       __initWindows              FastTestHome:IntegrationSuite:MPW::Interfaces&Libraries:Libraries:PPCLibraries:PPCSIOW.o
0x0000041C 0x000004  TC  SD  local       __initFonts                FastTestHome:IntegrationSuite:MPW::Interfaces&Libraries:Libraries:PPCLibraries:PPCSIOW.o
0x00000420 0x000004  TC  SD  local       __gHasWaitNextEvent        FastTestHome:IntegrationSuite:MPW::Interfaces&Libraries:Libraries:PPCLibraries:PPCSIOW.o
0x00000424 0x000004  TC  SD  local       qd                         FastTestHome:IntegrationSuite:MPW::Interfaces&Libraries:Libraries:PPCLibraries:PPCSIOW.o
0x00000428 0x000004  TC  SD  local       __gWhatToRead              FastTestHome:IntegrationSuite:MPW::Interfaces&Libraries:Libraries:PPCLibraries:PPCSIOW.o
0x0000042C 0x000004  TC  SD  local       __gMac                     FastTestHome:IntegrationSuite:MPW::Interfaces&Libraries:Libraries:PPCLibraries:PPCSIOW.o
0x00000430 0x000004  TC  SD  local       .stringBase0               FastTestHome:IntegrationSuite:MPW::Interfaces&Libraries:Libraries:PPCLibraries:PPCSIOW.o
0x00000434 0x000004  TC  SD  local       _gSIOWIsRunning            FastTestHome:IntegrationSuite:MPW::Interfaces&Libraries:Libraries:PPCLibraries:PPCSIOW.o
0x00000438 0x000000  T0  SD  local       TOC                        FastTestHome:IntegrationSuite:MPW::Interfaces&Libraries:Libraries:PPCLibraries:PPCSIOW.o
0x00000438 0x00000C  DS  SD  globl       _siowFAccess               FastTestHome:IntegrationSuite:MPW::Interfaces&Libraries:Libraries:PPCLibraries:PPCSIOW.o
0x00000444 0x00000C  DS  SD  globl       _siowClose                 FastTestHome:IntegrationSuite:MPW::Interfaces&Libraries:Libraries:PPCLibraries:PPCSIOW.o
0x00000450 0x00000C  DS  SD  globl       _siowRead                  FastTestHome:IntegrationSuite:MPW::Interfaces&Libraries:Libraries:PPCLibraries:PPCSIOW.o
0x0000045C 0x00000C  DS  SD  globl       _siowWrite                 FastTestHome:IntegrationSuite:MPW::Interfaces&Libraries:Libraries:PPCLibraries:PPCSIOW.o
0x00000468 0x00000C  DS  SD  globl       _siowIoctl                 FastTestHome:IntegrationSuite:MPW::Interfaces&Libraries:Libraries:PPCLibraries:PPCSIOW.o
0x00000474 0x00000C  DS  SD  globl       _siowExit                  FastTestHome:IntegrationSuite:MPW::Interfaces&Libraries:Libraries:PPCLibraries:PPCSIOW.o
0x00000480 0x00000C  DS  SD  globl       _VActionProc               FastTestHome:IntegrationSuite:MPW::Interfaces&Libraries:Libraries:PPCLibraries:PPCSIOW.o
0x0000048C 0x00000C  DS  SD  globl       _HActionProc               FastTestHome:IntegrationSuite:MPW::Interfaces&Libraries:Libraries:PPCLibraries:PPCSIOW.o
0x00000498 0x00000C  DS  SD  globl       _AsmClickLoop              FastTestHome:IntegrationSuite:MPW::Interfaces&Libraries:Libraries:PPCLibraries:PPCSIOW.o
0x000004A4 0x00000C  DS  SD  local       _FilterProc                FastTestHome:IntegrationSuite:MPW::Interfaces&Libraries:Libraries:PPCLibraries:PPCSIOW.o
0x000004B0 0x00000C  DS  SD  globl    M  __start                    FastTestHome:IntegrationSuite:MPW::Interfaces&Libraries:Libraries:PPCLibraries:PPCSIOW.o
0x000004BC 0x000004  RW  SD  local       chunk                      Count.c.x
0x000004C0 0x000004  RW  SD  local       chunklet                   Count.c.x
0x000004C8 0x0000B3  RO  SD  local       .stringBase0               Count.c.x
0x0000057C 0x000004  RW  SD  globl       _LibraryWindow             FastTestHome:IntegrationSuite:MPW::Interfaces&Libraries:Libraries:PPCLibraries:PPCSIOW.o
0x00000580 0x00000C  RW  SD  local       .stringBase0               FastTestHome:IntegrationSuite:MPW::Interfaces&Libraries:Libraries:PPCLibraries:PPCSIOW.o
0x00000590 0x000046  RW  SD  local       filename                   FastTestHome:IntegrationSuite:MPW::Interfaces&Libraries:Libraries:PPCLibraries:PPCSIOW.o
0x000005D8 0x000004  RW  SD  local       .b2S9999                   FastTestHome:IntegrationSuite:MPW::Interfaces&Libraries:Libraries:PPCLibraries:PPCSIOW.o
0x000005E0 0x00002C  RW  SD  local       .stringBase0               FastTestHome:IntegrationSuite:MPW::Interfaces&Libraries:Libraries:PPCLibraries:PPCSIOW.o
0x00000610 0x000005  RW  SD  local       __kfontArray               FastTestHome:IntegrationSuite:MPW::Interfaces&Libraries:Libraries:PPCLibraries:PPCSIOW.o
0x00000618 0x000002  RW  SD  globl       __gStartUndo               FastTestHome:IntegrationSuite:MPW::Interfaces&Libraries:Libraries:PPCLibraries:PPCSIOW.o
0x0000061C 0x000002  RW  SD  globl       __gFullUndoBuffer          FastTestHome:IntegrationSuite:MPW::Interfaces&Libraries:Libraries:PPCLibraries:PPCSIOW.o
0x00000620 0x000001  RW  SD  globl       __gWriteToWindow           FastTestHome:IntegrationSuite:MPW::Interfaces&Libraries:Libraries:PPCLibraries:PPCSIOW.o
0x00000628 0x000100  RW  SD  local       .b2S9999                   FastTestHome:IntegrationSuite:MPW::Interfaces&Libraries:Libraries:PPCLibraries:PPCSIOW.o
0x00000728 0x000008  RW  SD  local       .stringBase0               FastTestHome:IntegrationSuite:MPW::Interfaces&Libraries:Libraries:PPCLibraries:PPCSIOW.o
0x00000730 0x000004  RW  SD  globl       __siowEventHook            FastTestHome:IntegrationSuite:MPW::Interfaces&Libraries:Libraries:PPCLibraries:PPCSIOW.o
0x00000734 0x000001  RW  SD  globl       __gInBackground            FastTestHome:IntegrationSuite:MPW::Interfaces&Libraries:Libraries:PPCLibraries:PPCSIOW.o
0x00000738 0x000004  RW  SD  globl       __gCursorLoc               FastTestHome:IntegrationSuite:MPW::Interfaces&Libraries:Libraries:PPCLibraries:PPCSIOW.o
0x0000073C 0x000001  RW  SD  globl       __gWindowDirty             FastTestHome:IntegrationSuite:MPW::Interfaces&Libraries:Libraries:PPCLibraries:PPCSIOW.o
0x00000740 0x000001  RW  SD  local       deletingdata               FastTestHome:IntegrationSuite:MPW::Interfaces&Libraries:Libraries:PPCLibraries:PPCSIOW.o
0x00000744 0x000002  RW  SD  globl       __gCanIRead                FastTestHome:IntegrationSuite:MPW::Interfaces&Libraries:Libraries:PPCLibraries:PPCSIOW.o
0x00000748 0x000001  RW  SD  globl       __gMainExit                FastTestHome:IntegrationSuite:MPW::Interfaces&Libraries:Libraries:PPCLibraries:PPCSIOW.o
0x0000074C 0x000001  RW  SD  globl       __gUserExit                FastTestHome:IntegrationSuite:MPW::Interfaces&Libraries:Libraries:PPCLibraries:PPCSIOW.o
0x00000750 0x000004  RW  SD  globl       __siowWindowHook           FastTestHome:IntegrationSuite:MPW::Interfaces&Libraries:Libraries:PPCLibraries:PPCSIOW.o
0x00000754 0x000004  RW  SD  globl       __siowExitHook             FastTestHome:IntegrationSuite:MPW::Interfaces&Libraries:Libraries:PPCLibraries:PPCSIOW.o
0x00000758 0x000001  RW  SD  globl       __mbarExists               FastTestHome:IntegrationSuite:MPW::Interfaces&Libraries:Libraries:PPCLibraries:PPCSIOW.o
0x0000075C 0x000001  RW  SD  globl       __initCursor               FastTestHome:IntegrationSuite:MPW::Interfaces&Libraries:Libraries:PPCLibraries:PPCSIOW.o
0x00000760 0x000001  RW  SD  globl       __initDialogs              FastTestHome:IntegrationSuite:MPW::Interfaces&Libraries:Libraries:PPCLibraries:PPCSIOW.o
0x00000764 0x000001  RW  SD  globl       __teInit                   FastTestHome:IntegrationSuite:MPW::Interfaces&Libraries:Libraries:PPCLibraries:PPCSIOW.o
0x00000768 0x000001  RW  SD  globl       __initMenus                FastTestHome:IntegrationSuite:MPW::Interfaces&Libraries:Libraries:PPCLibraries:PPCSIOW.o
0x0000076C 0x000001  RW  SD  globl       __initWindows              FastTestHome:IntegrationSuite:MPW::Interfaces&Libraries:Libraries:PPCLibraries:PPCSIOW.o
0x00000770 0x000001  RW  SD  globl       __initFonts                FastTestHome:IntegrationSuite:MPW::Interfaces&Libraries:Libraries:PPCLibraries:PPCSIOW.o
0x00000774 0x000001  RW  SD  globl       __windowInit               FastTestHome:IntegrationSuite:MPW::Interfaces&Libraries:Libraries:PPCLibraries:PPCSIOW.o
0x00000778 0x000058  RW  SD  local       .stringBase0               FastTestHome:IntegrationSuite:MPW::Interfaces&Libraries:Libraries:PPCLibraries:PPCSIOW.o
0x000007D0 0x000004  RW  SD  local       _gSIOWIsRunning            FastTestHome:IntegrationSuite:MPW::Interfaces&Libraries:Libraries:PPCLibraries:PPCSIOW.o
0x000007D8 0x000020  RW  SD  local       .stringBase0               FastTestHome:IntegrationSuite:MPW::Interfaces&Libraries:Libraries:PPCLibraries:PPCSIOW.o
0x000007F8 0x002001  BS  CM  local       inputBuffer                Count.c.x
0x000027FC 0x000004  BS  CM  local       optionsSpecified           Count.c.x
0x00002800 0x000004  BS  CM  local       lineOption                 Count.c.x
0x00002804 0x000004  BS  CM  local       charOption                 Count.c.x
0x00002808 0x000004  BS  CM  local       validRequest               Count.c.x
0x0000280C 0x000002  BS  CM  globl       __gEndUndo                 FastTestHome:IntegrationSuite:MPW::Interfaces&Libraries:Libraries:PPCLibraries:PPCSIOW.o
0x00002810 0x000001  BS  CM  globl       __gNewSelstart             FastTestHome:IntegrationSuite:MPW::Interfaces&Libraries:Libraries:PPCLibraries:PPCSIOW.o
0x00002814 0x000001  BS  CM  globl       __gSelectionMade           FastTestHome:IntegrationSuite:MPW::Interfaces&Libraries:Libraries:PPCLibraries:PPCSIOW.o
0x00002818 0x000002  BS  CM  local       footerHeight               FastTestHome:IntegrationSuite:MPW::Interfaces&Libraries:Libraries:PPCLibraries:PPCSIOW.o
0x0000281C 0x000001  BS  CM  globl       __gHasWaitNextEvent        FastTestHome:IntegrationSuite:MPW::Interfaces&Libraries:Libraries:PPCLibraries:PPCSIOW.o
0x00002820 0x0000CE  BS  CM  globl       qd                         FastTestHome:IntegrationSuite:MPW::Interfaces&Libraries:Libraries:PPCLibraries:PPCSIOW.o
0x000028F0 0x000002  BS  CM  local       __gWhatToRead              FastTestHome:IntegrationSuite:MPW::Interfaces&Libraries:Libraries:PPCLibraries:PPCSIOW.o
0x000028F4 0x000002  BS  CM  globl       __gfontNum                 FastTestHome:IntegrationSuite:MPW::Interfaces&Libraries:Libraries:PPCLibraries:PPCSIOW.o
0x000028F8 0x000002  BS  CM  globl       __gfontSize                FastTestHome:IntegrationSuite:MPW::Interfaces&Libraries:Libraries:PPCLibraries:PPCSIOW.o
0x000028FC 0x000002  BS  CM  globl       __screenHeight             FastTestHome:IntegrationSuite:MPW::Interfaces&Libraries:Libraries:PPCLibraries:PPCSIOW.o
0x00002900 0x000002  BS  CM  globl       __screenWidth              FastTestHome:IntegrationSuite:MPW::Interfaces&Libraries:Libraries:PPCLibraries:PPCSIOW.o
0x00002908 0x000010  BS  CM  globl       __gMac                     FastTestHome:IntegrationSuite:MPW::Interfaces&Libraries:Libraries:PPCLibraries:PPCSIOW.o
