 seg RAM FD
 loc 0
RAMStart		RAM	FD,0
RAMEnd		RAM	FD,1FFFFE
 size RAM 1FFFFF


 seg ROMClassicII 7F
MYFIRSTPROC         ROMClassicII	7F,0	 	 #
BASEOFROM           ROMClassicII	7F,0	 	 E
MYROM               ROMClassicII	7F,0	 	 #
DISPOFF             ROMClassicII	7F,22	 	 E
CRITICAL            ROMClassicII	7F,26	 	 E
ROMLOC              ROMClassicII	7F,2E	 	 E
STARTINIT1          ROMClassicII	7F,B8	 	 E
BOOTRETRY           ROMClassicII	7F,1A6	 	 E
EGRETPATCHCONT      ROMClassicII	7F,1DC	 	 E
EGRETPATCH1CONT     ROMClassicII	7F,200	 	 E
SOUNDINITPATCHRTN   ROMClassicII	7F,322	 	 E
PATCHSPACE1         ROMClassicII	7F,380	 	 #
BRIGHTNESSPATCH     ROMClassicII	7F,380	 	 E
JMPTBLINIT          ROMClassicII	7F,470
JMPTBL2             ROMClassicII	7F,472	 	 E
NEWTRANSLATE24TO32  ROMClassicII	7F,47E	 	 E
FILLWITHONES        ROMClassicII	7F,480	 	 #
COMPBOOTSTACK       ROMClassicII	7F,490	 	 #
SETUPSYSAPPZONE     ROMClassicII	7F,4B0	 	 #
DRAWBEEPSCREEN      ROMClassicII	7F,530	 	 #
INITSHUTDOWNMGR     ROMClassicII	7F,580	 	 #
INITHIMEMGLOBALS    ROMClassicII	7F,590	 	 #
INITGLOBALVARS      ROMClassicII	7F,600	 	 #
SWITCHGOODIES       ROMClassicII	7F,6F0	 	 #
WDCBSWOS            ROMClassicII	7F,75C	 	 E
PMSPSWOS            ROMClassicII	7F,75E	 	 E
INITSWITCHERTABLE   ROMClassicII	7F,760	 	 E
GETPRAM             ROMClassicII	7F,780	 	 #
WHICHCPU            ROMClassicII	7F,7C0	 	 #
WHICHBOARD          ROMClassicII	7F,7F0	 	 #
SETUPTIMEK          ROMClassicII	7F,800	 	 #
RUNDIAGS            ROMClassicII	7F,8E0	 	 #
STARTTESTFLAGS      ROMClassicII	7F,908	 	 E
SETUPHWBASES        ROMClassicII	7F,910	 	 #
INITSCSI            ROMClassicII	7F,9A0
INITIWM             ROMClassicII	7F,9C0
INITSCC             ROMClassicII	7F,A30	 	 E
CONFIGURERAM        ROMClassicII	7F,A70	 	 #
INITVIDGLOBALS      ROMClassicII	7F,BE0	 	 #
RDVIDPARAM          ROMClassicII	7F,BF0	 	 #
OPENSDRVR           ROMClassicII	7F,CA0
OPNVIDDEFLT         ROMClassicII	7F,D00	 	 #
INITVIDDEFLT        ROMClassicII	7F,D50	 	 #
ADDVIDDEVICE        ROMClassicII	7F,D90
GETDEFVIDMODE       ROMClassicII	7F,DE0	 	 #
INITDEFGAMMA        ROMClassicII	7F,E40
INITDUMMYSCREEN     ROMClassicII	7F,F40
FROVIDEO            ROMClassicII	7F,1000	 	 #
INITCRSRVARS        ROMClassicII	7F,1050
INITCRSRMGR         ROMClassicII	7F,1060
INITIOMGR           ROMClassicII	7F,10F0
INITMEMMGR          ROMClassicII	7F,11A0
INITRSRCMGR         ROMClassicII	7F,11D0
INITDTQUEUE         ROMClassicII	7F,11F0
INITSLOTS           ROMClassicII	7F,1210
GOOFYDOEJECT        ROMClassicII	7F,1240	 	 #
PATCHSPACE2         ROMClassicII	7F,1250	 	 #
OPENNETBOOTPATCH    ROMClassicII	7F,1250	 	 E
FMCPARITYPATCH      ROMClassicII	7F,1282	 	 E
FLAGSPATCH          ROMClassicII	7F,1292	 	 E
INITEGRETPATCH      ROMClassicII	7F,12A8	 	 E
INITEGRETPATCH1     ROMClassicII	7F,12E0	 	 E
GOTOINITMMU         ROMClassicII	7F,1300	 	 E
CLOSENETBOOTPATCH   ROMClassicII	7F,130A	 	 E
FINDSTARTUPDEVICE   ROMClassicII	7F,1350
GETDEFAULTSTARTUP   ROMClassicII	7F,1390
SETDEFAULTSTARTUP   ROMClassicII	7F,13A0
GETOSDEFAULT        ROMClassicII	7F,13B0
SETOSDEFAULT        ROMClassicII	7F,13C0
GETVIDEODEFAULT     ROMClassicII	7F,13E0
SETVIDEODEFAULT     ROMClassicII	7F,13F0
INTERNALWAIT        ROMClassicII	7F,1400
EMBARKONSEARCH      ROMClassicII	7F,1430	 	 #
WAITFORINTERNAL     ROMClassicII	7F,1460	 	 #
LOADSLOTDRVRS       ROMClassicII	7F,14F0
LOADDRIVERS         ROMClassicII	7F,1560	 	 #
PLANSTRATEGY        ROMClassicII	7F,1590	 	 #
FINDNEXTCANDIDATE   ROMClassicII	7F,15A0	 	 #
NEXTDQENTRY         ROMClassicII	7F,15C0	 	 #
SELECTDEVICE        ROMClassicII	7F,15D0	 	 #
CHECKMOUSEEJECT     ROMClassicII	7F,15F0	 	 #
GETSTARTUPINFO      ROMClassicII	7F,1600	 	 #
REACTTOFAILURE      ROMClassicII	7F,1620	 	 #
VISUALUPDATE        ROMClassicII	7F,1640	 	 #E
ENABLEXFLASH        ROMClassicII	7F,167C	 	 #E
SHOWDEVICEFAIL      ROMClassicII	7F,1690	 	 #
SHOWSUCCESS         ROMClassicII	7F,16A0	 	 #
EJECTME             ROMClassicII	7F,16C0	 	 #
ISREJECT            ROMClassicII	7F,16D0	 	 #
ISITFLOPORDEF       ROMClassicII	7F,16F0	 	 #
ISITFLOPPY          ROMClassicII	7F,1700	 	 #
ISITANYTHING        ROMClassicII	7F,1710	 	 #
NEVERAGAIN          ROMClassicII	7F,1720	 	 #
INBOOTMASK          ROMClassicII	7F,1740	 	 #
HAPPYMAC            ROMClassicII	7F,1750	 	 E
SHOWPLAINDISK       ROMClassicII	7F,175C	 	 #E
SHOWDISKQ           ROMClassicII	7F,1762	 	 #E
SHOWDISKX           ROMClassicII	7F,1768	 	 #E
PLOTMYICON          ROMClassicII	7F,176C	 	 #E
PSHICNRECT          ROMClassicII	7F,177E	 	 #E
PLOTICNN            ROMClassicII	7F,1798	 	 E
ERASEMYICON         ROMClassicII	7F,17DA	 	 E
IGETTIMEOUT         ROMClassicII	7F,1C00	 	 #
ISETTIMEOUT         ROMClassicII	7F,1C10	 	 #
IGETWAITFLAGS       ROMClassicII	7F,1C30	 	 #
ISETWAITFLAGS       ROMClassicII	7F,1C40	 	 #
IDISABLEDYNWAIT     ROMClassicII	7F,1C60	 	 #
IENABLEDYNWAIT      ROMClassicII	7F,1C80	 	 #
IDISABLEPERMWAIT    ROMClassicII	7F,1CA0	 	 #
IENABLEPERMWAIT     ROMClassicII	7F,1CC0	 	 #
GETRAWTIMEOUT       ROMClassicII	7F,1CE0	 	 #
SETRAWTIMEOUT       ROMClassicII	7F,1D00	 	 #
MYBOOT              ROMClassicII	7F,1D10	 	 #
BOOTME              ROMClassicII	7F,1D10	 	 E
CENTERRECT          ROMClassicII	7F,2170
MOUSEINIT           ROMClassicII	7F,21A0
OPENBDRVRS          ROMClassicII	7F,21E0
OPENSLOTS           ROMClassicII	7F,2240
INITEVENTS          ROMClassicII	7F,22E0
CRITERR             ROMClassicII	7F,2310	 	 E
PUTICON             ROMClassicII	7F,2524	 	 E
SYSERRINIT          ROMClassicII	7F,25F0
DEBUGGER            ROMClassicII	7F,2650
DEBUGPROLOG         ROMClassicII	7F,2690	 	 E
TODEEPSHIT          ROMClassicII	7F,26A0
GENEXCPS            ROMClassicII	7F,26F0
IRQEXCEPTION        ROMClassicII	7F,2708	 	 E
NMIEXCP             ROMClassicII	7F,270A	 	 E
SYSTEMERROR         ROMClassicII	7F,2720
SYSERR1             ROMClassicII	7F,2726	 	 E
SYSERR2             ROMClassicII	7F,2736	 	 E
ALLOCFAKERGNS       ROMClassicII	7F,27C0	 	 E
DSERRORHANDLER      ROMClassicII	7F,280E	 	 E
UNIVERSAL           ROMClassicII	7F,2E00
JUMPINTOROM         ROMClassicII	7F,2E00	 	 E
INITVIAS            ROMClassicII	7F,2E8C	 	 E
GETHARDWAREINFO     ROMClassicII	7F,2F18	 	 E
CHECKFOREAGLEDECODER ROMClassicII	7F,3D64	 	 E
MMUSTUFF            ROMClassicII	7F,3E00	 	 #
INITMMUTRAP         ROMClassicII	7F,3E00	 	 E
INITMMUGLOBALS      ROMClassicII	7F,3E0C	 	 E
MMUCLEANUPFOR8MB    ROMClassicII	7F,3E60	 	 E
IOPMGR              ROMClassicII	7F,4CC0
IOPINFOACCESS       ROMClassicII	7F,4CC0	 	 E
IOPMSGREQUEST       ROMClassicII	7F,4DE4	 	 E
IOPMOVEDATA         ROMClassicII	7F,4ED2	 	 E
IOPINTERRUPT        ROMClassicII	7F,5036	 	 E
MOVEREQHANDLER      ROMClassicII	7F,51F8	 	 E
INITIOPMGR          ROMClassicII	7F,5218	 	 E
SCCIOPBYPASS        ROMClassicII	7F,52DC	 	 E
SCCIOPHWINIT        ROMClassicII	7F,5324	 	 E
HWPRIVPROC          ROMClassicII	7F,5430	 	 #
HWPRIV              ROMClassicII	7F,5448	 	 E
ENABLEEXTCACHE      ROMClassicII	7F,54BA	 	 E
MEMORYDPROC         ROMClassicII	7F,5520	 	 #
MEMORYDISPATCH      ROMClassicII	7F,5538	 	 E
READSLOTBYTE        ROMClassicII	7F,5890
READSLOTWORD        ROMClassicII	7F,58B0
READSLOTLONG        ROMClassicII	7F,58D0
GETCSTRING          ROMClassicII	7F,58F0	 	 E
GETSLOTBLOCK        ROMClassicII	7F,5980	 	 E
FINDSLOTSTRUCT      ROMClassicII	7F,59D0	 	 E
READSLOTSTRUCT      ROMClassicII	7F,59E0	 	 E
READSLOTINFO        ROMClassicII	7F,5A70
SLOTDISPOSPTR       ROMClassicII	7F,5AA0
READSLOTDRVRNAME    ROMClassicII	7F,5AC0
FINDDEVBASE         ROMClassicII	7F,5B40	 	 E
CARDCHANGED         ROMClassicII	7F,5BF0	 	 E
SLOTEXEC            ROMClassicII	7F,5C10
CALCSPOINTER        ROMClassicII	7F,5C80
GETSLOTDRVR         ROMClassicII	7F,5D10
STARTSDECLMGR       ROMClassicII	7F,5DE0	 	 E
INITSLOTMGR         ROMClassicII	7F,5E20	 	 E
INITSRSRCTABLE      ROMClassicII	7F,60A0	 	 E
INITPRAMRECS        ROMClassicII	7F,61A0	 	 E
PRIMARYINITRTN      ROMClassicII	7F,624A	 	 E
SECONDARY_INIT      ROMClassicII	7F,62BC	 	 E
SLOTPRAM            ROMClassicII	7F,63B0	 	 #
READSLOTPRAM        ROMClassicII	7F,63B0	 	 E
PUTSLOTPRAM         ROMClassicII	7F,63B8	 	 E
INITSLOTPRAM        ROMClassicII	7F,63C2	 	 E
FINDSINFORECPTR     ROMClassicII	7F,6440	 	 E
FINDSRSRCPTR        ROMClassicII	7F,6460	 	 E
GETSRSRCPTR         ROMClassicII	7F,6468	 	 E
PTRTOSLOT           ROMClassicII	7F,6480	 	 E
READFHEADER         ROMClassicII	7F,64D0	 	 E
CKCARDSTAT          ROMClassicII	7F,6520	 	 E
SLOTVERSION         ROMClassicII	7F,6540	 	 E
NEXTSRSRC           ROMClassicII	7F,6550	 	 E
GETSRSRC            ROMClassicII	7F,655A	 	 E
NEXTTYPESRSRC       ROMClassicII	7F,6580	 	 E
GETTYPESRSRC        ROMClassicII	7F,6584	 	 E
UPDATESRT           ROMClassicII	7F,6600	 	 E
INSERTSRT           ROMClassicII	7F,660C	 	 E
SEARCHSRT           ROMClassicII	7F,668A	 	 E
FINDSRTREC          ROMClassicII	7F,669C	 	 E
DELETESRTREC        ROMClassicII	7F,670C	 	 E
SLOTRSRCINFO        ROMClassicII	7F,67A8	 	 E
GETSRSRCINFO        ROMClassicII	7F,67AC	 	 E
SETSRSRCSTATE       ROMClassicII	7F,67D0	 	 E
PNEWSRTENTRY        ROMClassicII	7F,680A	 	 E
PINITENTRY          ROMClassicII	7F,6882	 	 E
PALLOCSRTBLK        ROMClassicII	7F,695C	 	 E
PSRTOSPBLOCK        ROMClassicII	7F,69C4	 	 E
CALCSTEP            ROMClassicII	7F,6A20	 	 E
OFFSETDATA          ROMClassicII	7F,6B50	 	 E
READPBSIZE          ROMClassicII	7F,6BE0	 	 E
PREAD4BYTES         ROMClassicII	7F,6C50	 	 E
PBUSEXCEPTION       ROMClassicII	7F,6CB0	 	 E
PINSTALLBUS         ROMClassicII	7F,6CFA	 	 E
PRESTOREBUS         ROMClassicII	7F,6D24	 	 E
PRIMARY_INIT        ROMClassicII	7F,6D46	 	 E
INITJMPTBL          ROMClassicII	7F,6D60	 	 E
SLOTMANAGER         ROMClassicII	7F,6E16	 	 E
SINTCORE            ROMClassicII	7F,6E30
SINTINSTALL         ROMClassicII	7F,6E56	 	 E
SINTREMOVE          ROMClassicII	7F,6E7A	 	 E
VIA2SLOTINT         ROMClassicII	7F,6E98	 	 E
SLOTINT             ROMClassicII	7F,6E98	 	 E
RBVSLOTINT          ROMClassicII	7F,6EAA	 	 E
OSSSLOTINT          ROMClassicII	7F,6EC0	 	 E
INITSDTBL           ROMClassicII	7F,6F94	 	 E
INITSPTBL           ROMClassicII	7F,6FB4	 	 E
SYSTEMBEEP          ROMClassicII	7F,6FC0	 	 E
ORIGBOOTBEEP        ROMClassicII	7F,7040	 	 E
ORIGBOOTBEEP6       ROMClassicII	7F,7052	 	 E
ORIGERRORBEEP1      ROMClassicII	7F,7058	 	 E
ORIGERRORBEEP2      ROMClassicII	7F,705E	 	 E
ORIGERRORBEEP3      ROMClassicII	7F,7064	 	 E
ORIGERRORBEEP4      ROMClassicII	7F,706A	 	 E
SCSIBOOTS           ROMClassicII	7F,71F0
SCSILOAD            ROMClassicII	7F,71F0	 	 E
SCSIOLD             ROMClassicII	7F,7460
SCSIMGR             ROMClassicII	7F,7460	 	 E
UNIMPLEMENTED       ROMClassicII	7F,7488	 	 E
DOSCSISTAT          ROMClassicII	7F,748E	 	 E
DOSCSIRESET         ROMClassicII	7F,74B2	 	 E
DOSCSIGET           ROMClassicII	7F,74DC	 	 E
DOSCSISELATN        ROMClassicII	7F,752C	 	 E
DOSCSISELECT        ROMClassicII	7F,752C	 	 E
DOSCSICMD           ROMClassicII	7F,7554	 	 E
NEWSCSIWBLIND       ROMClassicII	7F,7574	 	 E
NEWSCSIWRITE        ROMClassicII	7F,7578	 	 E
NEWSCSIRBLIND       ROMClassicII	7F,757C	 	 E
NEWSCSIREAD         ROMClassicII	7F,7580	 	 E
DOSCSICOMPLETE      ROMClassicII	7F,7632	 	 E
DOSCSIMSGIN         ROMClassicII	7F,7690	 	 E
DOSCSIMSGOUT        ROMClassicII	7F,76A4	 	 E
SCSINEW             ROMClassicII	7F,7940
NEWSCSITRAP         ROMClassicII	7F,7940	 	 E
ALTBUSCALL          ROMClassicII	7F,797A	 	 E
DOREQUESTIO         ROMClassicII	7F,799C	 	 E
DOKILLIO            ROMClassicII	7F,79C2	 	 E
DOBUSINFO           ROMClassicII	7F,79CC	 	 E
RESETBUS            ROMClassicII	7F,7A04	 	 E
ENDEQUEUE           ROMClassicII	7F,7A78	 	 E
LOGERROR            ROMClassicII	7F,7B06	 	 E
CLEARSTATE          ROMClassicII	7F,7B1E	 	 E
CLEARBUS            ROMClassicII	7F,7C1C	 	 E
MESSAGE             ROMClassicII	7F,7C34	 	 E
PREFLIGHT           ROMClassicII	7F,7C86	 	 E
SETUP               ROMClassicII	7F,7D84	 	 E
FIND                ROMClassicII	7F,7DC6	 	 E
SETTIMER            ROMClassicII	7F,7E3C	 	 E
TIMETASK            ROMClassicII	7F,7E54	 	 E
SCSIDT              ROMClassicII	7F,7ECC	 	 E
COMMAND             ROMClassicII	7F,8236	 	 E
STATUSPHASE         ROMClassicII	7F,82AC	 	 E
MSGIN               ROMClassicII	7F,82F8	 	 E
MSGINVALIDIN        ROMClassicII	7F,835C	 	 E
MSGIDENTIFYIN       ROMClassicII	7F,8374	 	 E
MSGCMDCOMPLETE      ROMClassicII	7F,83C0	 	 E
MSGSAVEDATAPTR      ROMClassicII	7F,8582	 	 E
MSGRESTOREPTRS      ROMClassicII	7F,85B2	 	 E
MSGDISCONNECT       ROMClassicII	7F,85EC	 	 E
MSGMSGREJIN         ROMClassicII	7F,8612	 	 E
MSGLCCF             ROMClassicII	7F,8668	 	 E
MSGOUT              ROMClassicII	7F,86D6	 	 E
MSGIDENTIFYOUT      ROMClassicII	7F,871E	 	 E
MSGMSGREJOUT        ROMClassicII	7F,8764	 	 E
MSGINVALIDOUT       ROMClassicII	7F,8790	 	 E
MSGBUSDEVRST        ROMClassicII	7F,87E0	 	 E
MSGKILLIO           ROMClassicII	7F,87E2	 	 E
MSGNOOP             ROMClassicII	7F,883A	 	 E
DATAIO              ROMClassicII	7F,8858	 	 E
DATADMA             ROMClassicII	7F,8978	 	 E
SCSIHW              ROMClassicII	7F,8A50
CLEARIRQ            ROMClassicII	7F,8A50	 	 E
DISENABLE           ROMClassicII	7F,8A58	 	 E
BUSERRHANDLER       ROMClassicII	7F,8A64	 	 E
ARB                 ROMClassicII	7F,8AA8	 	 E
SEL                 ROMClassicII	7F,8B4C	 	 E
DELAY22             ROMClassicII	7F,8BEA	 	 E
SCSIINTHND          ROMClassicII	7F,8BFC	 	 E
TRANSFER            ROMClassicII	7F,8CFA	 	 E
SLOWREAD            ROMClassicII	7F,8D3A	 	 E
SLOWWRITE           ROMClassicII	7F,8D94	 	 E
VFASTWRITEOSS       ROMClassicII	7F,8E3A	 	 E
PFASTWRITEOSS       ROMClassicII	7F,8EB4	 	 E
PFASTWRITE          ROMClassicII	7F,8F52	 	 E
VFASTWRITE          ROMClassicII	7F,8F54	 	 E
FASTWRITE           ROMClassicII	7F,8F54	 	 E
FASTWRITEOSS        ROMClassicII	7F,9042	 	 E
VFASTREADOSS        ROMClassicII	7F,9156	 	 E
DMAPENDINGPATCH     ROMClassicII	7F,919C	 	 E
PFASTREADOSS        ROMClassicII	7F,91D0	 	 E
PFASTREAD           ROMClassicII	7F,924C	 	 E
VFASTREAD           ROMClassicII	7F,924E	 	 E
FASTREAD            ROMClassicII	7F,924E	 	 E
FASTREADOSS         ROMClassicII	7F,92EA	 	 E
SLOWCOMP            ROMClassicII	7F,93CE	 	 E
FASTCOMP            ROMClassicII	7F,9434	 	 E
SCSIINIT            ROMClassicII	7F,9490
INITSCSIMGR         ROMClassicII	7F,9490	 	 E
SCSISETFLAGS        ROMClassicII	7F,97E0
CACHEPROC           ROMClassicII	7F,9830
CACHETRAP           ROMClassicII	7F,9840	 	 E
QSTUFF              ROMClassicII	7F,9930
ENQUEUE             ROMClassicII	7F,9930	 	 E
DEQUEUE             ROMClassicII	7F,9956	 	 E
INITQUEUE           ROMClassicII	7F,999E	 	 E
DISPATCHER          ROMClassicII	7F,99B0
EMT1010             ROMClassicII	7F,99B0	 	 E
GETTRAPADDRESS      ROMClassicII	7F,9A66	 	 E
SETTRAPADDRESS      ROMClassicII	7F,9A6E	 	 E
CACHEFLUSH          ROMClassicII	7F,9A76	 	 E
VCACHEFLUSH         ROMClassicII	7F,9A7C	 	 E
INITDISPATCHER      ROMClassicII	7F,9A96	 	 E
BADTRAP             ROMClassicII	7F,9AE6	 	 E
INTHND              ROMClassicII	7F,9B00
SCCIOPBYPASSINT     ROMClassicII	7F,9D00	 	 E
POWEROFF            ROMClassicII	7F,9E16	 	 E
POWEROFFCONT        ROMClassicII	7F,9E22	 	 E
INITINTHANDLER      ROMClassicII	7F,9E56	 	 E
DISABLEINTSOURCES   ROMClassicII	7F,9F4C	 	 E
ENABLE60HZINTS      ROMClassicII	7F,9F9A	 	 E
ENABLESLOTINTS      ROMClassicII	7F,9FC6	 	 E
ENABLESWIMIOPINTS   ROMClassicII	7F,9FEE	 	 E
ENABLEASCINTS       ROMClassicII	7F,A00E	 	 E
DISABLEASCINTS      ROMClassicII	7F,A02E	 	 E
CLEARASCINT         ROMClassicII	7F,A04C	 	 E
ENABLESCSIINTS      ROMClassicII	7F,A062	 	 E
DISABLESCSIINTS     ROMClassicII	7F,A094	 	 E
CLEARSCSIINT        ROMClassicII	7F,A0C4	 	 E
DEBUGUTIL           ROMClassicII	7F,A0F0	 	 E
ENABLEPARITYINTS    ROMClassicII	7F,A182	 	 E
DTCORE              ROMClassicII	7F,A1D0
DTINSTALL           ROMClassicII	7F,A1D0	 	 E
DISPTCHTSK          ROMClassicII	7F,A1E8	 	 E
VDISPTCH            ROMClassicII	7F,A1EE	 	 E
VBLCORE             ROMClassicII	7F,A230
VINSTALL            ROMClassicII	7F,A230	 	 E
VREMOVE             ROMClassicII	7F,A280	 	 E
VBLINT              ROMClassicII	7F,A296	 	 E
SLOTVINSTALL        ROMClassicII	7F,A312	 	 E
SLOTVREMOVE         ROMClassicII	7F,A318	 	 E
ATTACHVBL           ROMClassicII	7F,A328	 	 E
DOVBLTASK           ROMClassicII	7F,A332	 	 E
INITVBLQS           ROMClassicII	7F,A350	 	 E
KBDMNGR             ROMClassicII	7F,A360
COUNTADBS           ROMClassicII	7F,A360	 	 E
GETINDADB           ROMClassicII	7F,A37A	 	 E
GETADBINFO          ROMClassicII	7F,A3A6	 	 E
SETADBINFO          ROMClassicII	7F,A3AC	 	 E
ADBOP               ROMClassicII	7F,A3DC	 	 E
EXPLICITREQUESTDONE ROMClassicII	7F,A45E	 	 E
IMPLICITREQUESTDONE ROMClassicII	7F,A494	 	 E
ADBREINIT           ROMClassicII	7F,A752	 	 E
ADBPROC             ROMClassicII	7F,A776	 	 E
INITADBDRVR         ROMClassicII	7F,A7B0	 	 E
INITADB             ROMClassicII	7F,A802	 	 E
RSETKMAP            ROMClassicII	7F,AA84	 	 E
KEYTRANS            ROMClassicII	7F,AD7A	 	 E
TIMEMGR             ROMClassicII	7F,AE90
RMVTIME             ROMClassicII	7F,AE90	 	 E
INSTIME             ROMClassicII	7F,AEEC	 	 E
PRIMETIME           ROMClassicII	7F,AF1A	 	 E
INITTIMEMGR         ROMClassicII	7F,B0C6	 	 E
CLOCK               ROMClassicII	7F,B140
ONESECINT           ROMClassicII	7F,B140	 	 E
CLKRW               ROMClassicII	7F,B16A	 	 E
READXPRAM           ROMClassicII	7F,B186	 	 E
WRITEXPRAM          ROMClassicII	7F,B190	 	 E
XPRAMCONT           ROMClassicII	7F,B1AE	 	 E
XPRAMEXIT1          ROMClassicII	7F,B1DA	 	 E
CLKNOMEM            ROMClassicII	7F,B1E4	 	 E
VALIDATEPRAM        ROMClassicII	7F,B27C	 	 E
VALIDATEPRAMCONT    ROMClassicII	7F,B288	 	 E
EVENTS              ROMClassicII	7F,B3A0
POSTEVENT           ROMClassicII	7F,B3A0	 	 E
OSEVENTAVAIL        ROMClassicII	7F,B418	 	 E
GETOSEVENT          ROMClassicII	7F,B4A2	 	 E
FLUSHEVENTS         ROMClassicII	7F,B4CC	 	 E
IOCORE              ROMClassicII	7F,B520
FSIODNETBL          ROMClassicII	7F,B520	 	 E
FETCH               ROMClassicII	7F,B526	 	 E
STASH               ROMClassicII	7F,B56A	 	 E
IODONE              ROMClassicII	7F,B572	 	 E
VGODRIVER           ROMClassicII	7F,B656	 	 E
OPENPATCHRTN        ROMClassicII	7F,B75C	 	 E
OPENPATCHRTN1       ROMClassicII	7F,B760	 	 E
OPEN                ROMClassicII	7F,B766	 	 E
CLOSE               ROMClassicII	7F,BAAA	 	 E
VWAITUNTIL          ROMClassicII	7F,BACC	 	 E
READ                ROMClassicII	7F,BB1C	 	 E
VSYNCWAIT           ROMClassicII	7F,BB8C	 	 E
WRITE               ROMClassicII	7F,BB9A	 	 E
CONTROL             ROMClassicII	7F,BBAE	 	 E
STATUS              ROMClassicII	7F,BBBE	 	 E
KILLIO              ROMClassicII	7F,BBE4	 	 E
DRVRINSTALL         ROMClassicII	7F,BC38	 	 E
DRVRREMOVE          ROMClassicII	7F,BC96	 	 E
ADDDRIVE            ROMClassicII	7F,BCC6	 	 E
LOADER              ROMClassicII	7F,BCE0
LOADSEG             ROMClassicII	7F,BCE0	 	 E
UNLOADSEG           ROMClassicII	7F,BD72	 	 E
APPZONEADDR         ROMClassicII	7F,BDBA	 	 E
FLUSHAPPLVBLS       ROMClassicII	7F,BDDC	 	 E
CHAIN               ROMClassicII	7F,BE04	 	 E
LAUNCH              ROMClassicII	7F,BE0A	 	 E
VSEGSTACK           ROMClassicII	7F,BF06	 	 E
EXITTOSHELL         ROMClassicII	7F,BF54	 	 E
VLAUNCHINIT         ROMClassicII	7F,BF8E	 	 E
GETAPPPARMS         ROMClassicII	7F,BFC0	 	 E
INSTALLRDRIVERS     ROMClassicII	7F,BFDC	 	 E
SGLDREND            ROMClassicII	7F,C03E	 	 E
SYSUTIL             ROMClassicII	7F,C040
ASYNCPATCH          ROMClassicII	7F,C040	 	 E
READPARAM           ROMClassicII	7F,C042	 	 E
WRITEPARAM          ROMClassicII	7F,C05C	 	 E
READDATETIME        ROMClassicII	7F,C07C	 	 E
SETDATETIME         ROMClassicII	7F,C086	 	 E
DELAY               ROMClassicII	7F,C08E	 	 E
LWRSTRING           ROMClassicII	7F,C0A0	 	 E
UPRSTRING           ROMClassicII	7F,C108	 	 E
CMPSTRING           ROMClassicII	7F,C11E	 	 E
RELSTRING           ROMClassicII	7F,C134	 	 E
READPRAM            ROMClassicII	7F,C5A8	 	 E
READPRAMPATCHRTN    ROMClassicII	7F,C5B2	 	 E
INITUTIL            ROMClassicII	7F,C5CC	 	 E
PRAMINIT            ROMClassicII	7F,C676	 	 E
PRAMINITTBL         ROMClassicII	7F,C68A	 	 E
WRITETIMEPATCHRTN   ROMClassicII	7F,C6DE	 	 E
WPON                ROMClassicII	7F,C70A	 	 E
WPOFF               ROMClassicII	7F,C712	 	 E
WRITEPRAMPATCHRTN   ROMClassicII	7F,C724	 	 E
SYSENVIRONS         ROMClassicII	7F,C750
INITRELIABILITY     ROMClassicII	7F,C860
RELTIMETASK         ROMClassicII	7F,C8E0
BLOCKMOVES          ROMClassicII	7F,C920
BLOCKMOVE68020      ROMClassicII	7F,CA10	 	 E
BLOCKMOVE           ROMClassicII	7F,CA10	 	 E
HEAP                ROMClassicII	7F,CB20
INITMEMVECT         ROMClassicII	7F,CC60	 	 E
SETAPPLBASE         ROMClassicII	7F,CCFE	 	 E
INITAPPLZONE        ROMClassicII	7F,CD52	 	 E
VIAZINIT            ROMClassicII	7F,CDE4	 	 E
VIAZPOSTINIT        ROMClassicII	7F,CEFE	 	 E
INITZONE            ROMClassicII	7F,CF08	 	 E
GETZONE             ROMClassicII	7F,D068	 	 E
SETZONE             ROMClassicII	7F,D07A	 	 E
MAXBLOCK            ROMClassicII	7F,D08C	 	 E
COMPACTMEM          ROMClassicII	7F,D0A8	 	 E
PURGEMEM            ROMClassicII	7F,D11A	 	 E
PURGESPACE          ROMClassicII	7F,D158	 	 E
FREEMEM             ROMClassicII	7F,D174	 	 E
RESRVMEM            ROMClassicII	7F,D18A	 	 E
MAXMEM              ROMClassicII	7F,D1D2	 	 E
SETGROWZONE         ROMClassicII	7F,D23E	 	 E
SETAPPLLIMIT        ROMClassicII	7F,D254	 	 E
STACKSPACE          ROMClassicII	7F,D2BE	 	 E
MAXAPPLZONE         ROMClassicII	7F,D2DC	 	 E
NEWPTR              ROMClassicII	7F,D360	 	 E
DISPOSEPTR          ROMClassicII	7F,D3A0	 	 E
GETPTRSIZE          ROMClassicII	7F,D3CC	 	 E
SETPTRSIZE          ROMClassicII	7F,D3E4	 	 E
PTRZONE             ROMClassicII	7F,D3FC	 	 E
NEWEMPTYHANDLE      ROMClassicII	7F,D422	 	 E
NWHANDLE            ROMClassicII	7F,D448	 	 E
DSPOSEHANDLE        ROMClassicII	7F,D484	 	 E
GETHANDLESIZE       ROMClassicII	7F,D4B4	 	 E
SETHANDLESIZE       ROMClassicII	7F,D4D0	 	 E
HANDLEZONE          ROMClassicII	7F,D4F2	 	 E
RECOVERHANDLE       ROMClassicII	7F,D504	 	 E
EMPTYHANDLE         ROMClassicII	7F,D574	 	 E
REALLOCHANDLE       ROMClassicII	7F,D59A	 	 E
HLOCK               ROMClassicII	7F,D628	 	 E
HUNLOCK             ROMClassicII	7F,D64E	 	 E
HPURGE              ROMClassicII	7F,D670	 	 E
HNOPURGE            ROMClassicII	7F,D68E	 	 E
HRSRC               ROMClassicII	7F,D6B6	 	 E
HNORSRC             ROMClassicII	7F,D6D4	 	 E
HGETFLAGS           ROMClassicII	7F,D6F2	 	 E
HSETFLAGS           ROMClassicII	7F,D718	 	 E
MOREMASTERS         ROMClassicII	7F,D734	 	 E
STRIPADDRESS        ROMClassicII	7F,D764	 	 E
MOVEHHI             ROMClassicII	7F,D772	 	 E
HEAPGUTS            ROMClassicII	7F,DB50
MMPPROLOGUE         ROMClassicII	7F,DC2E	 	 E
MMHPROLOGUE         ROMClassicII	7F,DC6E	 	 E
MMNOPROLOGUE        ROMClassicII	7F,DCE4	 	 E
MMMMPROLOGUE        ROMClassicII	7F,DD04	 	 E
MMPROLOGUE          ROMClassicII	7F,DD1E	 	 E
MMRHPROLOGUE        ROMClassicII	7F,DD68	 	 E
MMEPILOGUE          ROMClassicII	7F,DDD8	 	 E
MMNOERREPILOGUE     ROMClassicII	7F,DDE4	 	 E
A24MAKEBKF          ROMClassicII	7F,DDEE	 	 E
A32MAKEBKF          ROMClassicII	7F,DDF4	 	 E
A24EH               ROMClassicII	7F,DE4A	 	 E
A32EH               ROMClassicII	7F,DE6A	 	 E
A24PURGEHEAP        ROMClassicII	7F,DEDC	 	 E
A32PURGEHEAP        ROMClassicII	7F,DF70	 	 E
A24TOTEPURGEABLES   ROMClassicII	7F,E002	 	 E
A32TOTEPURGEABLES   ROMClassicII	7F,E042	 	 E
A24BKCOMPACTS       ROMClassicII	7F,E09A	 	 E
A32BKCOMPACTS       ROMClassicII	7F,E0E0	 	 E
A24ALLOCBK          ROMClassicII	7F,E1E6	 	 E
A32ALLOCBK          ROMClassicII	7F,E234	 	 E
A24COMPACTHP        ROMClassicII	7F,E344	 	 E
A32COMPACTHP        ROMClassicII	7F,E3CC	 	 E
TOMAXLIMIT          ROMClassicII	7F,E476	 	 E
A24MAXLIMIT         ROMClassicII	7F,E47E	 	 E
A32MAXLIMIT         ROMClassicII	7F,E498	 	 E
A24ZONEADJUSTEND    ROMClassicII	7F,E4AE	 	 E
A32ZONEADJUSTEND    ROMClassicII	7F,E4D0	 	 E
A24ACTUALS          ROMClassicII	7F,E58E	 	 E
A32ACTUALS          ROMClassicII	7F,E5A2	 	 E
A24GETSIZE          ROMClassicII	7F,E5BA	 	 E
A32GETSIZE          ROMClassicII	7F,E5D2	 	 E
CLEARGZSTUFF        ROMClassicII	7F,E5F2	 	 E
A24SETSIZE          ROMClassicII	7F,E5FC	 	 E
A32SETSIZE          ROMClassicII	7F,E778	 	 E
ADJUSTFREE          ROMClassicII	7F,E91C	 	 E
A24NEXTMASTER       ROMClassicII	7F,E936	 	 E
A32NEXTMASTER       ROMClassicII	7F,E952	 	 E
A24HMAKEMOREMASTERS ROMClassicII	7F,E96E	 	 E
A32HMAKEMOREMASTERS ROMClassicII	7F,E99E	 	 E
RELEASEMP           ROMClassicII	7F,E9D0	 	 E
A24MAKEPTRSPC       ROMClassicII	7F,E9DA	 	 E
A32MAKEPTRSPC       ROMClassicII	7F,EA62	 	 E
A24FREEBK           ROMClassicII	7F,ECBC	 	 E
A32FREEBK           ROMClassicII	7F,ECE8	 	 E
STDGZ               ROMClassicII	7F,ED12	 	 E
MEMMGREND           ROMClassicII	7F,ED66	 	 E
SHUTDOWN            ROMClassicII	7F,ED70
SHUTDOWNDISP        ROMClassicII	7F,ED7E	 	 E
CALLROUTINES        ROMClassicII	7F,EE70	 	 E
TURBOFS             ROMClassicII	7F,EF40
TFSDISPATCH         ROMClassicII	7F,EF40	 	 E
FSQUEUESYNC         ROMClassicII	7F,EF94	 	 E
CMDDONE             ROMClassicII	7F,F04C	 	 E
FINITQUEUE          ROMClassicII	7F,F166	 	 E
DSHOOK              ROMClassicII	7F,F180	 	 E
DOEJECT             ROMClassicII	7F,F334	 	 E
VDOEJECT            ROMClassicII	7F,F334	 	 E
INITFS              ROMClassicII	7F,F368	 	 E
DIVUP               ROMClassicII	7F,F456	 	 E
ROUNDALLOC          ROMClassicII	7F,F46A	 	 E
GETVCBRFN           ROMClassicII	7F,F4AC	 	 E
MARKVCB             ROMClassicII	7F,F524	 	 E
MARKVCBTIME         ROMClassicII	7F,F526	 	 E
FLUSHMDB            ROMClassicII	7F,F534	 	 E
VFLUSHMDB           ROMClassicII	7F,F53A	 	 E
MAKESTKPB           ROMClassicII	7F,F5FC	 	 E
MOUNTVOL            ROMClassicII	7F,F60E	 	 E
VCHECKREMOUNT       ROMClassicII	7F,F824	 	 E
VMTCHECK            ROMClassicII	7F,F9AE	 	 E
VBMCHK              ROMClassicII	7F,FB8A	 	 E
FINDDRIVE           ROMClassicII	7F,FC6C	 	 E
VFINDDRIVE          ROMClassicII	7F,FC72	 	 E
OFFLINE             ROMClassicII	7F,FC98	 	 E
EJECT               ROMClassicII	7F,FD3E	 	 E
UNMOUNTVOL          ROMClassicII	7F,FE18	 	 E
FLUSHVOL            ROMClassicII	7F,FEBE	 	 E
VCKEXTFS            ROMClassicII	7F,FF00	 	 E
VDTRMV3             ROMClassicII	7F,FF10	 	 E
VDTRMV1             ROMClassicII	7F,FF24	 	 E
VDTRMV2             ROMClassicII	7F,1005C	 	 E
GETVOLINFO          ROMClassicII	7F,100F4	 	 E
SETVOLINFO          ROMClassicII	7F,1029C	 	 E
GETVOL              ROMClassicII	7F,10358	 	 E
SETVOL              ROMClassicII	7F,103A0	 	 E
SETDIR              ROMClassicII	7F,103E0	 	 E
GETDIR              ROMClassicII	7F,10414	 	 E
OPENWD              ROMClassicII	7F,10438	 	 E
CLOSEWD             ROMClassicII	7F,104E4	 	 E
GETWDINFO           ROMClassicII	7F,1051E	 	 E
OPENRF              ROMClassicII	7F,108EE	 	 E
FILEOPEN            ROMClassicII	7F,108F8	 	 E
VFILEOPEN           ROMClassicII	7F,108FE	 	 E
VPERMSSNCHK         ROMClassicII	7F,10A7A	 	 E
CREATEDIR           ROMClassicII	7F,10ADE	 	 E
FILECREATE          ROMClassicII	7F,10AEA	 	 E
FILEDELETE          ROMClassicII	7F,10D14	 	 E
RENAME              ROMClassicII	7F,10D94	 	 E
TFMOVE              ROMClassicII	7F,10F50	 	 E
SETFILTYPE          ROMClassicII	7F,11170	 	 E
SETFILLOCK          ROMClassicII	7F,111A8	 	 E
RSTFILLOCK          ROMClassicII	7F,111B2	 	 E
SETFILEINFO         ROMClassicII	7F,111F4	 	 E
SETCATINFO          ROMClassicII	7F,11226	 	 E
VFNDFILNAME         ROMClassicII	7F,112B4	 	 E
GETCATINFO          ROMClassicII	7F,113EE	 	 E
GETFILEINFO         ROMClassicII	7F,11400	 	 E
TFSVCBTST           ROMClassicII	7F,117EA	 	 E
GETFPOS             ROMClassicII	7F,11834	 	 E
SETFPOS             ROMClassicII	7F,11838	 	 E
FILEREAD            ROMClassicII	7F,1183C	 	 E
VFILEREAD           ROMClassicII	7F,11842	 	 E
FILEWRITE           ROMClassicII	7F,11958	 	 E
VFILEWRITE          ROMClassicII	7F,1195E	 	 E
FLUSHFILE           ROMClassicII	7F,11A78	 	 E
FILECLOSE           ROMClassicII	7F,11A82	 	 E
VFILECLOSE          ROMClassicII	7F,11A88	 	 E
VFCLOSE             ROMClassicII	7F,11AA8	 	 E
GETEOF              ROMClassicII	7F,11C74	 	 E
VRFNCALL            ROMClassicII	7F,11C8C	 	 E
VTSTMOD             ROMClassicII	7F,11CD6	 	 E
GETFCBINFO          ROMClassicII	7F,11CEC	 	 E
FILEALLOC           ROMClassicII	7F,11DCA	 	 E
SETEOF              ROMClassicII	7F,11DFA	 	 E
VADJEOF             ROMClassicII	7F,11E6A	 	 E
LG2PHYS             ROMClassicII	7F,11F0E	 	 E
VLG2PHYS            ROMClassicII	7F,11F14	 	 E
VSM                 ROMClassicII	7F,12110
BLKALLOC            ROMClassicII	7F,12110	 	 E
VBLKALLOC           ROMClassicII	7F,12116	 	 E
BLKDEALLOC          ROMClassicII	7F,1226A	 	 E
VBLKDEALLOC         ROMClassicII	7F,12270	 	 E
BLKCHK              ROMClassicII	7F,122B0	 	 E
UPDATEFREE          ROMClassicII	7F,1230A	 	 E
VREADBM             ROMClassicII	7F,1233E	 	 E
FXM                 ROMClassicII	7F,123E0
DEALLOCFILE         ROMClassicII	7F,123E0	 	 E
VDEALLOCFILE        ROMClassicII	7F,123E6	 	 E
EXTENDFILE          ROMClassicII	7F,124B4	 	 E
VEXTENDFILE         ROMClassicII	7F,124BA	 	 E
FXMKEYCMP           ROMClassicII	7F,12630	 	 E
MAPFBLOCK           ROMClassicII	7F,1266E	 	 E
VMAPFBLOCK          ROMClassicII	7F,12674	 	 E
TRUNCATEFILE        ROMClassicII	7F,126F0	 	 E
VTRUNCATEFILE       ROMClassicII	7F,126F6	 	 E
VXFSEARCH           ROMClassicII	7F,12864	 	 E
CMSVCS              ROMClassicII	7F,129B0
CMCREATECN          ROMClassicII	7F,129B0	 	 E
CMDELETECN          ROMClassicII	7F,12AF6	 	 E
CMGETCN             ROMClassicII	7F,12BA2	 	 E
CMGETOFF            ROMClassicII	7F,12BC2	 	 E
CMMOVECN            ROMClassicII	7F,12C26	 	 E
CMRENAMECN          ROMClassicII	7F,12DCC	 	 E
CMUPDATECN          ROMClassicII	7F,12ED4	 	 E
VCMSETUP            ROMClassicII	7F,12F0C	 	 E
CMMAINT             ROMClassicII	7F,12F40
BUILDKEY            ROMClassicII	7F,12F40	 	 E
CMFLUSH             ROMClassicII	7F,12F6E	 	 E
CMKEYCMP            ROMClassicII	7F,12FA2	 	 E
LOCCNODE            ROMClassicII	7F,12FDE	 	 E
LOCCREC             ROMClassicII	7F,12FFE	 	 E
VLOCCREC            ROMClassicII	7F,13004	 	 E
UPDCNAME            ROMClassicII	7F,1302C	 	 E
BTSVCS              ROMClassicII	7F,13050
BTCLOSE             ROMClassicII	7F,13050	 	 E
VBTCLOSE            ROMClassicII	7F,13056	 	 E
BTDELETE            ROMClassicII	7F,13090	 	 E
VBTDELETE           ROMClassicII	7F,13096	 	 E
BTFLUSH             ROMClassicII	7F,13242	 	 E
VBTFLUSH            ROMClassicII	7F,13248	 	 E
BTGETRECORD         ROMClassicII	7F,132A6	 	 E
VBTGETRECORD        ROMClassicII	7F,132AC	 	 E
BTINSERT            ROMClassicII	7F,1335E	 	 E
VBTINSERT           ROMClassicII	7F,13364	 	 E
BTOPEN              ROMClassicII	7F,135FE	 	 E
VBTOPEN             ROMClassicII	7F,13604	 	 E
BTSEARCH            ROMClassicII	7F,136B6	 	 E
VBTSEARCH           ROMClassicII	7F,136BC	 	 E
BTUPDATE            ROMClassicII	7F,13740	 	 E
VBTUPDATE           ROMClassicII	7F,13746	 	 E
BTALLOC             ROMClassicII	7F,137B0
ALLOCNODE           ROMClassicII	7F,137B0	 	 E
VALLOCNODE          ROMClassicII	7F,137B6	 	 E
EXTBTFILE           ROMClassicII	7F,13846	 	 E
VEXTBTFILE          ROMClassicII	7F,1384C	 	 E
FREENODE            ROMClassicII	7F,13934	 	 E
VFREENODE           ROMClassicII	7F,1393A	 	 E
VUPDALTMDB          ROMClassicII	7F,139EC	 	 E
BTMAINT1            ROMClassicII	7F,13AE0
ROTATELT            ROMClassicII	7F,13AE0	 	 E
SPLITLT             ROMClassicII	7F,13BD0	 	 E
TREESEARCH          ROMClassicII	7F,13C5A	 	 E
VTREESEARCH         ROMClassicII	7F,13C60	 	 E
BTMAINT2            ROMClassicII	7F,13D20
BUILDIREC           ROMClassicII	7F,13D20	 	 E
CHKNODE             ROMClassicII	7F,13D42	 	 E
CLRNODE             ROMClassicII	7F,13DC6	 	 E
DELETEREC           ROMClassicII	7F,13DE2	 	 E
GETLTSIB            ROMClassicII	7F,13E32	 	 E
GETRTSIB            ROMClassicII	7F,13E3C	 	 E
GETMAXKEY           ROMClassicII	7F,13E6C	 	 E
GETNODE             ROMClassicII	7F,13E78	 	 E
VGETNODE            ROMClassicII	7F,13E7E	 	 E
GETNODESIZ          ROMClassicII	7F,13EB2	 	 E
GETOFFSET           ROMClassicII	7F,13ECA	 	 E
GETRECA             ROMClassicII	7F,13EE2	 	 E
INITNODE            ROMClassicII	7F,13EFE	 	 E
INSERTREC           ROMClassicII	7F,13F30	 	 E
LOCBTCB             ROMClassicII	7F,13FA2	 	 E
LOCREC              ROMClassicII	7F,13FAC	 	 E
LOCTPR              ROMClassicII	7F,13FDE	 	 E
MOVOFFLT            ROMClassicII	7F,13FEE	 	 E
MOVOFFRT            ROMClassicII	7F,13FFE	 	 E
MOVRECLT            ROMClassicII	7F,14014	 	 E
MOVRECRT            ROMClassicII	7F,1402A	 	 E
RELNODE             ROMClassicII	7F,14044	 	 E
VRELNODE            ROMClassicII	7F,1404A	 	 E
SEARCHNODE          ROMClassicII	7F,1405E	 	 E
UPDDREC             ROMClassicII	7F,140BA	 	 E
UPDIKEY             ROMClassicII	7F,140DC	 	 E
CACHE               ROMClassicII	7F,14110
FLUSHCACHE          ROMClassicII	7F,1413A	 	 E
VFLUSHCACHE         ROMClassicII	7F,14140	 	 E
GETBLOCK            ROMClassicII	7F,14224	 	 E
VGETBLOCK           ROMClassicII	7F,1422A	 	 E
INITCACHE           ROMClassicII	7F,1440C	 	 E
MARKBLOCK           ROMClassicII	7F,14466	 	 E
VMARKBLOCK          ROMClassicII	7F,1446C	 	 E
MARKA5BLOCK         ROMClassicII	7F,14474	 	 E
RELBLOCK            ROMClassicII	7F,1447C	 	 E
VRELBLOCK           ROMClassicII	7F,14482	 	 E
TRASHVBLKS          ROMClassicII	7F,144CE	 	 E
VTRASHVBLKS         ROMClassicII	7F,144D4	 	 E
TRASHFBLOCKS        ROMClassicII	7F,144FC	 	 E
TRASHBLOCKS         ROMClassicII	7F,14506	 	 E
VTRASHBLOCKS        ROMClassicII	7F,1455A	 	 E
CACHERDIP           ROMClassicII	7F,1459C	 	 E
VCACHERDIP          ROMClassicII	7F,145A2	 	 E
CACHEWRIP           ROMClassicII	7F,145C8	 	 E
VCACHEWRIP          ROMClassicII	7F,145CE	 	 E
CACHEIO             ROMClassicII	7F,14620
READOWNBUF          ROMClassicII	7F,14620	 	 E
READBLOCK           ROMClassicII	7F,14620	 	 E
WRITEOWNBUF         ROMClassicII	7F,1462A	 	 E
WRITEBLOCK          ROMClassicII	7F,14632	 	 E
VBASICIO            ROMClassicII	7F,1468C	 	 E
RDBLOCKS            ROMClassicII	7F,14700	 	 E
VRDBLOCKS           ROMClassicII	7F,14706	 	 E
WRBLOCKS            ROMClassicII	7F,1474E	 	 E
VWRBLOCKS           ROMClassicII	7F,14754	 	 E
VSETUPTAGS          ROMClassicII	7F,14766	 	 E
EGRETMGR            ROMClassicII	7F,147C0
INITEGRET           ROMClassicII	7F,147C0	 	 E
INITEGRETALT        ROMClassicII	7F,147C4	 	 E
EGRETDISPATCH       ROMClassicII	7F,14800	 	 E
EGRETINIT           ROMClassicII	7F,14C4C	 	 E
SENDEGRETCMD        ROMClassicII	7F,14CC8	 	 E
EGRETPATCHES        ROMClassicII	7F,150F0
STARTREQEGRET       ROMClassicII	7F,150F0	 	 E
XPRAMPATCH          ROMClassicII	7F,15204	 	 E
VALIDATEPRAMPATCH   ROMClassicII	7F,15274	 	 E
READPRAMBYTE        ROMClassicII	7F,15308	 	 E
POWEROFFPATCH       ROMClassicII	7F,15454	 	 E
EGRETPOWEROFF       ROMClassicII	7F,15466	 	 E
ENABLEONESECINTS    ROMClassicII	7F,154C4	 	 E
STARTEGRET1SECIRQ   ROMClassicII	7F,154D2	 	 E
DEBUGENTERCONT      ROMClassicII	7F,15504	 	 E
DEBUGEXITCONT       ROMClassicII	7F,1553C	 	 E
READPRAMPATCH       ROMClassicII	7F,1557A	 	 E
READTIMEPATCH       ROMClassicII	7F,155EC	 	 E
WRITETIMEPATCH      ROMClassicII	7F,1564E	 	 E
WRITEPRAMPATCH      ROMClassicII	7F,1569E	 	 E
MISCMGR             ROMClassicII	7F,159D0
GETKEYS             ROMClassicII	7F,159D0	 	 E
BUTTON              ROMClassicII	7F,159EC	 	 E
TICKCOUNT           ROMClassicII	7F,159FE	 	 E
GETMOUSE            ROMClassicII	7F,15A40	 	 E
STILLDOWN           ROMClassicII	7F,15A56	 	 E
WAITMOUSEUP         ROMClassicII	7F,15A7E	 	 E
EVENTAVAIL          ROMClassicII	7F,15A9C	 	 E
GETNEXTEVENT        ROMClassicII	7F,15AA0	 	 E
WAITNEXTEVENT       ROMClassicII	7F,15CD0
CMGR                ROMClassicII	7F,15D50
NEWCONTROL          ROMClassicII	7F,15D50	 	 E
GETCVARIANT         ROMClassicII	7F,15E84	 	 E
DISPOSECONTROL      ROMClassicII	7F,15EF8	 	 E
KILLCONTROLS        ROMClassicII	7F,15F78	 	 E
DRAWONECONTROL      ROMClassicII	7F,15F8A	 	 E
SHOWCONTROL         ROMClassicII	7F,15F9A	 	 E
HIDECONTROL         ROMClassicII	7F,15FB8	 	 E
MOVECONTROL         ROMClassicII	7F,15FCC	 	 E
GETCREFCON          ROMClassicII	7F,1600A	 	 E
SETCREFCON          ROMClassicII	7F,16018	 	 E
GETCTLACTION        ROMClassicII	7F,16028	 	 E
SETCTLACTION        ROMClassicII	7F,1602C	 	 E
SIZECONTROL         ROMClassicII	7F,16030	 	 E
HILITECONTROL       ROMClassicII	7F,16058	 	 E
GETCTITLE           ROMClassicII	7F,16084	 	 E
SETCTITLE           ROMClassicII	7F,1609C	 	 E
GETCTLVALUE         ROMClassicII	7F,160DE	 	 E
GETCTLMIN           ROMClassicII	7F,160EC	 	 E
GETCTLMAX           ROMClassicII	7F,160F0	 	 E
SETCTLVALUE         ROMClassicII	7F,160F4	 	 E
SETCTLMIN           ROMClassicII	7F,16136	 	 E
SETCTLMAX           ROMClassicII	7F,1613A	 	 E
TESTCONTROL         ROMClassicII	7F,1613E	 	 E
DRAGCONTROL         ROMClassicII	7F,1616C	 	 E
TRACKCONTROL        ROMClassicII	7F,16236	 	 E
UPDTCONTROLS        ROMClassicII	7F,16324	 	 E
DRAWCONTROLS        ROMClassicII	7F,16334	 	 E
FINDCONTROL         ROMClassicII	7F,163BC	 	 E
CMGREND             ROMClassicII	7F,1642A	 	 E
_FC2X               ROMClassicII	7F,16430	 	 #
_fprocENTRYsp       ROMClassicII	7F,16480	 	 #
_fprocEXITsp        ROMClassicII	7F,164B0	 	 #
GESTALTTRAP         ROMClassicII	7F,16500
INITGESTALT         ROMClassicII	7F,1693C	 	 E
newGestalt          ROMClassicII	7F,16AF0
removeLong          ROMClassicII	7F,16C00
findLong            ROMClassicII	7F,16CB0
MMGR                ROMClassicII	7F,16D20
INITPROCMENU        ROMClassicII	7F,16D20	 	 E
INITMENUS           ROMClassicII	7F,16D50	 	 E
CALCMBHEIGHT        ROMClassicII	7F,16DE2	 	 E
CLEARMENUBAR        ROMClassicII	7F,16EA0	 	 E
INSERTMENU          ROMClassicII	7F,16EC6	 	 E
DELETEMENU          ROMClassicII	7F,16FC2	 	 E
DELMCENTRIES        ROMClassicII	7F,17032	 	 E
DRAWMBAR            ROMClassicII	7F,170AC	 	 E
DRAWMENUBAR         ROMClassicII	7F,170B6	 	 E
HILITEMENU          ROMClassicII	7F,170D4	 	 E
ENABLEITEM          ROMClassicII	7F,17126	 	 E
DISABLEITEM         ROMClassicII	7F,17148	 	 E
MENUSELECT          ROMClassicII	7F,1718E	 	 E
POPUPMENUSELECT     ROMClassicII	7F,172D2	 	 E
FULLCLIP            ROMClassicII	7F,177E8	 	 E
MENUCHOICE          ROMClassicII	7F,17810	 	 E
GETMENUBAR          ROMClassicII	7F,17818	 	 E
GETMCINFO           ROMClassicII	7F,17832	 	 E
SETMENUBAR          ROMClassicII	7F,17842	 	 E
SETMCINFO           ROMClassicII	7F,1785A	 	 E
DISPOSEMENU         ROMClassicII	7F,17876	 	 E
DISPMCINFO          ROMClassicII	7F,1788E	 	 E
FLASHMENUBAR        ROMClassicII	7F,17898	 	 E
CALLMBARPROC        ROMClassicII	7F,178D6	 	 E
GETITEMICON         ROMClassicII	7F,179A4	 	 E
SETITEMICON         ROMClassicII	7F,179A8	 	 E
GETITEMCMD          ROMClassicII	7F,179AC	 	 E
SETITEMCMD          ROMClassicII	7F,179B0	 	 E
GETITEMSTYLE        ROMClassicII	7F,179B4	 	 E
SETITEMSTYLE        ROMClassicII	7F,179B8	 	 E
GETITEMMARK         ROMClassicII	7F,179BC	 	 E
SETITEMMARK         ROMClassicII	7F,179C0	 	 E
CHECKITEM           ROMClassicII	7F,179C4	 	 E
SETMCENTRIES        ROMClassicII	7F,179E4	 	 E
GETMCENTRY          ROMClassicII	7F,17B5E	 	 E
MENUKEY             ROMClassicII	7F,17B8C	 	 E
GETITEM             ROMClassicII	7F,17CDC	 	 E
CALCMENUSIZE        ROMClassicII	7F,17D32	 	 E
NEWMENU             ROMClassicII	7F,17D6C	 	 E
APPENDMENU          ROMClassicII	7F,17DBE	 	 E
INSMENUITEM         ROMClassicII	7F,17DC6	 	 E
GETMHANDLE          ROMClassicII	7F,17F58	 	 E
DELMENUITEM         ROMClassicII	7F,17F80	 	 E
SETITEM             ROMClassicII	7F,17FC6	 	 E
SETMENUFLASH        ROMClassicII	7F,1800C	 	 E
ADDRESMENU          ROMClassicII	7F,18016	 	 E
INSRTRESMENU        ROMClassicII	7F,1801E	 	 E
COUNTMITEMS         ROMClassicII	7F,1817C	 	 E
PLOTICON            ROMClassicII	7F,18198	 	 E
MMGREND             ROMClassicII	7F,181D4	 	 E
WMGR                ROMClassicII	7F,181E0
NEWSTRING           ROMClassicII	7F,18230	 	 E
SETSTRING           ROMClassicII	7F,18248	 	 E
DELETEWINDOW        ROMClassicII	7F,182A4	 	 E
CALCVIS             ROMClassicII	7F,182BC	 	 E
CALCVISBEHIND       ROMClassicII	7F,1831A	 	 E
CLIPABOVE           ROMClassicII	7F,1835E	 	 E
PAINTONE            ROMClassicII	7F,18382	 	 E
PAINTBEHIND         ROMClassicII	7F,1848A	 	 E
GETNEWRGN           ROMClassicII	7F,184E2	 	 E
SAVEOLD             ROMClassicII	7F,184EE	 	 E
DRAWNEW             ROMClassicII	7F,1851C	 	 E
SHOWHIDE            ROMClassicII	7F,1857C	 	 E
SETWPORT            ROMClassicII	7F,185B8	 	 E
RESTOREPORT         ROMClassicII	7F,185C2	 	 E
GETWMGRPORT         ROMClassicII	7F,185C8	 	 E
GETCWMGRPORT        ROMClassicII	7F,185D2	 	 E
CHECKUPDATE         ROMClassicII	7F,185DC	 	 E
INITWINDOWS         ROMClassicII	7F,1867A	 	 E
NEWCWINDOW          ROMClassicII	7F,1885E	 	 E
NEWWINDOW           ROMClassicII	7F,18870	 	 E
CLOSEWINDOW         ROMClassicII	7F,189D6	 	 E
DISPOSEWINDOW       ROMClassicII	7F,18AE2	 	 E
SHOWWINDOW          ROMClassicII	7F,18AF0	 	 E
HIDEWINDOW          ROMClassicII	7F,18B18	 	 E
GETWREFCON          ROMClassicII	7F,18B42	 	 E
SETWREFCON          ROMClassicII	7F,18B50	 	 E
SETWINDOWPIC        ROMClassicII	7F,18B60	 	 E
GETWINDOWPIC        ROMClassicII	7F,18B66	 	 E
GETWTITLE           ROMClassicII	7F,18B6C	 	 E
SETWTITLE           ROMClassicII	7F,18B84	 	 E
DELTAPOINT          ROMClassicII	7F,18C02	 	 E
MOVEWINDOW          ROMClassicII	7F,18C5E	 	 E
GETWVARIANT         ROMClassicII	7F,18DD8	 	 E
HILITEWINDOW        ROMClassicII	7F,18E9E	 	 E
SIZEWINDOW          ROMClassicII	7F,18EDE	 	 E
ZOOMWINDOW          ROMClassicII	7F,18F36	 	 E
TRACKGOAWAY         ROMClassicII	7F,18F9C	 	 E
TRACKBOX            ROMClassicII	7F,18FA4	 	 E
SELECTWINDOW        ROMClassicII	7F,19014	 	 E
BRINGTOFRONT        ROMClassicII	7F,19048	 	 E
SENDBEHIND          ROMClassicII	7F,190EA	 	 E
BEGINUPDATE         ROMClassicII	7F,19140	 	 E
ENDUPDATE           ROMClassicII	7F,19184	 	 E
FRONTWINDOW         ROMClassicII	7F,191AC	 	 E
DRAGWINDOW          ROMClassicII	7F,191D6	 	 E
WMGRGRAY            ROMClassicII	7F,19290	 	 E
DRAGGRAYRGN         ROMClassicII	7F,19298	 	 E
DRAGTHERGN          ROMClassicII	7F,192A4	 	 E
INVALRGN            ROMClassicII	7F,194B2	 	 E
INVALRECT           ROMClassicII	7F,194F8	 	 E
VALIDRGN            ROMClassicII	7F,19516	 	 E
VALIDRECT           ROMClassicII	7F,1951A	 	 E
GROWWINDOW          ROMClassicII	7F,1951E	 	 E
FINDWINDOW          ROMClassicII	7F,19648	 	 E
DRAWGROWICON        ROMClassicII	7F,196CC	 	 E
SETDESKCPAT         ROMClassicII	7F,196EA	 	 E
SETWINCOLOR         ROMClassicII	7F,19736	 	 E
SETCTLCOLOR         ROMClassicII	7F,1978E	 	 E
GETAUXWIN           ROMClassicII	7F,1987E	 	 E
GETAUXCTL           ROMClassicII	7F,19884	 	 E
WMGREND             ROMClassicII	7F,198BA	 	 E
DMGR                ROMClassicII	7F,198C0
INITDIALOGS         ROMClassicII	7F,198CA	 	 E
STOPALERT           ROMClassicII	7F,19980	 	 E
NOTEALERT           ROMClassicII	7F,19984	 	 E
CAUTIONALERT        ROMClassicII	7F,19988	 	 E
ALERT               ROMClassicII	7F,1998C	 	 E
GETNEWDIALOG        ROMClassicII	7F,19AF8	 	 E
NEWCDIALOG          ROMClassicII	7F,19B90	 	 E
NEWDIALOG           ROMClassicII	7F,19B94	 	 E
ISDIALOGEVENT       ROMClassicII	7F,19C66	 	 E
DIALOGSELECT        ROMClassicII	7F,19CA2	 	 E
MODALDIALOG         ROMClassicII	7F,19CE4	 	 E
DRAWDIALOG          ROMClassicII	7F,19D8E	 	 E
UPDTDIALOG          ROMClassicII	7F,19DA6	 	 E
CLOSEDIALOG         ROMClassicII	7F,19DCE	 	 E
DISPOSDIALOG        ROMClassicII	7F,19E52	 	 E
COULDDIALOG         ROMClassicII	7F,19EC6	 	 E
COULDALERT          ROMClassicII	7F,19ED4	 	 E
FREEDIALOG          ROMClassicII	7F,19F80	 	 E
FREEALERT           ROMClassicII	7F,19F8E	 	 E
PARAMTEXT           ROMClassicII	7F,19FF2	 	 E
ERRORSOUND          ROMClassicII	7F,1A016	 	 E
GETDITEM            ROMClassicII	7F,1A01E	 	 E
SETDITEM            ROMClassicII	7F,1A064	 	 E
GETITEXT            ROMClassicII	7F,1A09C	 	 E
SETITEXT            ROMClassicII	7F,1A0BC	 	 E
SELITEXT            ROMClassicII	7F,1A128	 	 E
HIDEDITEM           ROMClassicII	7F,1A184	 	 E
SHOWDITEM           ROMClassicII	7F,1A1E2	 	 E
FINDDITEM           ROMClassicII	7F,1A256	 	 E
DMGREND             ROMClassicII	7F,1AA0E	 	 E
RMGR                ROMClassicII	7F,1AA10
INITRESOURCES       ROMClassicII	7F,1AA32	 	 E
VSUPERLOAD          ROMClassicII	7F,1AC9C	 	 E
VNEWMAP             ROMClassicII	7F,1ADD4	 	 E
RSRCZONEINIT        ROMClassicII	7F,1AEC0	 	 E
CREATERESFILE       ROMClassicII	7F,1AF54	 	 E
OPENRESFILE         ROMClassicII	7F,1AF9E	 	 E
OPENRFPERM          ROMClassicII	7F,1AFCE	 	 E
USERESFILE          ROMClassicII	7F,1AFE2	 	 E
GETRESFILEATTRS     ROMClassicII	7F,1AFEC	 	 E
SETRESFILEATTRS     ROMClassicII	7F,1AFF8	 	 E
UPDATERESFILE       ROMClassicII	7F,1B0AE	 	 E
VCMPFRM             ROMClassicII	7F,1B196	 	 E
CLOSERESFILE        ROMClassicII	7F,1B388	 	 E
COUNT1RESOURCES     ROMClassicII	7F,1B428	 	 E
COUNTRESOURCES      ROMClassicII	7F,1B42C	 	 E
GET1INDRESOURCE     ROMClassicII	7F,1B452	 	 E
GETINDRESOURCE      ROMClassicII	7F,1B456	 	 E
COUNT1TYPES         ROMClassicII	7F,1B4EE	 	 E
COUNTTYPES          ROMClassicII	7F,1B4F2	 	 E
GET1INDTYPE         ROMClassicII	7F,1B538	 	 E
GETINDTYPE          ROMClassicII	7F,1B53C	 	 E
UNIQUE1ID           ROMClassicII	7F,1B55E	 	 E
UNIQUEID            ROMClassicII	7F,1B562	 	 E
GET1RESOURCE        ROMClassicII	7F,1B59C	 	 E
GETRESOURCE         ROMClassicII	7F,1B5A0	 	 E
GET1NAMEDRESOURCE   ROMClassicII	7F,1B5E0	 	 E
GETNAMEDRESOURCE    ROMClassicII	7F,1B5E4	 	 E
VRMGRSTDENTRY       ROMClassicII	7F,1B70E	 	 E
VRMGRSTDEXIT        ROMClassicII	7F,1B7CA	 	 E
VCHECKLOAD          ROMClassicII	7F,1B8FA	 	 E
LOADRESOURCE        ROMClassicII	7F,1BB9E	 	 E
RELEASERESOURCE     ROMClassicII	7F,1BBDC	 	 E
DETACHRESOURCE      ROMClassicII	7F,1BC06	 	 E
CHANGEDRESOURCE     ROMClassicII	7F,1BC1E	 	 E
WRITERESOURCE       ROMClassicII	7F,1BC5A	 	 E
HOMERESFILE         ROMClassicII	7F,1BC94	 	 E
SETRESPURGE         ROMClassicII	7F,1BCBE	 	 E
SETRESLOAD          ROMClassicII	7F,1BCDE	 	 E
CURRESFILE          ROMClassicII	7F,1BCE8	 	 E
RESERROR            ROMClassicII	7F,1BCF0	 	 E
ADDREFERENCE        ROMClassicII	7F,1BCF8	 	 E
RMVEREFERENCE       ROMClassicII	7F,1BD08	 	 E
GETRESATTRS         ROMClassicII	7F,1BD12	 	 E
SETRESATTRS         ROMClassicII	7F,1BD26	 	 E
GETRESINFO          ROMClassicII	7F,1BD58	 	 E
SETRESINFO          ROMClassicII	7F,1BD9E	 	 E
ADDRESOURCE         ROMClassicII	7F,1BDE8	 	 E
RMVERESOURCE        ROMClassicII	7F,1BEC0	 	 E
SIZERESOURCE        ROMClassicII	7F,1C03C	 	 E
MAXSIZERSRC         ROMClassicII	7F,1C05E	 	 E
RSRCMAPENTRY        ROMClassicII	7F,1C072	 	 E
RGETRESOURCE        ROMClassicII	7F,1C07E	 	 E
IAPPEND             ROMClassicII	7F,1C0AA	 	 E
BYTES               ROMClassicII	7F,1C0B0
MUNGER              ROMClassicII	7F,1C0B0	 	 E
XMUNGER             ROMClassicII	7F,1C0DE	 	 E
HANDTOHAND          ROMClassicII	7F,1C214	 	 E
PTRTOXHAND          ROMClassicII	7F,1C23C	 	 E
PTRTOHAND           ROMClassicII	7F,1C244	 	 E
HANDANDHAND         ROMClassicII	7F,1C25E	 	 E
PTRANDHAND          ROMClassicII	7F,1C282	 	 E
METHODDISPATCH      ROMClassicII	7F,1C292	 	 E
LONGMUL             ROMClassicII	7F,1C2EE	 	 E
FRACMUL             ROMClassicII	7F,1C30C	 	 E
FIXMUL              ROMClassicII	7F,1C312	 	 E
FRACDIV             ROMClassicII	7F,1C400	 	 E
FIXDIV              ROMClassicII	7F,1C406	 	 E
FRACSQRT            ROMClassicII	7F,1C456	 	 E
FIXRATIO            ROMClassicII	7F,1C490	 	 E
LOWORD              ROMClassicII	7F,1C4E2	 	 E
HIWORD              ROMClassicII	7F,1C4EA	 	 E
FIXROUND            ROMClassicII	7F,1C4F4	 	 E
FRACCOS             ROMClassicII	7F,1C50E	 	 E
FRACSIN             ROMClassicII	7F,1C516	 	 E
FIXATAN2            ROMClassicII	7F,1C5BC	 	 E
FIX2X               ROMClassicII	7F,1C67A	 	 E
FRAC2X              ROMClassicII	7F,1C680	 	 E
X2FIX               ROMClassicII	7F,1C6AC	 	 E
X2FRAC              ROMClassicII	7F,1C6B2	 	 E
FIX2LONG            ROMClassicII	7F,1C70E	 	 E
FRAC2FIX            ROMClassicII	7F,1C712	 	 E
LONG2FIX            ROMClassicII	7F,1C72E	 	 E
FIX2FRAC            ROMClassicII	7F,1C732	 	 E
DESKMGR             ROMClassicII	7F,1C750
SYSTEMEVENT         ROMClassicII	7F,1C750	 	 E
SYSTEMCLICK         ROMClassicII	7F,1C82C	 	 E
SYSTEMTASK          ROMClassicII	7F,1C900	 	 E
SYSTEMMENU          ROMClassicII	7F,1C980	 	 E
SYSTEMEDIT          ROMClassicII	7F,1C9C8	 	 E
OPENDESKACC         ROMClassicII	7F,1C9F6	 	 E
CLOSEDESKACC        ROMClassicII	7F,1CA44	 	 E
GetPID              ROMClassicII	7F,1CA60
GetFreeAux          ROMClassicII	7F,1CAA0
AddAuxRec           ROMClassicII	7F,1CAD0
LinkAuxRec          ROMClassicII	7F,1CB10
UnLinkAuxRecs       ROMClassicII	7F,1CB40
InsertMarkRec       ROMClassicII	7F,1CB70
InsertIconRec       ROMClassicII	7F,1CBE0
ValidIconRec        ROMClassicII	7F,1CC20
NMINIT              ROMClassicII	7F,1CC60
_NMInstall          ROMClassicII	7F,1CC90
_NMRemove           ROMClassicII	7F,1CCD0
AddrInRange         ROMClassicII	7F,1CD20
COPYSTRING          ROMClassicII	7F,1CD70
FLUSHAPPLNM         ROMClassicII	7F,1CDA0
NMFILTER            ROMClassicII	7F,1CE00
DEFBUTPROC          ROMClassicII	7F,1CEA0
FindItem            ROMClassicII	7F,1CEF0
GetAppleMenu        ROMClassicII	7F,1CF40
CallMBarProc        ROMClassicII	7F,1CF80
SWAPITEMMARKS       ROMClassicII	7F,1D000
ClearMarks          ROMClassicII	7F,1D040
SWAPDAMARK          ROMClassicII	7F,1D070
MarkItem            ROMClassicII	7F,1D160
RotateIcon          ROMClassicII	7F,1D1B0
DoSound             ROMClassicII	7F,1D1F0
DoDialog            ROMClassicII	7F,1D240
DoRespProc          ROMClassicII	7F,1D420
NMGNEFILTER         ROMClassicII	7F,1D470
NMTASK              ROMClassicII	7F,1D520
__NMINSTALL         ROMClassicII	7F,1D720
__NMREMOVE          ROMClassicII	7F,1D730
NMInstall           ROMClassicII	7F,1D740
NMRemove            ROMClassicII	7F,1D750
NewSPtr             ROMClassicII	7F,1D760
NewCPtr             ROMClassicII	7F,1D770
NewSCPtr            ROMClassicII	7F,1D780
NewSHandle          ROMClassicII	7F,1D790
NewCHandle          ROMClassicII	7F,1D7A0
NewSCHandle         ROMClassicII	7F,1D7B0
EQUALSTRING         ROMClassicII	7F,1D7C0
NGETTRAPADDRESS     ROMClassicII	7F,1D810
DisposPtr           ROMClassicII	7F,1D830
DisposHandle        ROMClassicII	7F,1D840
HLock               ROMClassicII	7F,1D850
HUnlock             ROMClassicII	7F,1D860
SetHandleSize       ROMClassicII	7F,1D870
GetHandleSize       ROMClassicII	7F,1D880
BlockMove           ROMClassicII	7F,1D890
HGetState           ROMClassicII	7F,1D8B0
HSetState           ROMClassicII	7F,1D8C0
StripAddress        ROMClassicII	7F,1D8D0
Enqueue             ROMClassicII	7F,1D8E0
Dequeue             ROMClassicII	7F,1D8F0
Delay               ROMClassicII	7F,1D900
CODEENTRY           ROMClassicII	7F,1D910
VERSIONADDRESS      ROMClassicII	7F,1D910	 	 E
PATCHSTART          ROMClassicII	7F,1D912	 	 E
ROMANPRINT          ROMClassicII	7F,1D920	 	 E
ROMANNAME           ROMClassicII	7F,1D922	 	 E
ROMANSCRIPT         ROMClassicII	7F,1D928	 	 E
ROMANDISPTABLE      ROMClassicII	7F,1D94C	 	 E
SETSCRIPT           ROMClassicII	7F,1D96A	 	 E
GETSCRIPT           ROMClassicII	7F,1D96A	 	 E
CHARBYTE            ROMClassicII	7F,1D96E	 	 E
CHARTYPE            ROMClassicII	7F,1D97A	 	 E
PIXEL2CHAR          ROMClassicII	7F,1D9DE	 	 E
CHAR2PIXEL          ROMClassicII	7F,1DA8E	 	 E
TRANSLIT            ROMClassicII	7F,1DAD0	 	 E
FINDWORD            ROMClassicII	7F,1DBA4	 	 E
HILITETEXT          ROMClassicII	7F,1DCEC	 	 E
DRAWJUST            ROMClassicII	7F,1DD1E	 	 E
MEASUREJUST         ROMClassicII	7F,1DD48	 	 E
PARSETABLE          ROMClassicII	7F,1DD74	 	 E
FIXSPEXTRA          ROMClassicII	7F,1DD94	 	 E
XVISIBLELENGTH      ROMClassicII	7F,1DE40	 	 #
PRINTACTION         ROMClassicII	7F,1DE90	 	 E
SWAPICON            ROMClassicII	7F,1DECA	 	 E
XSWAPICON           ROMClassicII	7F,1DED4	 	 E
SWAPKYBD            ROMClassicII	7F,1DF84	 	 E
XSWAPKYBD           ROMClassicII	7F,1DF8E	 	 E
FIXSMGRWORLD        ROMClassicII	7F,1E090	 	 E
XFIXSMGRWORLD       ROMClassicII	7F,1E09A	 	 E
SMGRCALCRECT        ROMClassicII	7F,1E1C2	 	 E
SMGRINITFONTS       ROMClassicII	7F,1E21C	 	 E
SMGRPOSTMUNGING     ROMClassicII	7F,1E298	 	 E
STDUNLINK           ROMClassicII	7F,1E310	 	 E
STDEXIT             ROMClassicII	7F,1E312	 	 E
XSCRIPTUTIL         ROMClassicII	7F,1E318	 	 E
UTILTABLEBASE       ROMClassicII	7F,1E350	 	 E
UTILTABLE           ROMClassicII	7F,1E36C	 	 E
BITBUCKET           ROMClassicII	7F,1E3BC	 	 E
BITBUCKETREG        ROMClassicII	7F,1E3C0	 	 E
MONTHSTARTS         ROMClassicII	7F,1E750	 	 E
LEAPSTARTS          ROMClassicII	7F,1E76A	 	 E
SECSINDAYX          ROMClassicII	7F,1E786	 	 E
MAXOLDDATE          ROMClassicII	7F,1E792	 	 E
MAXVAL              ROMClassicII	7F,1E79C	 	 E
VALIDDATE           ROMClassicII	7F,1E7B0
TOGGLEDATE          ROMClassicII	7F,1E850
LONGDATE2SECS       ROMClassicII	7F,1EB60
LONGSECS2DATE       ROMClassicII	7F,1ECC0
VALIDLONG           ROMClassicII	7F,1EE60
BLOCK2STRING        ROMClassicII	7F,1EEA0
COMPARE             ROMClassicII	7F,1EF00
MATCHSTRING         ROMClassicII	7F,1EF20
INITDATECACHE       ROMClassicII	7F,1EF80
STRING2DATE         ROMClassicII	7F,1F190
STRING2TIME         ROMClassicII	7F,1F578	 	 E
STYLEDLINEBREAK     ROMClassicII	7F,1F730
FINDCARRIAGE        ROMClassicII	7F,1F8D0	 	 #
FORMATORDER         ROMClassicII	7F,1F8F0
INTLTOKENIZE        ROMClassicII	7F,1F9A0
CHARCOMP            ROMClassicII	7F,20090	 	 #
NEXTFORMATCLASS     ROMClassicII	7F,200C0	 	 #
GETSANECLASS        ROMClassicII	7F,200D0	 	 #
SENDBYTE            ROMClassicII	7F,200F0	 	 #
SENDCHARREV0        ROMClassicII	7F,20110	 	 #
SENDCHAR0           ROMClassicII	7F,20112	 	 E
SENDCHARREV         ROMClassicII	7F,20120	 	 #
SENDCHAR            ROMClassicII	7F,2012E	 	 E
INUNQUOTEDS         ROMClassicII	7F,20140	 	 #
RETRIEVECHAR        ROMClassicII	7F,20140
CHECKEXP            ROMClassicII	7F,201C0	 	 #
CHECKPARTSINTEGRITY ROMClassicII	7F,20200
ISSUBSTRING         ROMClassicII	7F,202B0
MAKEEXP             ROMClassicII	7F,20330
PROCESSLEAD         ROMClassicII	7F,203B0	 	 #
GETC                ROMClassicII	7F,203F0	 	 #
XSTR2FORM           ROMClassicII	7F,20410
TACKONEXP           ROMClassicII	7F,207F0
TRANSLATETOTEXT     ROMClassicII	7F,20840	 	 #
CHECKFORM           ROMClassicII	7F,209A0
XFORM2STR           ROMClassicII	7F,20A80
MATCHINGSUBSTRING   ROMClassicII	7F,20B30
MATCHINGBLOCKS      ROMClassicII	7F,20BA0	 	 #
CHECKFORDIGITS      ROMClassicII	7F,20C00
COND                ROMClassicII	7F,20CB0
EXPMATCHING         ROMClassicII	7F,20D10
XFORMSTR2X          ROMClassicII	7F,20D60
NUM2DEC             ROMClassicII	7F,212B0	 	 #
INT2STRING          ROMClassicII	7F,212D0	 	 #
CONVERTTOSTRING     ROMClassicII	7F,21300
EXPHANDLING         ROMClassicII	7F,21440
APPENDSYMBOL        ROMClassicII	7F,214A0
XFORMX2STR          ROMClassicII	7F,21610
SMGRINITIALIZE      ROMClassicII	7F,21A00
SMGRTABLE           ROMClassicII	7F,21BB0	 	 #
PATCHTABLE          ROMClassicII	7F,21C00	 	 #
ROMANTABLE          ROMClassicII	7F,21C10	 	 #
disable             ROMClassicII	7F,21C20
spl                 ROMClassicII	7F,21C30
GMGR                ROMClassicII	7F,21C50
GETPATTERN          ROMClassicII	7F,21C50	 	 E
GETCURSOR           ROMClassicII	7F,21C6A	 	 E
GETSTRING           ROMClassicII	7F,21C78	 	 E
GETICON             ROMClassicII	7F,21C80	 	 E
GETPICTURE          ROMClassicII	7F,21C88	 	 E
GETNEWCWINDOW       ROMClassicII	7F,21C90	 	 E
GETNEWWINDOW        ROMClassicII	7F,21C9C	 	 E
GETNEWCONTROL       ROMClassicII	7F,21D44	 	 E
GETMENU             ROMClassicII	7F,21DC6	 	 E
GETNEWMBAR          ROMClassicII	7F,21E80	 	 E
GETMGREND           ROMClassicII	7F,21EDE	 	 E
TEXTEDIT            ROMClassicII	7F,21EE0
TEGLOBALINIT        ROMClassicII	7F,21F6E	 	 E
TEINIT              ROMClassicII	7F,21F92	 	 E
TEGETTEXT           ROMClassicII	7F,22038	 	 E
TEDISPOSE           ROMClassicII	7F,22044	 	 E
TEXTBOX             ROMClassicII	7F,220A2	 	 E
TESETTEXT           ROMClassicII	7F,22182	 	 E
TECALTEXT           ROMClassicII	7F,2229A	 	 E
TESETSELECT         ROMClassicII	7F,222FE	 	 E
TENEW               ROMClassicII	7F,22344	 	 E
TESTYLNEW           ROMClassicII	7F,2241C	 	 E
TEUPDATE            ROMClassicII	7F,22536	 	 E
TECLICK             ROMClassicII	7F,22564	 	 E
DOFIND              ROMClassicII	7F,22668	 	 E
VPIXEL2CHAR         ROMClassicII	7F,22696	 	 E
DOSEARCH            ROMClassicII	7F,226FE	 	 E
DODRAW              ROMClassicII	7F,2288E	 	 E
XDOERASE            ROMClassicII	7F,229B6	 	 E
PREPLINE            ROMClassicII	7F,22A18	 	 E
DOTEXT              ROMClassicII	7F,22A6A	 	 E
DOCARET             ROMClassicII	7F,22A86	 	 E
XCARETDISPLAY       ROMClassicII	7F,22AF6	 	 E
XGETRLPOSITION      ROMClassicII	7F,22C74	 	 E
XTEGETFORMATORDER   ROMClassicII	7F,22FEC	 	 E
DOHILITE            ROMClassicII	7F,23114	 	 E
XONSAMELINE         ROMClassicII	7F,231C2	 	 E
CHKBOUNDS           ROMClassicII	7F,23638	 	 E
LINERECT            ROMClassicII	7F,236D2	 	 E
XTRIMMEASURE        ROMClassicII	7F,237B0	 	 E
MEASUREIT           ROMClassicII	7F,237D6	 	 E
XGETWIDTH           ROMClassicII	7F,23836	 	 E
VCHAR2PIXEL         ROMClassicII	7F,2389C	 	 E
RANGERECT           ROMClassicII	7F,23944	 	 E
DOMEASURE           ROMClassicII	7F,23994	 	 E
TEDISPATCH          ROMClassicII	7F,23C00	 	 E
TECOPY              ROMClassicII	7F,23C18	 	 E
TECUT               ROMClassicII	7F,23CF0	 	 E
TEDELETE            ROMClassicII	7F,23D00	 	 E
XFINDWORD           ROMClassicII	7F,23F3A	 	 E
XFINDLINE           ROMClassicII	7F,2414A	 	 E
XRECALLINES         ROMClassicII	7F,243B8	 	 E
HIDECARET           ROMClassicII	7F,246B4	 	 E
TEACTIVATE          ROMClassicII	7F,2471E	 	 E
TEDEACTIVATE        ROMClassicII	7F,24740	 	 E
TEIDLE              ROMClassicII	7F,24758	 	 E
TEPASTE             ROMClassicII	7F,24796	 	 E
TEINSERT            ROMClassicII	7F,24B14	 	 E
TEKEY               ROMClassicII	7F,24B42	 	 E
XTEBUFFERTEXT       ROMClassicII	7F,24C46	 	 E
XDUMPBUFFER         ROMClassicII	7F,24C9A	 	 E
XCURSORMOVEMENT     ROMClassicII	7F,24D1E	 	 E
XSETFONT2KEYBOARD   ROMClassicII	7F,25036	 	 E
XSETKEYBOARD2FONT   ROMClassicII	7F,250BC	 	 E
TESETJUST           ROMClassicII	7F,250F8	 	 E
TESCROLL            ROMClassicII	7F,25120	 	 E
TEPINSCROLL         ROMClassicII	7F,25176	 	 E
TESELVIEW           ROMClassicII	7F,251FE	 	 E
TEAUTOVIEW          ROMClassicII	7F,25288	 	 E
ITEFEATUREFLAG      ROMClassicII	7F,252AC	 	 E
ITESETSTYLE         ROMClassicII	7F,254EE	 	 E
TEGETOFFSET         ROMClassicII	7F,2594E	 	 E
SCRAPMGR            ROMClassicII	7F,25D50
INFOSCRAP           ROMClassicII	7F,25D50	 	 E
UNLOADSCRAP         ROMClassicII	7F,25DCA	 	 E
LOADSCRAP           ROMClassicII	7F,25E00	 	 E
ZEROSCRAP           ROMClassicII	7F,25E34	 	 E
GETSCRAP            ROMClassicII	7F,25E80	 	 E
PUTSCRAP            ROMClassicII	7F,25EF0	 	 E
PRGLUE              ROMClassicII	7F,25F40
PACKDISPATCHER      ROMClassicII	7F,261C0
INITPACK            ROMClassicII	7F,261C0	 	 E
INITALLPACKS        ROMClassicII	7F,261E2	 	 E
PACK4               ROMClassicII	7F,26206	 	 E
PACK5               ROMClassicII	7F,26228	 	 E
PACK0               ROMClassicII	7F,262A6	 	 E
PACK1               ROMClassicII	7F,262A8	 	 E
PACK2               ROMClassicII	7F,262AA	 	 E
PACK3               ROMClassicII	7F,262AC	 	 E
PACK6               ROMClassicII	7F,262B2	 	 E
PACK7               ROMClassicII	7F,262B4	 	 E
PACK8               ROMClassicII	7F,262B6	 	 E
PACK9               ROMClassicII	7F,262B8	 	 E
PACK10              ROMClassicII	7F,262BA	 	 E
PACK11              ROMClassicII	7F,262BC	 	 E
PACK12              ROMClassicII	7F,262BE	 	 E
PACK13              ROMClassicII	7F,262C0	 	 E
PACK14              ROMClassicII	7F,262C2	 	 E
PACK15              ROMClassicII	7F,262C4	 	 E
PACKMGREND          ROMClassicII	7F,262C6	 	 E
SEXYDATE            ROMClassicII	7F,262D0
SECS2DATE           ROMClassicII	7F,262D0	 	 E
DATE2SECS           ROMClassicII	7F,26348	 	 E
FONTMANAGER         ROMClassicII	7F,263B0
INITFONTS           ROMClassicII	7F,263B0	 	 E
FMSWAPFONT          ROMClassicII	7F,26514	 	 E
FPOINTONE           ROMClassicII	7F,2742A	 	 E
GETFONTNAME         ROMClassicII	7F,27498	 	 E
REALFONT            ROMClassicII	7F,27506	 	 E
GETFNUM             ROMClassicII	7F,27570	 	 E
SETFONTLOCK         ROMClassicII	7F,275B4	 	 E
SETFSCALEDISABLE    ROMClassicII	7F,275DC	 	 E
SETFRACTENABLE      ROMClassicII	7F,275EA	 	 E
FONTMETRICS         ROMClassicII	7F,275F2	 	 E
FMGREND             ROMClassicII	7F,277DA	 	 E
BLOCKHEAD           ROMClassicII	7F,277E0
NEWGDEVICE          ROMClassicII	7F,277E0
DISPOSGDEVICE       ROMClassicII	7F,27880
DISPOSGDHANDLES     ROMClassicII	7F,2788C	 	 E
INITGDEVICE         ROMClassicII	7F,278D0
GETDEVPIXMAP        ROMClassicII	7F,27A30
CHECKDEVICES        ROMClassicII	7F,27BA0
GETGDEVICE          ROMClassicII	7F,27F90
SETGDEVICE          ROMClassicII	7F,27FA0
GETDEVICELIST       ROMClassicII	7F,27FB0
GETMAINDEVICE       ROMClassicII	7F,27FC0
GETNEXTDEVICE       ROMClassicII	7F,27FD0
TESTDEVICEATTRIBUTE ROMClassicII	7F,27FE0
SETDEVICEATTRIBUTE  ROMClassicII	7F,28000
GETMAXDEVICE        ROMClassicII	7F,28020
GETDEVPIX           ROMClassicII	7F,28080
ALLOCCURSOR         ROMClassicII	7F,28090
INITCURSOR          ROMClassicII	7F,280A0
SETCURSOR           ROMClassicII	7F,280C0
SETCCURSOR          ROMClassicII	7F,280E0
HIDECURSOR          ROMClassicII	7F,280F0
SHOWCURSOR          ROMClassicII	7F,28100
SHIELDCURSOR        ROMClassicII	7F,28110
OBSCURECURSOR       ROMClassicII	7F,28140
DRTEXT              ROMClassicII	7F,28150
STDTEXT             ROMClassicII	7F,28E40
CALLTEXT            ROMClassicII	7F,29110
TEXTFACE            ROMClassicII	7F,29130
DRAWCHAR            ROMClassicII	7F,2913C	 	 E
CHARWIDTH           ROMClassicII	7F,2914A	 	 E
TEXTFONT            ROMClassicII	7F,29170
TEXTMODE            ROMClassicII	7F,29174	 	 E
TEXTSIZE            ROMClassicII	7F,29178	 	 E
SPACEEXTRA          ROMClassicII	7F,29190
DRAWSTRING          ROMClassicII	7F,2919C	 	 E
DRAWTEXT            ROMClassicII	7F,291AE	 	 E
STRINGWIDTH         ROMClassicII	7F,291D0
TEXTWIDTH           ROMClassicII	7F,291E0	 	 E
STDTXMEAS           ROMClassicII	7F,29250
MEASURETEXT         ROMClassicII	7F,29320
GETFONTINFO         ROMClassicII	7F,29420
CALCCHAREXTRA       ROMClassicII	7F,294D0
CHAREXTRA           ROMClassicII	7F,29530
STDLINE             ROMClassicII	7F,29580
LINETO              ROMClassicII	7F,29670
LINE                ROMClassicII	7F,29690
MOVETO              ROMClassicII	7F,296B0
COMMONMOVEEND       ROMClassicII	7F,296BA	 	 E
MOVE                ROMClassicII	7F,296D0
MOOV                ROMClassicII	7F,296D0	 	 E
DOLINE              ROMClassicII	7F,296F0
HIDEPEN             ROMClassicII	7F,29780
SHOWPEN             ROMClassicII	7F,29784	 	 E
GETPENSTATE         ROMClassicII	7F,29790
SETPENSTATE         ROMClassicII	7F,297CC	 	 E
GETPEN              ROMClassicII	7F,29810
PENSIZE             ROMClassicII	7F,29820
PENMODE             ROMClassicII	7F,29830
PENPAT              ROMClassicII	7F,29840
PENNORMAL           ROMClassicII	7F,29868	 	 E
PUTLINE             ROMClassicII	7F,29890
DRAWLINE            ROMClassicII	7F,299A0
FASTLINE            ROMClassicII	7F,29EA0	 	 E
STEEPBLITTAB        ROMClassicII	7F,2A018	 	 E
SHALLOWBLITTAB      ROMClassicII	7F,2A048	 	 E
FASTSLANT           ROMClassicII	7F,2A080	 	 E
RGNBLT              ROMClassicII	7F,2A6E0
RARITH16TAB         ROMClassicII	7F,2AC5C	 	 E
RARITH32TAB         ROMClassicII	7F,2AC80	 	 E
RHILITETAB          ROMClassicII	7F,2ACA4	 	 E
RMASK0              ROMClassicII	7F,2ACC0	 	 E
RMASK1              ROMClassicII	7F,2AE5A	 	 E
RMASK2              ROMClassicII	7F,2AEBA	 	 E
RMASK3              ROMClassicII	7F,2AF1A	 	 E
RCMASK0             ROMClassicII	7F,2AF60	 	 E
RCMASK1             ROMClassicII	7F,2B00A	 	 E
RCMASK3             ROMClassicII	7F,2B07A	 	 E
RMASK8              ROMClassicII	7F,2B0EC	 	 E
RMASK9              ROMClassicII	7F,2B16E	 	 E
RMASK10             ROMClassicII	7F,2B1DC	 	 E
RMASK11             ROMClassicII	7F,2B22E	 	 E
RXMASK8             ROMClassicII	7F,2B260	 	 E
RXMASK9             ROMClassicII	7F,2B2D2	 	 E
RXMASK10            ROMClassicII	7F,2B350	 	 E
RXMASK11            ROMClassicII	7F,2B390	 	 E
RADDOVER            ROMClassicII	7F,2B3A0	 	 E
RADDPIN             ROMClassicII	7F,2B4C0	 	 E
RSUBOVER            ROMClassicII	7F,2B660	 	 E
RSUBPIN             ROMClassicII	7F,2B790	 	 E
RMAX                ROMClassicII	7F,2B930	 	 E
RMIN                ROMClassicII	7F,2BA70	 	 E
RAVG                ROMClassicII	7F,2BBB0	 	 E
RHILITE             ROMClassicII	7F,2BE90	 	 E
RSLOWHILITE         ROMClassicII	7F,2BFD0	 	 E
RTRANSPARENT        ROMClassicII	7F,2C060	 	 E
STDRECT             ROMClassicII	7F,2C150
STDDEVLOOP          ROMClassicII	7F,2C1E0
PINIT               ROMClassicII	7F,2C3F0
PUSHVERB            ROMClassicII	7F,2C410
FILLRECT            ROMClassicII	7F,2C470
FILLCRECT           ROMClassicII	7F,2C474	 	 E
FRAMERECT           ROMClassicII	7F,2C488	 	 E
PAINTRECT           ROMClassicII	7F,2C48C	 	 E
ERASERECT           ROMClassicII	7F,2C490	 	 E
INVERTRECT          ROMClassicII	7F,2C494	 	 E
CALLRECT            ROMClassicII	7F,2C496	 	 E
DRAWRECT            ROMClassicII	7F,2C4C0
FRMRECT             ROMClassicII	7F,2C510
SETRECT             ROMClassicII	7F,2C620
EQUALRECT           ROMClassicII	7F,2C630
EMPTYRECT           ROMClassicII	7F,2C650
OFFSETRECT          ROMClassicII	7F,2C670
INSETRECT           ROMClassicII	7F,2C690
SECTRECT            ROMClassicII	7F,2C6B0
RSECT               ROMClassicII	7F,2C6D4	 	 E
UNIONRECT           ROMClassicII	7F,2C750
PT2RECT             ROMClassicII	7F,2C78E	 	 E
PTINRECT            ROMClassicII	7F,2C7D0
PUTRECT             ROMClassicII	7F,2C800
BITBLT              ROMClassicII	7F,2C870
BARITH16TAB         ROMClassicII	7F,2CCE0	 	 E
BARITH32TAB         ROMClassicII	7F,2CD04	 	 E
BHILITETAB          ROMClassicII	7F,2CD28	 	 E
BLEFT0              ROMClassicII	7F,2CD40	 	 E
BSETUP0             ROMClassicII	7F,2CD90	 	 E
BEND0               ROMClassicII	7F,2CE10	 	 E
BMAIN0              ROMClassicII	7F,2CE12	 	 E
BEND1               ROMClassicII	7F,2CE40	 	 E
BMAIN1              ROMClassicII	7F,2CE42	 	 E
BEND2               ROMClassicII	7F,2CE60	 	 E
BMAIN2              ROMClassicII	7F,2CE62	 	 E
BEND3               ROMClassicII	7F,2CE80	 	 E
BMAIN3              ROMClassicII	7F,2CE82	 	 E
BCEND0              ROMClassicII	7F,2CEA0	 	 E
BCMAIN0             ROMClassicII	7F,2CEA2	 	 E
BCEND1              ROMClassicII	7F,2CED0	 	 E
BCMAIN1             ROMClassicII	7F,2CED2	 	 E
BCEND3              ROMClassicII	7F,2CF00	 	 E
BCMAIN3             ROMClassicII	7F,2CF02	 	 E
BLONG8              ROMClassicII	7F,2CF30	 	 E
BSETUP8             ROMClassicII	7F,2CFC0	 	 E
BEND9               ROMClassicII	7F,2D060	 	 E
BMAIN9              ROMClassicII	7F,2D062	 	 E
BEND10              ROMClassicII	7F,2D080	 	 E
BSETUP10            ROMClassicII	7F,2D0B0	 	 E
BEND11              ROMClassicII	7F,2D130	 	 E
BMAIN11             ROMClassicII	7F,2D132	 	 E
BXLONG8             ROMClassicII	7F,2D150	 	 E
BXMAIN8             ROMClassicII	7F,2D1B0	 	 E
BXEND9              ROMClassicII	7F,2D200	 	 E
BXMAIN9             ROMClassicII	7F,2D202	 	 E
BXEND10             ROMClassicII	7F,2D230	 	 E
BXMAIN10            ROMClassicII	7F,2D262	 	 E
BXEND11             ROMClassicII	7F,2D280	 	 E
BXMAIN11            ROMClassicII	7F,2D282	 	 E
BARITH32SETUP       ROMClassicII	7F,2D2B0	 	 E
BARITH16SETUP       ROMClassicII	7F,2D2F0	 	 E
BADDOVER            ROMClassicII	7F,2D340	 	 E
BADDPIN             ROMClassicII	7F,2D450	 	 E
BSUBOVER            ROMClassicII	7F,2D5D0	 	 E
BSUBPIN             ROMClassicII	7F,2D6E0	 	 E
BMAX                ROMClassicII	7F,2D870	 	 E
BMIN                ROMClassicII	7F,2D9A0	 	 E
BAVG                ROMClassicII	7F,2DAD0	 	 E
BHILITE             ROMClassicII	7F,2DD40	 	 E
BSLOHILITE          ROMClassicII	7F,2DE10	 	 E
BTRANSPARENT        ROMClassicII	7F,2DE80	 	 E
CRSRCORE            ROMClassicII	7F,2DF80
INITCRTABLE         ROMClassicII	7F,2DF80	 	 E
CRSRVBLTASK         ROMClassicII	7F,2DF94	 	 E
PINRECT             ROMClassicII	7F,2E200	 	 E
CURSORSECT          ROMClassicII	7F,2E212	 	 E
ERASECURSOR         ROMClassicII	7F,2E27A	 	 E
DRAWCURSOR          ROMClassicII	7F,2E2BC	 	 E
GETMAINCRSR         ROMClassicII	7F,2E484	 	 E
SETCRSRDATA         ROMClassicII	7F,2E510
ALLOCCRSR           ROMClassicII	7F,2E570
BLITCURSOR          ROMClassicII	7F,2E6E0
UNBLITCURSOR        ROMClassicII	7F,2E9E0
SCRNADDRESS         ROMClassicII	7F,2EA40
SCRNSIZE            ROMClassicII	7F,2EA50
SCRNBITMAP          ROMClassicII	7F,2EA80
BITNOT              ROMClassicII	7F,2EAB0
BITAND              ROMClassicII	7F,2EAC0
BITXOR              ROMClassicII	7F,2EAC8	 	 E
BITOR               ROMClassicII	7F,2EAD2	 	 E
BITSHIFT            ROMClassicII	7F,2EADA	 	 E
BITTST              ROMClassicII	7F,2EAF0
BITSET              ROMClassicII	7F,2EAFE	 	 E
BITCLR              ROMClassicII	7F,2EB08	 	 E
RANDOM              ROMClassicII	7F,2EB20
FORECOLOR           ROMClassicII	7F,2EB80
BACKCOLOR           ROMClassicII	7F,2EBCC	 	 E
PORTLONG            ROMClassicII	7F,2EBD0	 	 E
COLORBIT            ROMClassicII	7F,2EBDC	 	 E
PORTWORD            ROMClassicII	7F,2EBDE	 	 E
GETMASKTAB          ROMClassicII	7F,2EBF0
LEFTMASK            ROMClassicII	7F,2EBF6	 	 E
RIGHTMASK           ROMClassicII	7F,2EC02	 	 E
BITMASK             ROMClassicII	7F,2EC0E	 	 E
MASKTAB             ROMClassicII	7F,2EC1A	 	 E
ARITHMODE           ROMClassicII	7F,2EC80
COLORMAP            ROMClassicII	7F,2EC90
GETCPIXEL           ROMClassicII	7F,2EF70
GETPIXEL            ROMClassicII	7F,2EF7C	 	 E
TRANSLATE24TO32     ROMClassicII	7F,2F090
STUFFHEX            ROMClassicII	7F,2F0D0
XORSLAB             ROMClassicII	7F,2F110
DRAWSLAB            ROMClassicII	7F,2F160
SLMASK8             ROMClassicII	7F,2F1C4	 	 E
SLMASK9             ROMClassicII	7F,2F1E6	 	 E
SLMASK10            ROMClassicII	7F,2F1FC	 	 E
SLMASK11            ROMClassicII	7F,2F226	 	 E
SLXMASK8            ROMClassicII	7F,2F230	 	 E
SLXMASK9            ROMClassicII	7F,2F270	 	 E
SLXMASK10           ROMClassicII	7F,2F2B0	 	 E
SLXMASK11           ROMClassicII	7F,2F2F0	 	 E
SLADDOVER           ROMClassicII	7F,2F330	 	 E
SLADDPIN            ROMClassicII	7F,2F3E0	 	 E
SLSUBOVER           ROMClassicII	7F,2F470	 	 E
SLSUBPIN            ROMClassicII	7F,2F4E0	 	 E
SLMAX               ROMClassicII	7F,2F570	 	 E
SLMIN               ROMClassicII	7F,2F5F0	 	 E
SLAVG               ROMClassicII	7F,2F670	 	 E
SLHILITE            ROMClassicII	7F,2F720	 	 E
SLTRANSPARENT       ROMClassicII	7F,2F790	 	 E
SLABMODE            ROMClassicII	7F,2FEE0	 	 E
SLARITH16TAB        ROMClassicII	7F,2FF70	 	 E
SLARITH32TAB        ROMClassicII	7F,2FF94	 	 E
FASTSLABMODE        ROMClassicII	7F,30040	 	 E
COPYHANDLE          ROMClassicII	7F,30060
ONEBITCTABLE        ROMClassicII	7F,300A0
FILLONEBIT          ROMClassicII	7F,300AC	 	 E
PORTTOMAP           ROMClassicII	7F,300D0
BITSTOMAP           ROMClassicII	7F,300D2	 	 E
OPENCPORT           ROMClassicII	7F,300F0
INITCPORT           ROMClassicII	7F,30126	 	 E
INITCOLORSTUFF      ROMClassicII	7F,30160
CLOSECPORT          ROMClassicII	7F,301E0
CLOSEPORT           ROMClassicII	7F,301E0
SETCPORTPIX         ROMClassicII	7F,30260
NEWCTAB             ROMClassicII	7F,30280
DISPOSCTABLE        ROMClassicII	7F,30290
GETCTSEED           ROMClassicII	7F,302A0
OPENPIXMAP          ROMClassicII	7F,302D0
NEWPIXMAP           ROMClassicII	7F,302F0
DISPOSPIXMAP        ROMClassicII	7F,30300
INITPIXMAP          ROMClassicII	7F,30330
COPYPIXMAP          ROMClassicII	7F,30360
BITSTOPIX           ROMClassicII	7F,30390
COPYPMAP            ROMClassicII	7F,3045A	 	 E
ONEBITDATA          ROMClassicII	7F,30484	 	 E
SHFTTBL             ROMClassicII	7F,304B6	 	 E
SETCPIXEL           ROMClassicII	7F,304E0
HILITECOLOR         ROMClassicII	7F,30540
OPCOLOR             ROMClassicII	7F,30550
SETGRAFVARSCOMMON   ROMClassicII	7F,30552	 	 E
GETCCURSOR          ROMClassicII	7F,30570
GETPIXPAT           ROMClassicII	7F,30580
PATSHARE            ROMClassicII	7F,3058C	 	 E
NEWPIXPAT           ROMClassicII	7F,30690
DISPOSCCURSOR       ROMClassicII	7F,30700
DISPOSPIXPAT        ROMClassicII	7F,30700
SETFILLPAT          ROMClassicII	7F,30780
PENPIXPAT           ROMClassicII	7F,307C0
PHILPIXPAT          ROMClassicII	7F,307C6	 	 E
BACKPIXPAT          ROMClassicII	7F,307CC	 	 E
COPYPIXPAT          ROMClassicII	7F,30840
OLDPATTONEW         ROMClassicII	7F,30890
PATEXPAND           ROMClassicII	7F,30920
PATCONVERT          ROMClassicII	7F,30C20
MAKESCALETBL        ROMClassicII	7F,30E50
PATDITHER           ROMClassicII	7F,30FB0
MAKERGBPAT          ROMClassicII	7F,31120
GETCICON            ROMClassicII	7F,311E0
PLOTCICON           ROMClassicII	7F,312A0
DISPOSCICON         ROMClassicII	7F,31400
NEWHANDLE           ROMClassicII	7F,31420
JACKSONPOLLOCK      ROMClassicII	7F,3143A	 	 E
RNEWHANDLE          ROMClassicII	7F,3143C	 	 E
SETHSIZE            ROMClassicII	7F,31442	 	 E
RSETHSIZE           ROMClassicII	7F,31450	 	 E
NEWTEMPHANDLE       ROMClassicII	7F,31460
NEWTEMPBUFFER       ROMClassicII	7F,314A0
DISPOSETEMPBUFFER   ROMClassicII	7F,31510
INITGRAF            ROMClassicII	7F,31530
NEWPORT             ROMClassicII	7F,316C0
OPENPORT            ROMClassicII	7F,316E0
INITPORT            ROMClassicII	7F,316EE	 	 E
INITSHARED          ROMClassicII	7F,31740
SETSTDPROCS         ROMClassicII	7F,317A0
SETSTDCPROCS        ROMClassicII	7F,317E0
LOCALTOGLOBAL       ROMClassicII	7F,31800
GLOBALTOLOCAL       ROMClassicII	7F,31808	 	 E
ADDPT               ROMClassicII	7F,3183A	 	 E
SUBPT               ROMClassicII	7F,31842	 	 E
SETPORT             ROMClassicII	7F,31860	 	 E
GETPORT             ROMClassicII	7F,31868	 	 E
GRAFDEVICE          ROMClassicII	7F,31880
SETPORTBITS         ROMClassicII	7F,31890
BACKPAT             ROMClassicII	7F,318AE	 	 E
PORTSIZE            ROMClassicII	7F,318E0
MOVEPORTTO          ROMClassicII	7F,31900
SETORIGIN           ROMClassicII	7F,31930	 	 E
CLIPRECT            ROMClassicII	7F,31970	 	 E
SETCLIP             ROMClassicII	7F,31990
GETCLIP             ROMClassicII	7F,3199C	 	 E
SETPT               ROMClassicII	7F,319B0
EQUALPT             ROMClassicII	7F,319C0
INSPORTLIST         ROMClassicII	7F,319D0
DELPORTLIST         ROMClassicII	7F,31A00
STDCOMMENT          ROMClassicII	7F,31A30
STDGETPIC           ROMClassicII	7F,31A90
STDPUTPIC           ROMClassicII	7F,31AB0
STDOPCODEPROC       ROMClassicII	7F,31B30
PICCOMMENT          ROMClassicII	7F,31B80
OPENCPICTURE        ROMClassicII	7F,31BA0
OPENPICTURE         ROMClassicII	7F,31BB0
OPSHARE             ROMClassicII	7F,31BBA	 	 E
CLOSEPICTURE        ROMClassicII	7F,31D20
KILLPICTURE         ROMClassicII	7F,31D90
DRAWPICTURE         ROMClassicII	7F,31DA0
PICITEM1            ROMClassicII	7F,31F60
GETUBYTE            ROMClassicII	7F,32B60
GETWORD             ROMClassicII	7F,32B80
GETLONG             ROMClassicII	7F,32B90
GETPICDATA          ROMClassicII	7F,32BA0
PUTPICDATA          ROMClassicII	7F,32BD0
DPUTPICBYTE         ROMClassicII	7F,32BF0
PUTPICBYTE          ROMClassicII	7F,32BF6	 	 E
PUTPICWORD          ROMClassicII	7F,32C10
PUTPICLONG          ROMClassicII	7F,32C30
PUTPICRECT          ROMClassicII	7F,32C40
DPUTPICOP           ROMClassicII	7F,32C90
PUTPICOP            ROMClassicII	7F,32C96	 	 E
PUTPICOP2           ROMClassicII	7F,32C9A	 	 E
PUTPICRGN           ROMClassicII	7F,32CD0
PUTPICPAD           ROMClassicII	7F,32CF0
PUTPICPAT           ROMClassicII	7F,32D20
PUTPICVERB          ROMClassicII	7F,32D30
UPDATEPAT           ROMClassicII	7F,32E20
EQUALPAT            ROMClassicII	7F,32ED0
GETPICTABLE         ROMClassicII	7F,32F70
PUTPICTABLE         ROMClassicII	7F,32FC0
GETPICPIXMAP        ROMClassicII	7F,32FF0
PUTPICPIXMAP        ROMClassicII	7F,33030
GETPICPIXPAT        ROMClassicII	7F,33060
PUTGRAY             ROMClassicII	7F,3309A	 	 E
PUTPICPIXPAT        ROMClassicII	7F,331B0
GETDIRECTPMDATA     ROMClassicII	7F,33240
PUTDIRECTPMDATA     ROMClassicII	7F,333F0
GETBIGPICDATA       ROMClassicII	7F,33590
PUTBIGPICDATA       ROMClassicII	7F,335D0
GETPMDATA           ROMClassicII	7F,33610
PUTPMDATA           ROMClassicII	7F,336D0
CHECKPIC            ROMClassicII	7F,33780
SCALEPT             ROMClassicII	7F,339A0
MAPPT               ROMClassicII	7F,33A00
MAPFIXPT            ROMClassicII	7F,33A60
MAPRECT             ROMClassicII	7F,33AC0
MAPRATIO            ROMClassicII	7F,33AE0
STDPOLY             ROMClassicII	7F,33B30
FRAMEPOLY           ROMClassicII	7F,33BF0
PAINTPOLY           ROMClassicII	7F,33BF4	 	 E
ERASEPOLY           ROMClassicII	7F,33BF8	 	 E
INVERTPOLY          ROMClassicII	7F,33BFC	 	 E
FILLPOLY            ROMClassicII	7F,33C00	 	 E
FILLCPOLY           ROMClassicII	7F,33C04	 	 E
CALLPOLY            ROMClassicII	7F,33C16	 	 E
OPENPOLY            ROMClassicII	7F,33C40
CLOSEPOLY           ROMClassicII	7F,33C80
KILLPOLY            ROMClassicII	7F,33CF0
OFFSETPOLY          ROMClassicII	7F,33D00
MAPPOLY             ROMClassicII	7F,33D20
FRPOLY              ROMClassicII	7F,33D80
XDRAWPOLY           ROMClassicII	7F,33DE0
SORTVECTORS         ROMClassicII	7F,33DE0
PAINTVECTOR         ROMClassicII	7F,33E80
DRAWPOLY            ROMClassicII	7F,34410
STDRRECT            ROMClassicII	7F,34570
FRAMEROUNDRECT      ROMClassicII	7F,34630
PAINTROUNDRECT      ROMClassicII	7F,34634	 	 E
ERASEROUNDRECT      ROMClassicII	7F,34638	 	 E
INVERTROUNDRECT     ROMClassicII	7F,3463C	 	 E
FILLROUNDRECT       ROMClassicII	7F,34640	 	 E
FILLCROUNDRECT      ROMClassicII	7F,34644	 	 E
CALLRRECT           ROMClassicII	7F,34656	 	 E
DRAWARC             ROMClassicII	7F,34680
INITOVAL            ROMClassicII	7F,34D90
BUMPOVAL            ROMClassicII	7F,34E40
STDBITS             ROMClassicII	7F,34E90
BITSDEVLOOP         ROMClassicII	7F,35200	 	 E
COPYBITS            ROMClassicII	7F,356C0
GODEVLOOP           ROMClassicII	7F,358E0
COPYCICON           ROMClassicII	7F,35910
COPYMASK            ROMClassicII	7F,35912	 	 E
CMDEVLOOP           ROMClassicII	7F,35990
SEEDFILL            ROMClassicII	7F,359C0
CALCMASK            ROMClassicII	7F,359C8	 	 E
SCROLLRECT          ROMClassicII	7F,35B20
PACKBITS            ROMClassicII	7F,35C60
UNPACKBITS          ROMClassicII	7F,35D14	 	 E
PACKWORDS           ROMClassicII	7F,35D60
UNPACKWORDS         ROMClassicII	7F,35E22	 	 E
STDRGN              ROMClassicII	7F,35E70
FRAMERGN            ROMClassicII	7F,35F10
PAINTRGN            ROMClassicII	7F,35F14	 	 E
ERASERGN            ROMClassicII	7F,35F18	 	 E
INVERTRGN           ROMClassicII	7F,35F1C	 	 E
FILLRGN             ROMClassicII	7F,35F20	 	 E
FILLCRGN            ROMClassicII	7F,35F24	 	 E
CALLRGN             ROMClassicII	7F,35F36	 	 E
DRAWRGN             ROMClassicII	7F,35F60
FRRGN               ROMClassicII	7F,35FC0
NEWRGN              ROMClassicII	7F,36040
DISPOSERGN          ROMClassicII	7F,36060
OPENRGN             ROMClassicII	7F,36070
CLOSERGN            ROMClassicII	7F,360A0
COPYRGN             ROMClassicII	7F,36110
SETEMPTYRGN         ROMClassicII	7F,36160
SETRECTRGN          ROMClassicII	7F,36170
RECTRGN             ROMClassicII	7F,361D0
OFFSETRGN           ROMClassicII	7F,361E0
INSETRGN            ROMClassicII	7F,36220
EMPTYRGN            ROMClassicII	7F,362D0
EQUALRGN            ROMClassicII	7F,362F0
SECTRGN             ROMClassicII	7F,36330
UNIONRGN            ROMClassicII	7F,36334	 	 E
DIFFRGN             ROMClassicII	7F,36338	 	 E
XORRGN              ROMClassicII	7F,3633C	 	 E
DORGNOP             ROMClassicII	7F,3633E	 	 E
PTINRGN             ROMClassicII	7F,36430
RECTINRGN           ROMClassicII	7F,36490
TRIMRECT            ROMClassicII	7F,36520
MAPRGN              ROMClassicII	7F,36630
BITMAPRGN           ROMClassicII	7F,366F0
INITRGN             ROMClassicII	7F,369C0
SEEKRGN             ROMClassicII	7F,36A10
SEEKDOWN            ROMClassicII	7F,36A5E	 	 E
SEEKUP              ROMClassicII	7F,36A9A	 	 E
STRETCHBITS         ROMClassicII	7F,36B60
BLITCASE            ROMClassicII	7F,36D24	 	 E
STCOLORTAB          ROMClassicII	7F,37030	 	 E
STGRAYTAB           ROMClassicII	7F,37050	 	 E
STSEARCHTAB         ROMClassicII	7F,37070	 	 E
ONEBITPROC          ROMClassicII	7F,37170	 	 E
STSCANLOOP          ROMClassicII	7F,374D0	 	 E
DONESTRETCH         ROMClassicII	7F,37934	 	 E
STNOSTACK           ROMClassicII	7F,37980	 	 E
STMASK0             ROMClassicII	7F,379F0	 	 E
STMASK1             ROMClassicII	7F,37A20	 	 E
STMASK2             ROMClassicII	7F,37A40	 	 E
STMASK3             ROMClassicII	7F,37A60	 	 E
STADDOVER           ROMClassicII	7F,37A80	 	 E
STADDPIN            ROMClassicII	7F,37AD0	 	 E
STSUBOVER           ROMClassicII	7F,37B40	 	 E
STSUBPIN            ROMClassicII	7F,37B90	 	 E
STMAX               ROMClassicII	7F,37C00	 	 E
STMIN               ROMClassicII	7F,37C60	 	 E
STAVG               ROMClassicII	7F,37CC0	 	 E
STTRANSPARENT       ROMClassicII	7F,37D20	 	 E
STHILITE            ROMClassicII	7F,37D60	 	 E
STARITH16TAB        ROMClassicII	7F,383F4	 	 E
STARITH32TAB        ROMClassicII	7F,38418	 	 E
SETUPSTRETCH        ROMClassicII	7F,38440	 	 E
EXTBL               ROMClassicII	7F,3852C	 	 E
PATEXTBL            ROMClassicII	7F,3854C	 	 E
TABLE2              ROMClassicII	7F,38846	 	 E
TABLE4              ROMClassicII	7F,38AE8	 	 E
TABLE8              ROMClassicII	7F,38FF4	 	 E
SCALEINDEXEDTOINDEXED ROMClassicII	7F,39380
DITHER32TOINDEXED   ROMClassicII	7F,393C0
DITHER16TOINDEXED   ROMClassicII	7F,394D0
DITHER32TOGRAY      ROMClassicII	7F,395E0
DITHER16TOGRAY      ROMClassicII	7F,396C0
SCALE32TOINDEXED    ROMClassicII	7F,397C0
SCALE32TOGRAY       ROMClassicII	7F,39820
SCALE32TOBITMAP     ROMClassicII	7F,39880
SCALE16TOGRAY       ROMClassicII	7F,398D0
SCALE16TOBITMAP     ROMClassicII	7F,39940
SEARCH32TOINDEXED   ROMClassicII	7F,399B0
SCALE32TO16         ROMClassicII	7F,39A60
SEARCH32TO16        ROMClassicII	7F,39A90
SCALE16TOINDEXED    ROMClassicII	7F,39B30
SEARCH16TOINDEXED   ROMClassicII	7F,39BA0
SCALE16TO32         ROMClassicII	7F,39C80
SEARCH16TO32        ROMClassicII	7F,39D20
SCALEBLT            ROMClassicII	7F,39DD0
SCDIRTAB1           ROMClassicII	7F,3A554	 	 E
SCDIRTAB2           ROMClassicII	7F,3A574	 	 E
SCDIRTAB4           ROMClassicII	7F,3A594	 	 E
SCDIRTAB8           ROMClassicII	7F,3A5B4	 	 E
SCDIRTAB16          ROMClassicII	7F,3A5D4	 	 E
SCDIRTAB32          ROMClassicII	7F,3A5F4	 	 E
SCINDTAB1           ROMClassicII	7F,3A614	 	 E
SCINDTAB2           ROMClassicII	7F,3A624	 	 E
SCINDTAB4           ROMClassicII	7F,3A634	 	 E
SCINDTAB8           ROMClassicII	7F,3A644	 	 E
SCINDTAB16          ROMClassicII	7F,3A654	 	 E
SCINDTAB32          ROMClassicII	7F,3A664	 	 E
ANDY                ROMClassicII	7F,3A680
CB1TO8CLIP          ROMClassicII	7F,3A680	 	 E
CB8TO8CLIP          ROMClassicII	7F,3A8E0	 	 E
CB8TO1CLIP          ROMClassicII	7F,3AC6E	 	 E
XGETSEEK            ROMClassicII	7F,3AF00
ALLOCRUNBUF         ROMClassicII	7F,3AF0A	 	 E
GETSEEK             ROMClassicII	7F,3AF40	 	 E
GSRUNTBL            ROMClassicII	7F,3B084	 	 E
GSEXPTBL            ROMClassicII	7F,3B09C	 	 E
GSSEEKTBL           ROMClassicII	7F,3B0B4	 	 E
STDOVAL             ROMClassicII	7F,3BA20
FRAMEOVAL           ROMClassicII	7F,3BAE0
PAINTOVAL           ROMClassicII	7F,3BAE4	 	 E
ERASEOVAL           ROMClassicII	7F,3BAE8	 	 E
INVERTOVAL          ROMClassicII	7F,3BAEC	 	 E
FILLOVAL            ROMClassicII	7F,3BAF0	 	 E
FILLCOVAL           ROMClassicII	7F,3BAF4	 	 E
CALLOVAL            ROMClassicII	7F,3BB06	 	 E
STDARC              ROMClassicII	7F,3BB30
FRAMEARC            ROMClassicII	7F,3BBE0
PAINTARC            ROMClassicII	7F,3BBE4	 	 E
ERASEARC            ROMClassicII	7F,3BBE8	 	 E
INVERTARC           ROMClassicII	7F,3BBEC	 	 E
FILLARC             ROMClassicII	7F,3BBF0	 	 E
FILLCARC            ROMClassicII	7F,3BBF4	 	 E
CALLARC             ROMClassicII	7F,3BC06	 	 E
SORTPOINTS          ROMClassicII	7F,3BC30
CULLPOINTS          ROMClassicII	7F,3BCC0
PUTRGN              ROMClassicII	7F,3BD10
UPDATEPIXMAP        ROMClassicII	7F,3BDB0
MAKEITABLE          ROMClassicII	7F,3BDC0
MAKEGRAYITAB        ROMClassicII	7F,3C144	 	 E
ITABMATCH           ROMClassicII	7F,3C250
COLORTHING2INDEX    ROMClassicII	7F,3C3A0
COLOR2INDEX         ROMClassicII	7F,3C3C8	 	 E
INDEX2COLOR         ROMClassicII	7F,3C460
INVERTCOLOR         ROMClassicII	7F,3C500
RGBFORECOLOR        ROMClassicII	7F,3C550
RGB2OLD             ROMClassicII	7F,3C5BA	 	 E
RGBBACKCOLOR        ROMClassicII	7F,3C5E6	 	 E
GETFORECOLOR        ROMClassicII	7F,3C5F0
GETBACKCOLOR        ROMClassicII	7F,3C632	 	 E
REALCOLOR           ROMClassicII	7F,3C640
SETENTRIES          ROMClassicII	7F,3C6C0
RESTOREENTRIES      ROMClassicII	7F,3C800
SAVEENTRIES         ROMClassicII	7F,3C920
PROTECTENTRY        ROMClassicII	7F,3C9C0
RESERVEENTRY        ROMClassicII	7F,3CA12	 	 E
SETCLIENTID         ROMClassicII	7F,3CA40
ADDSEARCH           ROMClassicII	7F,3CA50
ADDCOMP             ROMClassicII	7F,3CA8A	 	 E
DELSEARCH           ROMClassicII	7F,3CAC0
DELCOMP             ROMClassicII	7F,3CAF0
GETSUBTABLE         ROMClassicII	7F,3CB20
QDERROR             ROMClassicII	7F,3CBE0
DELTARGB            ROMClassicII	7F,3CBF0
GETCTABLE           ROMClassicII	7F,3CD86	 	 E
ANGLEFROMSLOPE      ROMClassicII	7F,3CE20
SLOPEFROMANGLE      ROMClassicII	7F,3CE5E	 	 E
PTTOANGLE           ROMClassicII	7F,3CF90
PUTOVAL             ROMClassicII	7F,3D030
PACKRGN             ROMClassicII	7F,3D180
RGNOP               ROMClassicII	7F,3D250
SECTSCAN            ROMClassicII	7F,3D490
DIFFSCAN            ROMClassicII	7F,3D496	 	 E
UNIONSCAN           ROMClassicII	7F,3D49A	 	 E
INSETSCAN           ROMClassicII	7F,3D4E0
XORSCAN             ROMClassicII	7F,3D52A	 	 E
SEEDCFILL           ROMClassicII	7F,3D540
CALCCMASK           ROMClassicII	7F,3D55A	 	 E
GETTEMPDEVICE       ROMClassicII	7F,3D730
MASKEND             ROMClassicII	7F,3D780	 	 E
XPALETTES           ROMClassicII	7F,3D780
SYSCOLORS           ROMClassicII	7F,3D780	 	 E
SYSCOLOREND         ROMClassicII	7F,3D798	 	 E
UPDATEPALETTE       ROMClassicII	7F,3D7A0	 	 E
ACTIVATEPALETTE     ROMClassicII	7F,3D7B8	 	 E
ALLOCATE            ROMClassicII	7F,3D9A0
CHECKALLDEVICECLUTS ROMClassicII	7F,3DA40
CHECKFORJUGGLER     ROMClassicII	7F,3DA80
PMGREXIT            ROMClassicII	7F,3DAA0
INSTALLMYEXITTOSHELL ROMClassicII	7F,3DAD0
MYEXITTOSHELL       ROMClassicII	7F,3DAF0	 	 E
RECORDPALETTE       ROMClassicII	7F,3DB00
NEWPALETTE          ROMClassicII	7F,3DBD0
GETNEWPALETTE       ROMClassicII	7F,3DC80
CLAIMINDEX          ROMClassicII	7F,3DCE0
CLEARPALETTE        ROMClassicII	7F,3DD80
CLEARSTRAND         ROMClassicII	7F,3DE10
ERASEPALETTE        ROMClassicII	7F,3DE50
CORRELATE           ROMClassicII	7F,3DEE0
DISPOSEAPPPALETTES  ROMClassicII	7F,3E040
DEVSETENTRIES       ROMClassicII	7F,3E0A0
DISPOSEPALETTE      ROMClassicII	7F,3E0E0
GETCLUT             ROMClassicII	7F,3E120	 	 E
INITPALETTES        ROMClassicII	7F,3E1F0
CHECKDEVICECOLORS   ROMClassicII	7F,3E3E0
FINDLINK            ROMClassicII	7F,3E460
ANALYZEDEV          ROMClassicII	7F,3E4C0
PILLAGE             ROMClassicII	7F,3E5E0
GIMMEINDEX          ROMClassicII	7F,3E610
MARKDEVUBIT         ROMClassicII	7F,3E630	 	 #
REDRAWDESKTOP       ROMClassicII	7F,3E650
DIRTYSEEDS          ROMClassicII	7F,3E680
SETPALETTE          ROMClassicII	7F,3E6B0
GETPALETTE          ROMClassicII	7F,3E7A0
FINDINDEX           ROMClassicII	7F,3E830
ENTRY2INDEX         ROMClassicII	7F,3E8C0
INDEX2ENTRIES       ROMClassicII	7F,3E9A0
PMFORECOLOR         ROMClassicII	7F,3EA20
PMBACKCOLOR         ROMClassicII	7F,3EA24	 	 E
ANIMATEENTRY        ROMClassicII	7F,3EA90
ANIMATEPALETTE      ROMClassicII	7F,3EBC0
GETENTRYCOLOR       ROMClassicII	7F,3ED60
SCATTERDEVICES      ROMClassicII	7F,3EDA0
SETDEV              ROMClassicII	7F,3EE68	 	 E
SETENTRYCOLOR       ROMClassicII	7F,3EF70
GETENTRYUSAGE       ROMClassicII	7F,3EFC0
SETENTRYUSAGE       ROMClassicII	7F,3F000
CTAB2PALETTE        ROMClassicII	7F,3F0A0
PALETTE2CTAB        ROMClassicII	7F,3F140
CLEARONE            ROMClassicII	7F,3F1B0
COPYPALETTE         ROMClassicII	7F,3F210
UPDATEDEVICE        ROMClassicII	7F,3F310
UPDATEDEVICES       ROMClassicII	7F,3F480
WHATPAL             ROMClassicII	7F,3F4D0
CALCDEVS            ROMClassicII	7F,3F500
UNHOOKDEVICE        ROMClassicII	7F,3F5D0
UNRESERVEDEVICES    ROMClassicII	7F,3F650
ZAPLINKS            ROMClassicII	7F,3F6C0
RESIZEPALETTE       ROMClassicII	7F,3F810
RESTOREDEVICECLUT   ROMClassicII	7F,3F8A0
NEWHILITECOLOR      ROMClassicII	7F,3F8D0
SAVEFORE            ROMClassicII	7F,3F910
SAVEBACK            ROMClassicII	7F,3F914	 	 E
RESTOREFORE         ROMClassicII	7F,3F970
RESTOREBACK         ROMClassicII	7F,3F98E	 	 E
REINSTANTIATECOLORS ROMClassicII	7F,3F9B0
RELEASELIST         ROMClassicII	7F,3F9C0
PMGRDISPATCH        ROMClassicII	7F,3FA36	 	 E
QDEXTDISPATCHER     ROMClassicII	7F,3FA60
NEWGWORLD           ROMClassicII	7F,3FAE0
SHIFTTABLE          ROMClassicII	7F,3FF3A	 	 E
FINDINVERSETABLE    ROMClassicII	7F,3FF60
GETGWORLD           ROMClassicII	7F,3FF90
SETGWORLD           ROMClassicII	7F,3FFB0
DISPOSEGWORLD       ROMClassicII	7F,3FFF0
GETGWORLDDEVICE     ROMClassicII	7F,40060
UPDATEGWORLD        ROMClassicII	7F,40090
QDDONE              ROMClassicII	7F,40AE0
LOCKPIXELS          ROMClassicII	7F,40AF0
UNLOCKPIXELS        ROMClassicII	7F,40B30
PORTCHANGED         ROMClassicII	7F,40B60
PIXPATCHANGED       ROMClassicII	7F,40B70
CTABCHANGED         ROMClassicII	7F,40B80
GDEVICECHANGED      ROMClassicII	7F,40BA0
ALLOWPURGEPIXELS    ROMClassicII	7F,40BB0
NOPURGEPIXELS       ROMClassicII	7F,40BD0
GETPIXELSSTATE      ROMClassicII	7F,40BF0
SETPIXELSSTATE      ROMClassicII	7F,40C20
GETPIXBASEADDR      ROMClassicII	7F,40C80
NEWSCREENBUFFER     ROMClassicII	7F,40CD0
NEWTEMPSCREENBUFFER ROMClassicII	7F,40CD4	 	 E
DISPOSESCREENBUFFER ROMClassicII	7F,40EB0
OFFSCREENVERSION    ROMClassicII	7F,40EE0
QDEXTEND            ROMClassicII	7F,40EF0
MMUTABLES           ROMClassicII	7F,40EF0	 	 #
INITMMU             ROMClassicII	7F,4177C	 	 E
STARTREADPRAM       ROMClassicII	7F,41930	 	 E
GETRBVSIZE          ROMClassicII	7F,41FEC	 	 E
MYGETRESOURCE       ROMClassicII	7F,42130
IsAscMac            ROMClassicII	7F,421B0
INITGLOBALS         ROMClassicII	7F,421E0
SetDivTable         ROMClassicII	7F,423F0	 	 #
insertInQueue       ROMClassicII	7F,42470	 	 #
nextFromQueue       ROMClassicII	7F,424F0	 	 #
ChannelModifier     ROMClassicII	7F,42550	 	 #
processCommandFrom  ROMClassicII	7F,427C0
processCommand      ROMClassicII	7F,42830	 	 #
processNextCommand  ROMClassicII	7F,42860	 	 #
sendEmptyCommand    ROMClassicII	7F,428A0	 	 #
tickleModifier      ROMClassicII	7F,428F0	 	 #
findModifier        ROMClassicII	7F,42920
disposChannel       ROMClassicII	7F,42980	 	 #
checkChannel        ROMClassicII	7F,42AE0
MyHoldMemory        ROMClassicII	7F,42B00
MyUnholdMemory      ROMClassicII	7F,42B40
pumpResource        ROMClassicII	7F,42B80	 	 #
OnHowOften          ROMClassicII	7F,42C20
OnWait              ROMClassicII	7F,42C90
SNDAPPDEAD          ROMClassicII	7F,42D10
ASYNCHCALLBACK      ROMClassicII	7F,42D60
SNDDOCOMMAND        ROMClassicII	7F,42D90
SNDDOIMMEDIATE      ROMClassicII	7F,42E40
SNDNEWCHANNEL       ROMClassicII	7F,42EB0
SNDDISPOSECHANNEL   ROMClassicII	7F,43070
SNDPLAY             ROMClassicII	7F,43100
SNDCONTROL          ROMClassicII	7F,433B0
SNDADDMODIFIER      ROMClassicII	7F,434D0
CallPascal          ROMClassicII	7F,43900	 	 #
CALLCALLBACKROUTINE ROMClassicII	7F,43900	 	 #E
CALLMODIFIERROUTINE ROMClassicII	7F,43900	 	 #E
InstallXTimer       ROMClassicII	7F,43910	 	 E
TimerCode           ROMClassicII	7F,43910	 	 #E
GetTMRecordPtr      ROMClassicII	7F,43918	 	 E
CancelDriftOfTimer  ROMClassicII	7F,4391C	 	 E
SetNextInterrupt    ROMClassicII	7F,4392A	 	 E
RemoveXTimer        ROMClassicII	7F,43964	 	 E
NewPtr              ROMClassicII	7F,43970	 	 #
NewSysPtr           ROMClassicII	7F,43980	 	 #
NewSysHandle        ROMClassicII	7F,43990
DisposPtr           ROMClassicII	7F,439A0	 	 #
HLock               ROMClassicII	7F,439B0	 	 #
HUnlock             ROMClassicII	7F,439C0	 	 #
MoveHHi             ROMClassicII	7F,439D0
HGetState           ROMClassicII	7F,439E0	 	 #
HSetState           ROMClassicII	7F,439F0	 	 #
GetHandleSize       ROMClassicII	7F,43A00	 	 #
BLOCKMOVE           ROMClassicII	7F,43A10	 	 #
SetHandleSize       ROMClassicII	7F,43A20	 	 #
MemError            ROMClassicII	7F,43A30	 	 #
StripAddress        ROMClassicII	7F,43A40	 	 #
RecoverHandle       ROMClassicII	7F,43A50	 	 #
SLODMULTIPLIERS     ROMClassicII	7F,43A5A	 	 E
CALCULATESLOD       ROMClassicII	7F,43A80
WaitBit             ROMClassicII	7F,43AA0	 	 #
inAppHeap           ROMClassicII	7F,43AB0	 	 #
SndAllOff           ROMClassicII	7F,43AE0	 	 #
BlockInts           ROMClassicII	7F,43AF0
UnBlockInts         ROMClassicII	7F,43B00
GestaltCall         ROMClassicII	7F,43B10
INSTALLSOUNDINTHANDLER ROMClassicII	7F,43B40
V8SNDINTPATCH1RTN   ROMClassicII	7F,43B4A	 	 E
SMGlobalLoc         ROMClassicII	7F,43CD0
IsVMPresent         ROMClassicII	7F,43CE0
NewVMPtr            ROMClassicII	7F,43D00
DisposVMPtr         ROMClassicII	7F,43D30
RangeCommon         ROMClassicII	7F,43D60
DebuggerRangeCommon ROMClassicII	7F,43D70
HOLDMEMORY          ROMClassicII	7F,43D80
UNHOLDMEMORY        ROMClassicII	7F,43D90
LOCKMEMORY          ROMClassicII	7F,43DA0
LOCKMEMORYCONTIGUOUS ROMClassicII	7F,43DB0
UNLOCKMEMORY        ROMClassicII	7F,43DC0
GETPHYSICAL         ROMClassicII	7F,43DD0
DEFERUSERFN         ROMClassicII	7F,43DF0
GETPAGESTATE        ROMClassicII	7F,43E00
PAGEFAULTFATAL      ROMClassicII	7F,43E10
DEBUGGERLOCKMEMORY  ROMClassicII	7F,43E20
DEBUGGERUNLOCKMEMORY ROMClassicII	7F,43E30
ENTERSUPERVISORMODE ROMClassicII	7F,43E40
INITSNDDISPATCH     ROMClassicII	7F,43E50
SOUNDDISPATCHER     ROMClassicII	7F,43E9E	 	 E
UnimplFunction      ROMClassicII	7F,43EE0	 	 #
DispVersion         ROMClassicII	7F,43EF0	 	 #
DispAddTool         ROMClassicII	7F,43F30
DispRemTool         ROMClassicII	7F,43F70	 	 #
DispToolAddr        ROMClassicII	7F,43FA0	 	 #
INITMACEDISPATCH    ROMClassicII	7F,43FD0	 	 E
Comp3to1            ROMClassicII	7F,44000
Exp1to3             ROMClassicII	7F,44280
Comp6to1            ROMClassicII	7F,44480
Exp1to6             ROMClassicII	7F,44870
TABLES              ROMClassicII	7F,44AC0
DELTA_TABLE         ROMClassicII	7F,44AC0	 	 E
MIN2_TABLE          ROMClassicII	7F,44BC0	 	 E
IQUADEL2_TABLE      ROMClassicII	7F,44BD0	 	 E
MIN3_TABLE          ROMClassicII	7F,453D0	 	 E
IQUADEL3_TABLE      ROMClassicII	7F,453E0	 	 E
SNDSOUNDMANAGERVERSION ROMClassicII	7F,45BE0
MACEVERSION         ROMClassicII	7F,45BF0
BOOTBEEP6           ROMClassicII	7F,45C0A	 	 E
ERRORBEEP1          ROMClassicII	7F,45C1C	 	 E
ERRORBEEP2          ROMClassicII	7F,45C2E	 	 E
ERRORBEEP3          ROMClassicII	7F,45C40	 	 E
ERRORBEEP4          ROMClassicII	7F,45C52	 	 E
STARTTEST           ROMClassicII	7F,46040	 	 #
ELSIETMVECTORS      ROMClassicII	7F,46040	 	 E
TMVECTORS           ROMClassicII	7F,46140	 	 E
STARTTEST1          ROMClassicII	7F,4639A	 	 E
SETUPUSP            ROMClassicII	7F,4666C	 	 E
SETVECTORTABLE      ROMClassicII	7F,46772	 	 E
JGETHARDWAREINFO    ROMClassicII	7F,4679E	 	 E
SIZEV8VRAM          ROMClassicII	7F,467AC	 	 E
CRITPROC            ROMClassicII	7F,46850	 	 #
MOD3TEST            ROMClassicII	7F,46850	 	 E
REVMOD3TEST         ROMClassicII	7F,46968	 	 E
ROMTEST             ROMClassicII	7F,46A6E	 	 E
STARTUPROMTEST      ROMClassicII	7F,46ADA	 	 E
EXTRAMTEST          ROMClassicII	7F,46B06	 	 E
ADDRLINETEST        ROMClassicII	7F,46B5A	 	 E
DATABUSTEST         ROMClassicII	7F,46BC2	 	 E
DYNAMIC_BUSSIZE_TEST ROMClassicII	7F,46C5C	 	 E
MOVINVTEST          ROMClassicII	7F,46D08	 	 E
NOTEST              ROMClassicII	7F,46D94	 	 E
NONCRITPROC         ROMClassicII	7F,46DA0	 	 #
VRAMDATATEST        ROMClassicII	7F,46DA0	 	 E
VRAMADDRTEST        ROMClassicII	7F,46DA0	 	 E
MAPRAMUNIQTEST      ROMClassicII	7F,46DA0	 	 E
MAPRAMDATATEST      ROMClassicII	7F,46DA0	 	 E
SETSCCIOPBYPASS     ROMClassicII	7F,46DA4	 	 E
SCCLOOPTEST         ROMClassicII	7F,46EC8	 	 E
SCCREGTEST          ROMClassicII	7F,46F68	 	 E
SCCTIMERTEST        ROMClassicII	7F,4704C	 	 E
VIATEST             ROMClassicII	7F,4714C	 	 E
TESTSCSI            ROMClassicII	7F,4731A	 	 E
TESTASC             ROMClassicII	7F,47402	 	 E
PRAMTEST            ROMClassicII	7F,47704	 	 E
TESTRBV             ROMClassicII	7F,477E0	 	 E
TESTSWIM            ROMClassicII	7F,47970	 	 E
FLOAT_TEST          ROMClassicII	7F,47C5E	 	 E
TESTPGC             ROMClassicII	7F,4842A	 	 E
FMCREGTEST          ROMClassicII	7F,48496	 	 E
FMCCACHETEST        ROMClassicII	7F,48514	 	 E
OSSREGTEST          ROMClassicII	7F,4861C	 	 E
OSSINTTEST          ROMClassicII	7F,486C6	 	 E
RPUTEST             ROMClassicII	7F,48734	 	 E
EGRETTEST           ROMClassicII	7F,4879E	 	 E
TESTSNDINTS         ROMClassicII	7F,488C8	 	 E
TESTCLUT            ROMClassicII	7F,48BC8	 	 E
TESTV8VRAM          ROMClassicII	7F,48CA2	 	 E
TESTPWM             ROMClassicII	7F,48CF6	 	 E
TIMESOUNDINTS       ROMClassicII	7F,48D7A	 	 E
POSTPROC            ROMClassicII	7F,48ED0	 	 #
GOTM                ROMClassicII	7F,48ED0	 	 E
ERROR1HANDLER       ROMClassicII	7F,48EDA	 	 E
ERROR2HANDLER       ROMClassicII	7F,48F60	 	 E
ERROR3HANDLER       ROMClassicII	7F,48F96	 	 E
ERROR4HANDLER       ROMClassicII	7F,48FC0	 	 E
NCERRORHANDLER      ROMClassicII	7F,48FEA	 	 E
PRLOG               ROMClassicII	7F,49070	 	 #
RBIMGR              ROMClassicII	7F,49070	 	 E
TMPROC              ROMClassicII	7F,49750	 	 #
TESTMANAGER         ROMClassicII	7F,49750	 	 E
TMRESTART           ROMClassicII	7F,49B0A	 	 E
TMENTRY1            ROMClassicII	7F,49B1C	 	 E
SETUPBASES          ROMClassicII	7F,4A0E4	 	 E
STARTTIMER          ROMClassicII	7F,4A216	 	 E
SENDTOCLK           ROMClassicII	7F,4A364	 	 E
WRXBYTE             ROMClassicII	7F,4A3A4	 	 E
RDXBYTE             ROMClassicII	7F,4A522	 	 E
TM_SENDBYTE         ROMClassicII	7F,4A694	 	 E
TM_GETBYTE          ROMClassicII	7F,4A6B4	 	 E
TM_WAIT             ROMClassicII	7F,4A6DC	 	 E
CLKWPOFF            ROMClassicII	7F,4A714	 	 E
DIAGROMENTRY        ROMClassicII	7F,4A79A	 	 E
SIZEMEMORY          ROMClassicII	7F,4A920	 	 E
OVERPATCH           ROMClassicII	7F,4AA60
FINDDEVBASEPATCH    ROMClassicII	7F,4AA60	 	 E
SEPARITYPATCH       ROMClassicII	7F,4AA74	 	 E
ENABLEPARITYPATCH   ROMClassicII	7F,4AAE0	 	 E
RSRCMGRPATCH        ROMClassicII	7F,4AAF6	 	 E
DELSEARCHPATCH      ROMClassicII	7F,4AB1A	 	 E
DELCOMPPATCH        ROMClassicII	7F,4AB36	 	 E
OPENPATCH           ROMClassicII	7F,4AB52	 	 E
SOUNDINITPATCH      ROMClassicII	7F,4AB78	 	 E
VISACONFIGURERAMPATCH ROMClassicII	7F,4ABB6	 	 E
ELSIETRANSLATE24TO32 ROMClassicII	7F,4AC54	 	 E
V8INIT              ROMClassicII	7F,4C2D6	 	 E
SHUTRESTARTANNEX    ROMClassicII	7F,4C6C0	 	 E
SLOTMGRPATCH1       ROMClassicII	7F,4C726	 	 E
SLOTBUSEXCPTNPTCH   ROMClassicII	7F,4C74E	 	 E
V8SNDINTPATCH1      ROMClassicII	7F,4C766	 	 E
EAGLEDECODERTABLE   ROMClassicII	7F,4C7A6	 	 E
SETUPSCREEN         ROMClassicII	7F,4C826	 	 E
VIA1INITAPOLLO      ROMClassicII	7F,4C8F6	 	 E
ALLOCSLOTOVERPATCH1 ROMClassicII	7F,4C8FC	 	 E
ALLOCSLOTOVERPATCH2 ROMClassicII	7F,4C912	 	 E
INITOVERPATCH       ROMClassicII	7F,4C968	 	 E
RESTOP              ROMClassicII	7F,4C990
DSPTABLE            ROMClassicII	7F,4C990
DISPTABLE           ROMClassicII	7F,4C990	 	 E
 size ROMClassicII 4DD90
