 seg RAM FD
 loc 0
RAMStart		RAM	FD,0
RAMEnd		RAM	FD,1FFFFE
 size RAM 1FFFFF


 seg ROMPowerBook100 7F
MYFIRSTPROC         ROMPowerBook100	7F,0	 	 #
BASEOFROM           ROMPowerBook100	7F,0	 	 E
MYROM               ROMPowerBook100	7F,0	 	 #
DISPOFF             ROMPowerBook100	7F,22	 	 E
CRITICAL            ROMPowerBook100	7F,26	 	 E
STARTBOOT           ROMPowerBook100	7F,58	 	 E
STARTINIT1          ROMPowerBook100	7F,96	 	 E
BOOTRETRY           ROMPowerBook100	7F,11C	 	 E
JMPTBLINIT          ROMPowerBook100	7F,224
JMPTBL2             ROMPowerBook100	7F,226	 	 E
FILLWITHONES        ROMPowerBook100	7F,234	 	 #
COMPBOOTSTACK       ROMPowerBook100	7F,244	 	 #
SETUPSYSAPPZONE     ROMPowerBook100	7F,252	 	 #
DRAWBEEPSCREEN      ROMPowerBook100	7F,290	 	 #
INITSHUTDOWNMGR     ROMPowerBook100	7F,31C	 	 #
INITPMGRVARS        ROMPowerBook100	7F,322	 	 #
INITADBVARS         ROMPowerBook100	7F,416	 	 #
INITHIMEMGLOBALS    ROMPowerBook100	7F,440	 	 #
INITGLOBALVARS      ROMPowerBook100	7F,460	 	 #
SWITCHGOODIES       ROMPowerBook100	7F,524	 	 #
WDCBSWOS            ROMPowerBook100	7F,55C	 	 E
PMSPSWOS            ROMPowerBook100	7F,55E	 	 E
INITSWITCHERTABLE   ROMPowerBook100	7F,560	 	 E
GETPRAM             ROMPowerBook100	7F,574	 	 #
WHICHCPU            ROMPowerBook100	7F,5B2	 	 #
WHICHBOARD          ROMPowerBook100	7F,5F0	 	 #
SETUPTIMEK          ROMPowerBook100	7F,60C	 	 #
INITSCSIGLOBALS     ROMPowerBook100	7F,718	 	 #
INITSCSI            ROMPowerBook100	7F,732
INITIWMGLOBALS      ROMPowerBook100	7F,74A	 	 #
INITIWM             ROMPowerBook100	7F,754
INITVIAGLOBALS      ROMPowerBook100	7F,794	 	 #
INITVIA             ROMPowerBook100	7F,79E	 	 #
VIATIMERENABLES     ROMPowerBook100	7F,7C0	 	 #
INITSCCGLOBALS      ROMPowerBook100	7F,7D4	 	 #
INITSCC             ROMPowerBook100	7F,808	 	 E
WRITESCC            ROMPowerBook100	7F,826	 	 #
INITVIDGLOBALS      ROMPowerBook100	7F,836	 	 #
INITCRSRVARS        ROMPowerBook100	7F,87A
INITCRSRMGR         ROMPowerBook100	7F,88A
INITIOMGR           ROMPowerBook100	7F,902
INITMEMMGR          ROMPowerBook100	7F,970
INITRSRCMGR         ROMPowerBook100	7F,98E
INITDTQUEUE         ROMPowerBook100	7F,99E
GOOFYDOEJECT        ROMPowerBook100	7F,9B0	 	 #
STARTTEST           ROMPowerBook100	7F,9BA	 	 #
STARTTEST1          ROMPowerBook100	7F,BBC	 	 E
ROMCHK              ROMPowerBook100	7F,C5C	 	 E
TJUMP               ROMPowerBook100	7F,E5E	 	 E
MAXTEST             ROMPowerBook100	7F,E6E	 	 E
NJUMP               ROMPowerBook100	7F,E70	 	 E
MAXNTST             ROMPowerBook100	7F,E86	 	 E
POSTPROC            ROMPowerBook100	7F,E88	 	 #
GOTM                ROMPowerBook100	7F,E88	 	 E
RAMTEST             ROMPowerBook100	7F,E96	 	 E
ERROR2HANDLER       ROMPowerBook100	7F,EBE	 	 E
ERROR1HANDLER       ROMPowerBook100	7F,EBE	 	 E
ERROR3HANDLER       ROMPowerBook100	7F,F22	 	 E
ERROR4HANDLER       ROMPowerBook100	7F,F3C	 	 E
NCERRORHANDLER      ROMPowerBook100	7F,F56	 	 E
TMPROC              ROMPowerBook100	7F,FB0	 	 #
TESTMANAGER         ROMPowerBook100	7F,FB0	 	 E
TMRESTART           ROMPowerBook100	7F,12D0	 	 E
TMENTRY0            ROMPowerBook100	7F,12D0	 	 E
TMENTRY1            ROMPowerBook100	7F,12D4	 	 E
STARTTIMER          ROMPowerBook100	7F,1A62	 	 E
WRXBYTE             ROMPowerBook100	7F,1AB8	 	 E
RDXBYTE             ROMPowerBook100	7F,1AD8	 	 E
QUASIPWRMGR         ROMPowerBook100	7F,1B28	 	 E
STPWRMGR            ROMPowerBook100	7F,1CC4	 	 E
CRITPROC            ROMPowerBook100	7F,1CD6	 	 #
DATABUSTEST         ROMPowerBook100	7F,1CD6	 	 E
STARTUPROMTEST      ROMPowerBook100	7F,1D04	 	 E
MOD3TEST            ROMPowerBook100	7F,1D2A	 	 E
REVMOD3TEST         ROMPowerBook100	7F,1E2E	 	 E
ROMTEST             ROMPowerBook100	7F,1F22	 	 E
EXTRAMTEST          ROMPowerBook100	7F,1F90	 	 E
ADDRLINETEST        ROMPowerBook100	7F,1FEE	 	 E
NOTEST              ROMPowerBook100	7F,2064	 	 E
NONCRITPROC         ROMPowerBook100	7F,2068	 	 #
VRAMADDRTEST        ROMPowerBook100	7F,2068	 	 E
VRAMDATATEST        ROMPowerBook100	7F,20E2	 	 E
MAPRAMDATATEST      ROMPowerBook100	7F,210E	 	 E
MAPRAMUNIQTEST      ROMPowerBook100	7F,215A	 	 E
SCCLOOPTEST         ROMPowerBook100	7F,229A	 	 E
SCCREGTEST          ROMPowerBook100	7F,2322	 	 E
SCCTIMERTEST        ROMPowerBook100	7F,235A	 	 E
VIATEST             ROMPowerBook100	7F,2444	 	 E
TESTSCSI            ROMPowerBook100	7F,25C2	 	 E
TESTASC             ROMPowerBook100	7F,26A6	 	 E
PRAMTEST            ROMPowerBook100	7F,27DE	 	 E
PRLOG               ROMPowerBook100	7F,27E2
FINDSTARTUPDEVICE   ROMPowerBook100	7F,27E2
GETDEFAULTSTARTUP   ROMPowerBook100	7F,2876
SETDEFAULTSTARTUP   ROMPowerBook100	7F,2880
INTERNALWAIT        ROMPowerBook100	7F,288A
EMBARKONSEARCH      ROMPowerBook100	7F,28B2	 	 #
WAITFORINTERNAL     ROMPowerBook100	7F,28D2	 	 #
LOADDRIVERS         ROMPowerBook100	7F,295E	 	 #
PLANSTRATEGY        ROMPowerBook100	7F,2986	 	 #
FINDNEXTCANDIDATE   ROMPowerBook100	7F,2992	 	 #
NEXTDQENTRY         ROMPowerBook100	7F,29A6	 	 #
SELECTDEVICE        ROMPowerBook100	7F,29B6	 	 #
CHECKMOUSEEJECT     ROMPowerBook100	7F,29D4	 	 #
GETSTARTUPINFO      ROMPowerBook100	7F,29E0	 	 #
REACTTOFAILURE      ROMPowerBook100	7F,2A00	 	 #
VISUALUPDATE        ROMPowerBook100	7F,2A1C	 	 #E
ENABLEXFLASH        ROMPowerBook100	7F,2A58	 	 #E
SHOWSUCCESS         ROMPowerBook100	7F,2A5E	 	 #
EJECTME             ROMPowerBook100	7F,2A72	 	 #
ISREJECT            ROMPowerBook100	7F,2A80	 	 #
ISITFLOPORDEF       ROMPowerBook100	7F,2A92	 	 #
ISITFLOPPY          ROMPowerBook100	7F,2AA6	 	 #
ISITANYTHING        ROMPowerBook100	7F,2AAE	 	 #
NEVERAGAIN          ROMPowerBook100	7F,2AB2	 	 #
INBOOTMASK          ROMPowerBook100	7F,2AC8	 	 #
SHOWDEVICEFAIL      ROMPowerBook100	7F,2ADA	 	 #
HAPPYMAC            ROMPowerBook100	7F,2AE6	 	 E
SHOWPLAINDISK       ROMPowerBook100	7F,2AF4	 	 #E
SHOWDISKQ           ROMPowerBook100	7F,2AFC	 	 #E
SHOWDISKX           ROMPowerBook100	7F,2B04	 	 #E
ERASEMYICON         ROMPowerBook100	7F,2B0C
PLOTMYICON          ROMPowerBook100	7F,2B26	 	 #
PLOTICNN            ROMPowerBook100	7F,2B3C
PSHICNRECT          ROMPowerBook100	7F,2B8C	 	 #
HAPPYICON           ROMPowerBook100	7F,2BB0	 	 #E
DISKICON            ROMPowerBook100	7F,2CB0	 	 #E
QDISKICON           ROMPowerBook100	7F,2DB0	 	 #E
XDISKICON           ROMPowerBook100	7F,2EB0	 	 #E
IGETTIMEOUT         ROMPowerBook100	7F,2FB0	 	 #
ISETTIMEOUT         ROMPowerBook100	7F,2FBA	 	 #
IGETWAITFLAGS       ROMPowerBook100	7F,2FD6	 	 #
ISETWAITFLAGS       ROMPowerBook100	7F,2FE0	 	 #
IDISABLEDYNWAIT     ROMPowerBook100	7F,2FF6	 	 #
IENABLEDYNWAIT      ROMPowerBook100	7F,3008	 	 #
IDISABLEPERMWAIT    ROMPowerBook100	7F,301A	 	 #
IENABLEPERMWAIT     ROMPowerBook100	7F,302C	 	 #
GETRAWTIMEOUT       ROMPowerBook100	7F,303E	 	 #
SETRAWTIMEOUT       ROMPowerBook100	7F,3050	 	 #
MYBOOT              ROMPowerBook100	7F,3060	 	 #
BOOTME              ROMPowerBook100	7F,3060	 	 E
CENTERRECT          ROMPowerBook100	7F,3494
MOUSEINIT           ROMPowerBook100	7F,34C6
INITEVENTS          ROMPowerBook100	7F,3510
CRITERR             ROMPowerBook100	7F,353A	 	 E
PUTSYMBOL           ROMPowerBook100	7F,3644	 	 E
PUTICON             ROMPowerBook100	7F,3654	 	 E
SYSERRINIT          ROMPowerBook100	7F,371E
DEBUGGER            ROMPowerBook100	7F,375E
DEBUGPROLOG         ROMPowerBook100	7F,379E	 	 E
TODEEPSHIT          ROMPowerBook100	7F,37B0
GENEXCPS            ROMPowerBook100	7F,37F2
IRQEXCEPTION        ROMPowerBook100	7F,380A	 	 E
SYSTEMERROR         ROMPowerBook100	7F,380C
SYSERR1             ROMPowerBook100	7F,3812	 	 E
SYSERR2             ROMPowerBook100	7F,3822	 	 E
ALLOCFAKERGNS       ROMPowerBook100	7F,386C	 	 E
DSERRORHANDLER      ROMPowerBook100	7F,38BA	 	 E
SIZEMEMORY          ROMPowerBook100	7F,3EA6	 	 E
POWERMNGR           ROMPowerBook100	7F,4014
PMGRINT             ROMPowerBook100	7F,402A	 	 E
ENVINT              ROMPowerBook100	7F,4074	 	 E
BATINT              ROMPowerBook100	7F,4080	 	 E
BATWATCH            ROMPowerBook100	7F,40A0	 	 E
SNDWATCH            ROMPowerBook100	7F,422E	 	 E
PMGROP              ROMPowerBook100	7F,4274	 	 E
GOTOSLEEP           ROMPowerBook100	7F,45D6	 	 E
WAKEUP              ROMPowerBook100	7F,46C0	 	 E
POWEROFF            ROMPowerBook100	7F,49D0	 	 E
SYSTEMBEEP          ROMPowerBook100	7F,4A18	 	 E
BOOTBEEP            ROMPowerBook100	7F,4A98	 	 E
ERRORBEEP1          ROMPowerBook100	7F,4AA8	 	 E
ERRORBEEP2          ROMPowerBook100	7F,4AAE	 	 E
ERRORBEEP3          ROMPowerBook100	7F,4AB4	 	 E
ERRORBEEP4          ROMPowerBook100	7F,4ABA	 	 E
CACHEPROC           ROMPowerBook100	7F,4C48
CACHETRAP           ROMPowerBook100	7F,4C58	 	 E
QSTUFF              ROMPowerBook100	7F,4D3E
ENQUEUE             ROMPowerBook100	7F,4D3E	 	 E
DEQUEUE             ROMPowerBook100	7F,4D64	 	 E
INITQUEUE           ROMPowerBook100	7F,4DAC	 	 E
DISPATCHER          ROMPowerBook100	7F,4DB6
EMT1010             ROMPowerBook100	7F,4DB6	 	 E
GETTRAPADDRESS      ROMPowerBook100	7F,4F0E	 	 E
SETTRAPADDRESS      ROMPowerBook100	7F,4F16	 	 E
CACHEFLUSH          ROMPowerBook100	7F,4F1E	 	 E
VCACHEFLUSH         ROMPowerBook100	7F,4F30	 	 E
INITDISPATCHER      ROMPowerBook100	7F,4F40	 	 E
BADTRAP             ROMPowerBook100	7F,4FBA	 	 E
INTHND              ROMPowerBook100	7F,4FC6
INITINTHANDLER      ROMPowerBook100	7F,51CE	 	 E
DEBUGUTIL           ROMPowerBook100	7F,5236	 	 E
DTCORE              ROMPowerBook100	7F,528A
DTINSTALL           ROMPowerBook100	7F,528A	 	 E
DISPTCHTSK          ROMPowerBook100	7F,52A2	 	 E
VDISPTCH            ROMPowerBook100	7F,52A8	 	 E
VBLCORE             ROMPowerBook100	7F,52E4
VINSTALL            ROMPowerBook100	7F,52E4	 	 E
VREMOVE             ROMPowerBook100	7F,5334	 	 E
VBLINT              ROMPowerBook100	7F,534A	 	 E
KBDMNGR             ROMPowerBook100	7F,53B8
INITADB             ROMPowerBook100	7F,53B8	 	 E
FDBSHIFTINT         ROMPowerBook100	7F,5678	 	 E
ADBOP               ROMPowerBook100	7F,57E0	 	 E
ADBREINIT           ROMPowerBook100	7F,5BB8	 	 E
INITADBDRVR         ROMPowerBook100	7F,5BEE	 	 E
ADBPROC             ROMPowerBook100	7F,5C42	 	 E
COUNTADBS           ROMPowerBook100	7F,5C7C	 	 E
GETINDADB           ROMPowerBook100	7F,5C96	 	 E
GETADBINFO          ROMPowerBook100	7F,5CC2	 	 E
SETADBINFO          ROMPowerBook100	7F,5CC8	 	 E
KEYTRANS            ROMPowerBook100	7F,5DA2	 	 E
RSETKMAP            ROMPowerBook100	7F,5EB0	 	 E
TIMEMGR             ROMPowerBook100	7F,5EC2
RMVTIME             ROMPowerBook100	7F,5EC2	 	 E
INSTIME             ROMPowerBook100	7F,5F1E	 	 E
PRIMETIME           ROMPowerBook100	7F,5F76	 	 E
INITTIMEMGR         ROMPowerBook100	7F,613A	 	 E
CLOCK               ROMPowerBook100	7F,61AE
ONESECINT           ROMPowerBook100	7F,61AE	 	 E
CLKRW               ROMPowerBook100	7F,61D8	 	 E
READXPRAM           ROMPowerBook100	7F,631A	 	 E
WRITEXPRAM          ROMPowerBook100	7F,6350	 	 E
CLKNOMEM            ROMPowerBook100	7F,63A0	 	 E
EVENTS              ROMPowerBook100	7F,63A2
POSTEVENT           ROMPowerBook100	7F,63A2	 	 E
OSEVENTAVAIL        ROMPowerBook100	7F,6420	 	 E
GETOSEVENT          ROMPowerBook100	7F,64AC	 	 E
FLUSHEVENTS         ROMPowerBook100	7F,64D6	 	 E
IOCORE              ROMPowerBook100	7F,651E
FSIODNETBL          ROMPowerBook100	7F,651E	 	 E
FETCH               ROMPowerBook100	7F,6524	 	 E
STASH               ROMPowerBook100	7F,6568	 	 E
IODONE              ROMPowerBook100	7F,6570	 	 E
VGODRIVER           ROMPowerBook100	7F,664E	 	 E
OPEN                ROMPowerBook100	7F,66F2	 	 E
CLOSE               ROMPowerBook100	7F,689A	 	 E
VWAITUNTIL          ROMPowerBook100	7F,68BC	 	 E
READ                ROMPowerBook100	7F,68D8	 	 E
VSYNCWAIT           ROMPowerBook100	7F,694A	 	 E
WRITE               ROMPowerBook100	7F,6958	 	 E
CONTROL             ROMPowerBook100	7F,696E	 	 E
STATUS              ROMPowerBook100	7F,697E	 	 E
KILLIO              ROMPowerBook100	7F,69A4	 	 E
DRVRINSTALL         ROMPowerBook100	7F,69F8	 	 E
DRVRREMOVE          ROMPowerBook100	7F,6A56	 	 E
ADDDRIVE            ROMPowerBook100	7F,6A86	 	 E
SCSISTUFF           ROMPowerBook100	7F,6A96
INITSCSIMGR         ROMPowerBook100	7F,6A96	 	 E
SCSIMGR             ROMPowerBook100	7F,6B54	 	 E
SCSIBOOTS           ROMPowerBook100	7F,7316
SCSILOAD            ROMPowerBook100	7F,7316	 	 E
LOADER              ROMPowerBook100	7F,75B6
LOADSEG             ROMPowerBook100	7F,75B6	 	 E
UNLOADSEG           ROMPowerBook100	7F,7648	 	 E
APPZONEADDR         ROMPowerBook100	7F,7690	 	 E
FLUSHAPPLVBLS       ROMPowerBook100	7F,76B2	 	 E
CHAIN               ROMPowerBook100	7F,76DA	 	 E
LAUNCH              ROMPowerBook100	7F,76E0	 	 E
VSEGSTACK           ROMPowerBook100	7F,77DC	 	 E
EXITTOSHELL         ROMPowerBook100	7F,782A	 	 E
VLAUNCHINIT         ROMPowerBook100	7F,7860	 	 E
GETAPPPARMS         ROMPowerBook100	7F,7886	 	 E
INSTALLRDRIVERS     ROMPowerBook100	7F,78A2	 	 E
SGLDREND            ROMPowerBook100	7F,7904	 	 E
SYSUTIL             ROMPowerBook100	7F,7904
ASYNCPATCH          ROMPowerBook100	7F,7904	 	 E
READPARAM           ROMPowerBook100	7F,7906	 	 E
WRITEPARAM          ROMPowerBook100	7F,7920	 	 E
READDATETIME        ROMPowerBook100	7F,7944	 	 E
SETDATETIME         ROMPowerBook100	7F,794E	 	 E
DELAY               ROMPowerBook100	7F,7956	 	 E
LWRSTRING           ROMPowerBook100	7F,7968	 	 E
UPRSTRING           ROMPowerBook100	7F,79D0	 	 E
CMPSTRING           ROMPowerBook100	7F,79E6	 	 E
RELSTRING           ROMPowerBook100	7F,79FC	 	 E
READPRAM            ROMPowerBook100	7F,7E70	 	 E
INITUTIL            ROMPowerBook100	7F,7EA6	 	 E
SYSENVIRONS         ROMPowerBook100	7F,7FC8
BLOCKMOVES          ROMPowerBook100	7F,80C2
BLOCKMOVE           ROMPowerBook100	7F,80D0	 	 E
BLOCKMOVE68020      ROMPowerBook100	7F,824C	 	 E
HEAP                ROMPowerBook100	7F,83C8
SETAPPLBASE         ROMPowerBook100	7F,83C8	 	 E
INITAPPLZONE        ROMPowerBook100	7F,83EE	 	 E
VIAZINIT            ROMPowerBook100	7F,8468	 	 E
VIAZPOSTINIT        ROMPowerBook100	7F,84DE	 	 E
INITZONE            ROMPowerBook100	7F,84E8	 	 E
GETZONE             ROMPowerBook100	7F,8582	 	 E
SETZONE             ROMPowerBook100	7F,8588	 	 E
MAXBLOCK            ROMPowerBook100	7F,858E	 	 E
COMPACTMEM          ROMPowerBook100	7F,859C	 	 E
PURGEMEM            ROMPowerBook100	7F,85CC	 	 E
PURGESPACE          ROMPowerBook100	7F,85E8	 	 E
FREEMEM             ROMPowerBook100	7F,85F2	 	 E
RESRVMEM            ROMPowerBook100	7F,85FC	 	 E
MAXMEM              ROMPowerBook100	7F,861A	 	 E
SETGROWZONE         ROMPowerBook100	7F,864E	 	 E
SETAPPLLIMIT        ROMPowerBook100	7F,8658	 	 E
STACKSPACE          ROMPowerBook100	7F,868C	 	 E
MAXAPPLZONE         ROMPowerBook100	7F,869E	 	 E
NEWPTR              ROMPowerBook100	7F,86D4	 	 E
DISPOSEPTR          ROMPowerBook100	7F,86F0	 	 E
GETPTRSIZE          ROMPowerBook100	7F,8706	 	 E
SETPTRSIZE          ROMPowerBook100	7F,8710	 	 E
PTRZONE             ROMPowerBook100	7F,871A	 	 E
NEWEMPTYHANDLE      ROMPowerBook100	7F,8738	 	 E
NWHANDLE            ROMPowerBook100	7F,874C	 	 E
DSPOSEHANDLE        ROMPowerBook100	7F,876E	 	 E
GETHANDLESIZE       ROMPowerBook100	7F,878E	 	 E
SETHANDLESIZE       ROMPowerBook100	7F,879A	 	 E
HANDLEZONE          ROMPowerBook100	7F,87AC	 	 E
RECOVERHANDLE       ROMPowerBook100	7F,87B4	 	 E
EMPTYHANDLE         ROMPowerBook100	7F,87DA	 	 E
REALLOCHANDLE       ROMPowerBook100	7F,87EA	 	 E
HLOCK               ROMPowerBook100	7F,882E	 	 E
HUNLOCK             ROMPowerBook100	7F,8838	 	 E
HPURGE              ROMPowerBook100	7F,8842	 	 E
HNOPURGE            ROMPowerBook100	7F,884C	 	 E
HRSRC               ROMPowerBook100	7F,8860	 	 E
HNORSRC             ROMPowerBook100	7F,886A	 	 E
HGETFLAGS           ROMPowerBook100	7F,8886	 	 E
HSETFLAGS           ROMPowerBook100	7F,8894	 	 E
MOREMASTERS         ROMPowerBook100	7F,889E	 	 E
STRIPADDRESS        ROMPowerBook100	7F,88B6	 	 E
MOVEHHI             ROMPowerBook100	7F,88BC	 	 E
HEAPGUTS            ROMPowerBook100	7F,8A9E
MMPPROLOGUE         ROMPowerBook100	7F,8AEE	 	 E
MMHPROLOGUE         ROMPowerBook100	7F,8B02	 	 E
MMPROLOGUE          ROMPowerBook100	7F,8B48	 	 E
MMRHPROLOGUE        ROMPowerBook100	7F,8B6A	 	 E
MMEPILOGUE          ROMPowerBook100	7F,8BA8	 	 E
MMNOERREPILOGUE     ROMPowerBook100	7F,8BB4	 	 E
MAKEBKF             ROMPowerBook100	7F,8BBA	 	 E
EH                  ROMPowerBook100	7F,8BC0	 	 E
PURGEHEAP           ROMPowerBook100	7F,8C0E	 	 E
TOTEPURGEABLES      ROMPowerBook100	7F,8CA0	 	 E
BKCOMPACTS          ROMPowerBook100	7F,8D00	 	 E
ALLOCBK             ROMPowerBook100	7F,8D9C	 	 E
COMPACTHP           ROMPowerBook100	7F,8E50	 	 E
TOMAXLIMIT          ROMPowerBook100	7F,8EE6	 	 E
MAXLIMIT            ROMPowerBook100	7F,8EEE	 	 E
ZONEADJUSTEND       ROMPowerBook100	7F,8F08	 	 E
ACTUALS             ROMPowerBook100	7F,8F72	 	 E
GETSIZE             ROMPowerBook100	7F,8F86	 	 E
CLEARGZSTUFF        ROMPowerBook100	7F,8F9E	 	 E
SETSIZE             ROMPowerBook100	7F,8FA8	 	 E
ADJUSTFREE          ROMPowerBook100	7F,9122	 	 E
NEXTMASTER          ROMPowerBook100	7F,912E	 	 E
HMAKEMOREMASTERS    ROMPowerBook100	7F,914A	 	 E
RELEASEMP           ROMPowerBook100	7F,917A	 	 E
MAKEPTRSPC          ROMPowerBook100	7F,9184	 	 E
FREEBK              ROMPowerBook100	7F,92F4	 	 E
STDGZ               ROMPowerBook100	7F,9320	 	 E
MEMMGREND           ROMPowerBook100	7F,9374	 	 E
SHUTDOWN            ROMPowerBook100	7F,9374
SHUTDOWNDISP        ROMPowerBook100	7F,9382	 	 E
TURBOFS             ROMPowerBook100	7F,9540
TFSDISPATCH         ROMPowerBook100	7F,9540	 	 E
FSQUEUESYNC         ROMPowerBook100	7F,9594	 	 E
CMDDONE             ROMPowerBook100	7F,964C	 	 E
FINITQUEUE          ROMPowerBook100	7F,9766	 	 E
DSHOOK              ROMPowerBook100	7F,9780	 	 E
DOEJECT             ROMPowerBook100	7F,9920	 	 E
VDOEJECT            ROMPowerBook100	7F,9920	 	 E
INITFS              ROMPowerBook100	7F,9954	 	 E
DIVUP               ROMPowerBook100	7F,9A42	 	 E
ROUNDALLOC          ROMPowerBook100	7F,9A56	 	 E
GETVCBRFN           ROMPowerBook100	7F,9A98	 	 E
MARKVCB             ROMPowerBook100	7F,9B10	 	 E
MARKVCBTIME         ROMPowerBook100	7F,9B12	 	 E
FLUSHMDB            ROMPowerBook100	7F,9B20	 	 E
VFLUSHMDB           ROMPowerBook100	7F,9B26	 	 E
MAKESTKPB           ROMPowerBook100	7F,9BE8	 	 E
MOUNTVOL            ROMPowerBook100	7F,9BFA	 	 E
VCHECKREMOUNT       ROMPowerBook100	7F,9E10	 	 E
VMTCHECK            ROMPowerBook100	7F,9F9A	 	 E
VBMCHK              ROMPowerBook100	7F,A176	 	 E
FINDDRIVE           ROMPowerBook100	7F,A258	 	 E
VFINDDRIVE          ROMPowerBook100	7F,A25E	 	 E
OFFLINE             ROMPowerBook100	7F,A284	 	 E
EJECT               ROMPowerBook100	7F,A32A	 	 E
UNMOUNTVOL          ROMPowerBook100	7F,A400	 	 E
FLUSHVOL            ROMPowerBook100	7F,A4A6	 	 E
VCKEXTFS            ROMPowerBook100	7F,A4E8	 	 E
VDTRMV3             ROMPowerBook100	7F,A4F8	 	 E
VDTRMV1             ROMPowerBook100	7F,A50C	 	 E
VDTRMV2             ROMPowerBook100	7F,A644	 	 E
GETVOLINFO          ROMPowerBook100	7F,A6DC	 	 E
SETVOLINFO          ROMPowerBook100	7F,A884	 	 E
GETVOL              ROMPowerBook100	7F,A940	 	 E
SETVOL              ROMPowerBook100	7F,A988	 	 E
SETDIR              ROMPowerBook100	7F,A9C8	 	 E
GETDIR              ROMPowerBook100	7F,A9FC	 	 E
OPENWD              ROMPowerBook100	7F,AA20	 	 E
CLOSEWD             ROMPowerBook100	7F,AACC	 	 E
GETWDINFO           ROMPowerBook100	7F,AB06	 	 E
OPENRF              ROMPowerBook100	7F,AED6	 	 E
FILEOPEN            ROMPowerBook100	7F,AEE0	 	 E
VFILEOPEN           ROMPowerBook100	7F,AEE6	 	 E
VPERMSSNCHK         ROMPowerBook100	7F,B062	 	 E
CREATEDIR           ROMPowerBook100	7F,B0C6	 	 E
FILECREATE          ROMPowerBook100	7F,B0D2	 	 E
FILEDELETE          ROMPowerBook100	7F,B2FC	 	 E
RENAME              ROMPowerBook100	7F,B37C	 	 E
TFMOVE              ROMPowerBook100	7F,B538	 	 E
SETFILTYPE          ROMPowerBook100	7F,B758	 	 E
SETFILLOCK          ROMPowerBook100	7F,B790	 	 E
RSTFILLOCK          ROMPowerBook100	7F,B79A	 	 E
SETFILEINFO         ROMPowerBook100	7F,B7DC	 	 E
SETCATINFO          ROMPowerBook100	7F,B80E	 	 E
VFNDFILNAME         ROMPowerBook100	7F,B89C	 	 E
GETCATINFO          ROMPowerBook100	7F,B9D6	 	 E
GETFILEINFO         ROMPowerBook100	7F,B9E8	 	 E
TFSVCBTST           ROMPowerBook100	7F,BDD2	 	 E
GETFPOS             ROMPowerBook100	7F,BE1C	 	 E
SETFPOS             ROMPowerBook100	7F,BE20	 	 E
FILEREAD            ROMPowerBook100	7F,BE24	 	 E
VFILEREAD           ROMPowerBook100	7F,BE2A	 	 E
FILEWRITE           ROMPowerBook100	7F,BF40	 	 E
VFILEWRITE          ROMPowerBook100	7F,BF46	 	 E
FLUSHFILE           ROMPowerBook100	7F,C060	 	 E
FILECLOSE           ROMPowerBook100	7F,C06A	 	 E
VFILECLOSE          ROMPowerBook100	7F,C070	 	 E
VFCLOSE             ROMPowerBook100	7F,C090	 	 E
GETEOF              ROMPowerBook100	7F,C25C	 	 E
VRFNCALL            ROMPowerBook100	7F,C274	 	 E
VTSTMOD             ROMPowerBook100	7F,C2BE	 	 E
GETFCBINFO          ROMPowerBook100	7F,C2D4	 	 E
FILEALLOC           ROMPowerBook100	7F,C3B2	 	 E
SETEOF              ROMPowerBook100	7F,C3E2	 	 E
VADJEOF             ROMPowerBook100	7F,C452	 	 E
LG2PHYS             ROMPowerBook100	7F,C4F6	 	 E
VLG2PHYS            ROMPowerBook100	7F,C4FC	 	 E
VSM                 ROMPowerBook100	7F,C6EC
BLKALLOC            ROMPowerBook100	7F,C6EC	 	 E
VBLKALLOC           ROMPowerBook100	7F,C6F2	 	 E
BLKDEALLOC          ROMPowerBook100	7F,C846	 	 E
VBLKDEALLOC         ROMPowerBook100	7F,C84C	 	 E
BLKCHK              ROMPowerBook100	7F,C88C	 	 E
UPDATEFREE          ROMPowerBook100	7F,C8E6	 	 E
VREADBM             ROMPowerBook100	7F,C91A	 	 E
FXM                 ROMPowerBook100	7F,C9BA
DEALLOCFILE         ROMPowerBook100	7F,C9BA	 	 E
VDEALLOCFILE        ROMPowerBook100	7F,C9C0	 	 E
EXTENDFILE          ROMPowerBook100	7F,CA8E	 	 E
VEXTENDFILE         ROMPowerBook100	7F,CA94	 	 E
FXMKEYCMP           ROMPowerBook100	7F,CC0A	 	 E
MAPFBLOCK           ROMPowerBook100	7F,CC48	 	 E
VMAPFBLOCK          ROMPowerBook100	7F,CC4E	 	 E
TRUNCATEFILE        ROMPowerBook100	7F,CCCA	 	 E
VTRUNCATEFILE       ROMPowerBook100	7F,CCD0	 	 E
VXFSEARCH           ROMPowerBook100	7F,CE3E	 	 E
CMSVCS              ROMPowerBook100	7F,CF7C
CMCREATECN          ROMPowerBook100	7F,CF7C	 	 E
CMDELETECN          ROMPowerBook100	7F,D0C2	 	 E
CMGETCN             ROMPowerBook100	7F,D16E	 	 E
CMGETOFF            ROMPowerBook100	7F,D18E	 	 E
CMMOVECN            ROMPowerBook100	7F,D1F2	 	 E
CMRENAMECN          ROMPowerBook100	7F,D398	 	 E
CMUPDATECN          ROMPowerBook100	7F,D4A0	 	 E
VCMSETUP            ROMPowerBook100	7F,D4D8	 	 E
CMMAINT             ROMPowerBook100	7F,D50A
BUILDKEY            ROMPowerBook100	7F,D50A	 	 E
CMFLUSH             ROMPowerBook100	7F,D538	 	 E
CMKEYCMP            ROMPowerBook100	7F,D56C	 	 E
LOCCNODE            ROMPowerBook100	7F,D5A8	 	 E
LOCCREC             ROMPowerBook100	7F,D5C8	 	 E
VLOCCREC            ROMPowerBook100	7F,D5CE	 	 E
UPDCNAME            ROMPowerBook100	7F,D5F6	 	 E
BTSVCS              ROMPowerBook100	7F,D610
BTCLOSE             ROMPowerBook100	7F,D610	 	 E
VBTCLOSE            ROMPowerBook100	7F,D616	 	 E
BTDELETE            ROMPowerBook100	7F,D650	 	 E
VBTDELETE           ROMPowerBook100	7F,D656	 	 E
BTFLUSH             ROMPowerBook100	7F,D802	 	 E
VBTFLUSH            ROMPowerBook100	7F,D808	 	 E
BTGETRECORD         ROMPowerBook100	7F,D866	 	 E
VBTGETRECORD        ROMPowerBook100	7F,D86C	 	 E
BTINSERT            ROMPowerBook100	7F,D91E	 	 E
VBTINSERT           ROMPowerBook100	7F,D924	 	 E
BTOPEN              ROMPowerBook100	7F,DBBE	 	 E
VBTOPEN             ROMPowerBook100	7F,DBC4	 	 E
BTSEARCH            ROMPowerBook100	7F,DC76	 	 E
VBTSEARCH           ROMPowerBook100	7F,DC7C	 	 E
BTUPDATE            ROMPowerBook100	7F,DD00	 	 E
VBTUPDATE           ROMPowerBook100	7F,DD06	 	 E
BTALLOC             ROMPowerBook100	7F,DD62
ALLOCNODE           ROMPowerBook100	7F,DD62	 	 E
VALLOCNODE          ROMPowerBook100	7F,DD68	 	 E
EXTBTFILE           ROMPowerBook100	7F,DDF8	 	 E
VEXTBTFILE          ROMPowerBook100	7F,DDFE	 	 E
FREENODE            ROMPowerBook100	7F,DEE6	 	 E
VFREENODE           ROMPowerBook100	7F,DEEC	 	 E
VUPDALTMDB          ROMPowerBook100	7F,DF9E	 	 E
BTMAINT1            ROMPowerBook100	7F,E092
ROTATELT            ROMPowerBook100	7F,E092	 	 E
SPLITLT             ROMPowerBook100	7F,E182	 	 E
TREESEARCH          ROMPowerBook100	7F,E20C	 	 E
VTREESEARCH         ROMPowerBook100	7F,E212	 	 E
BTMAINT2            ROMPowerBook100	7F,E2CA
BUILDIREC           ROMPowerBook100	7F,E2CA	 	 E
CHKNODE             ROMPowerBook100	7F,E2EC	 	 E
CLRNODE             ROMPowerBook100	7F,E370	 	 E
DELETEREC           ROMPowerBook100	7F,E38C	 	 E
GETLTSIB            ROMPowerBook100	7F,E3DC	 	 E
GETRTSIB            ROMPowerBook100	7F,E3E6	 	 E
GETMAXKEY           ROMPowerBook100	7F,E416	 	 E
GETNODE             ROMPowerBook100	7F,E422	 	 E
VGETNODE            ROMPowerBook100	7F,E428	 	 E
GETNODESIZ          ROMPowerBook100	7F,E45C	 	 E
GETOFFSET           ROMPowerBook100	7F,E474	 	 E
GETRECA             ROMPowerBook100	7F,E48C	 	 E
INITNODE            ROMPowerBook100	7F,E4A8	 	 E
INSERTREC           ROMPowerBook100	7F,E4DA	 	 E
LOCBTCB             ROMPowerBook100	7F,E54C	 	 E
LOCREC              ROMPowerBook100	7F,E556	 	 E
LOCTPR              ROMPowerBook100	7F,E588	 	 E
MOVOFFLT            ROMPowerBook100	7F,E598	 	 E
MOVOFFRT            ROMPowerBook100	7F,E5A8	 	 E
MOVRECLT            ROMPowerBook100	7F,E5BE	 	 E
MOVRECRT            ROMPowerBook100	7F,E5D4	 	 E
RELNODE             ROMPowerBook100	7F,E5EE	 	 E
VRELNODE            ROMPowerBook100	7F,E5F4	 	 E
SEARCHNODE          ROMPowerBook100	7F,E608	 	 E
UPDDREC             ROMPowerBook100	7F,E664	 	 E
UPDIKEY             ROMPowerBook100	7F,E686	 	 E
CACHE               ROMPowerBook100	7F,E6B8
FLUSHCACHE          ROMPowerBook100	7F,E6E2	 	 E
VFLUSHCACHE         ROMPowerBook100	7F,E6E8	 	 E
GETBLOCK            ROMPowerBook100	7F,E7CC	 	 E
VGETBLOCK           ROMPowerBook100	7F,E7D2	 	 E
INITCACHE           ROMPowerBook100	7F,E9B4	 	 E
MARKBLOCK           ROMPowerBook100	7F,EA0E	 	 E
VMARKBLOCK          ROMPowerBook100	7F,EA14	 	 E
MARKA5BLOCK         ROMPowerBook100	7F,EA1C	 	 E
RELBLOCK            ROMPowerBook100	7F,EA24	 	 E
VRELBLOCK           ROMPowerBook100	7F,EA2A	 	 E
TRASHVBLKS          ROMPowerBook100	7F,EA76	 	 E
VTRASHVBLKS         ROMPowerBook100	7F,EA7C	 	 E
TRASHFBLOCKS        ROMPowerBook100	7F,EAA4	 	 E
TRASHBLOCKS         ROMPowerBook100	7F,EAAE	 	 E
VTRASHBLOCKS        ROMPowerBook100	7F,EB02	 	 E
CACHERDIP           ROMPowerBook100	7F,EB44	 	 E
VCACHERDIP          ROMPowerBook100	7F,EB4A	 	 E
CACHEWRIP           ROMPowerBook100	7F,EB70	 	 E
VCACHEWRIP          ROMPowerBook100	7F,EB76	 	 E
CACHEIO             ROMPowerBook100	7F,EBC8
READOWNBUF          ROMPowerBook100	7F,EBC8	 	 E
READBLOCK           ROMPowerBook100	7F,EBC8	 	 E
WRITEOWNBUF         ROMPowerBook100	7F,EBD2	 	 E
WRITEBLOCK          ROMPowerBook100	7F,EBDA	 	 E
VBASICIO            ROMPowerBook100	7F,EC34	 	 E
RDBLOCKS            ROMPowerBook100	7F,ECA8	 	 E
VRDBLOCKS           ROMPowerBook100	7F,ECAE	 	 E
WRBLOCKS            ROMPowerBook100	7F,ECF6	 	 E
VWRBLOCKS           ROMPowerBook100	7F,ECFC	 	 E
VSETUPTAGS          ROMPowerBook100	7F,ED0E	 	 E
CallPascal          ROMPowerBook100	7F,ED5C	 	 #
CALLCALLBACKROUTINE ROMPowerBook100	7F,ED5C	 	 #E
CALLMODIFIERROUTINE ROMPowerBook100	7F,ED5C	 	 #E
SMGlobalLoc         ROMPowerBook100	7F,ED64	 	 E
SMGlobHndl          ROMPowerBook100	7F,ED6C	 	 E
TimerCode           ROMPowerBook100	7F,ED70	 	 #E
InitTimer           ROMPowerBook100	7F,EE56	 	 #E
WriteMinTimer       ROMPowerBook100	7F,EE6E	 	 #E
WriteTimer          ROMPowerBook100	7F,EE8C	 	 #E
ReadTimer           ROMPowerBook100	7F,EEBA	 	 #E
NewPtr              ROMPowerBook100	7F,EED6	 	 #
NewSysPtr           ROMPowerBook100	7F,EEE0	 	 #
DisposPtr           ROMPowerBook100	7F,EEEA	 	 #
HLock               ROMPowerBook100	7F,EEF2	 	 #
MoveHHi             ROMPowerBook100	7F,EEFA
HGetState           ROMPowerBook100	7F,EF02	 	 #
HSetState           ROMPowerBook100	7F,EF0A	 	 #
MemError            ROMPowerBook100	7F,EF16	 	 #
StripAddress        ROMPowerBook100	7F,EF1E	 	 #
RecoverHandle       ROMPowerBook100	7F,EF26	 	 #
IsNuMac             ROMPowerBook100	7F,EF30
WaitBit             ROMPowerBook100	7F,EF32	 	 #
inAppHeap           ROMPowerBook100	7F,EF42	 	 #
SndAllOff           ROMPowerBook100	7F,EF6C	 	 #
BlockInts           ROMPowerBook100	7F,EF76
UnBlockInts         ROMPowerBook100	7F,EF82
GestaltCall         ROMPowerBook100	7F,EF88
MYGETRESOURCE       ROMPowerBook100	7F,EF9C
IsAscMac            ROMPowerBook100	7F,F026
initGlobals         ROMPowerBook100	7F,F064	 	 #
insertInQueue       ROMPowerBook100	7F,F0BE	 	 #
nextFromQueue       ROMPowerBook100	7F,F14E	 	 #
ChannelModifier     ROMPowerBook100	7F,F1C4	 	 #
processCommandFrom  ROMPowerBook100	7F,F35C	 	 #
processCommand      ROMPowerBook100	7F,F3D8	 	 #
processNextCommand  ROMPowerBook100	7F,F41C	 	 #
sendEmptyCommand    ROMPowerBook100	7F,F466	 	 #
tickleModifier      ROMPowerBook100	7F,F4AC	 	 #
findModifier        ROMPowerBook100	7F,F4EA	 	 #
disposChannel       ROMPowerBook100	7F,F54E	 	 #
checkChannel        ROMPowerBook100	7F,F620	 	 #
pumpResource        ROMPowerBook100	7F,F652	 	 #
OnTimeInterrupt     ROMPowerBook100	7F,F6FA	 	 #
SNDAPPDEAD          ROMPowerBook100	7F,F806
ASYNCHCALLBACK      ROMPowerBook100	7F,F85E
SNDDOCOMMAND        ROMPowerBook100	7F,F8AA
SNDDOIMMEDIATE      ROMPowerBook100	7F,F94A
SNDADDMODIFIER      ROMPowerBook100	7F,F9A8
SNDNEWCHANNEL       ROMPowerBook100	7F,FB36
SNDDISPOSECHANNEL   ROMPowerBook100	7F,FC32
SNDPLAY             ROMPowerBook100	7F,FCD2
SNDCONTROL          ROMPowerBook100	7F,FF0C
MISCMGR             ROMPowerBook100	7F,FFEA
GETKEYS             ROMPowerBook100	7F,FFEA	 	 E
BUTTON              ROMPowerBook100	7F,10006	 	 E
TICKCOUNT           ROMPowerBook100	7F,10018	 	 E
GETMOUSE            ROMPowerBook100	7F,1005A	 	 E
STILLDOWN           ROMPowerBook100	7F,10070	 	 E
WAITMOUSEUP         ROMPowerBook100	7F,10098	 	 E
EVENTAVAIL          ROMPowerBook100	7F,100B6	 	 E
GETNEXTEVENT        ROMPowerBook100	7F,100BA	 	 E
WAITNEXTEVENT       ROMPowerBook100	7F,102F0
WMGR                ROMPowerBook100	7F,10368
NEWSTRING           ROMPowerBook100	7F,10376	 	 E
SETSTRING           ROMPowerBook100	7F,1038E	 	 E
DELETEWINDOW        ROMPowerBook100	7F,103EA	 	 E
CALCVIS             ROMPowerBook100	7F,10402	 	 E
CALCVISBEHIND       ROMPowerBook100	7F,10460	 	 E
CLIPABOVE           ROMPowerBook100	7F,104A4	 	 E
PAINTONE            ROMPowerBook100	7F,104C8	 	 E
PAINTBEHIND         ROMPowerBook100	7F,10578	 	 E
GETNEWRGN           ROMPowerBook100	7F,105D8	 	 E
SAVEOLD             ROMPowerBook100	7F,105E4	 	 E
DRAWNEW             ROMPowerBook100	7F,10612	 	 E
SHOWHIDE            ROMPowerBook100	7F,10672	 	 E
SETWPORT            ROMPowerBook100	7F,106A4	 	 E
RESTOREPORT         ROMPowerBook100	7F,106AE	 	 E
GETWMGRPORT         ROMPowerBook100	7F,106B4	 	 E
CHECKUPDATE         ROMPowerBook100	7F,106C8	 	 E
INITWINDOWS         ROMPowerBook100	7F,1075C	 	 E
NEWWINDOW           ROMPowerBook100	7F,10846	 	 E
CLOSEWINDOW         ROMPowerBook100	7F,1097A	 	 E
DISPOSEWINDOW       ROMPowerBook100	7F,10A08	 	 E
SHOWWINDOW          ROMPowerBook100	7F,10A16	 	 E
HIDEWINDOW          ROMPowerBook100	7F,10A3E	 	 E
GETWREFCON          ROMPowerBook100	7F,10A68	 	 E
SETWREFCON          ROMPowerBook100	7F,10A76	 	 E
SETWINDOWPIC        ROMPowerBook100	7F,10A86	 	 E
GETWINDOWPIC        ROMPowerBook100	7F,10A8C	 	 E
GETWTITLE           ROMPowerBook100	7F,10A92	 	 E
SETWTITLE           ROMPowerBook100	7F,10AAA	 	 E
DELTAPOINT          ROMPowerBook100	7F,10B28	 	 E
MOVEWINDOW          ROMPowerBook100	7F,10B84	 	 E
GETWVARIANT         ROMPowerBook100	7F,10C30	 	 E
HILITEWINDOW        ROMPowerBook100	7F,10CD8	 	 E
SIZEWINDOW          ROMPowerBook100	7F,10D18	 	 E
ZOOMWINDOW          ROMPowerBook100	7F,10D6C	 	 E
TRACKGOAWAY         ROMPowerBook100	7F,10DD2	 	 E
TRACKBOX            ROMPowerBook100	7F,10DDA	 	 E
SELECTWINDOW        ROMPowerBook100	7F,10E48	 	 E
BRINGTOFRONT        ROMPowerBook100	7F,10E78	 	 E
SENDBEHIND          ROMPowerBook100	7F,10F1A	 	 E
BEGINUPDATE         ROMPowerBook100	7F,10F70	 	 E
ENDUPDATE           ROMPowerBook100	7F,10FB0	 	 E
FRONTWINDOW         ROMPowerBook100	7F,10FD8	 	 E
DRAGWINDOW          ROMPowerBook100	7F,11002	 	 E
WMGRGRAY            ROMPowerBook100	7F,110BC	 	 E
DRAGGRAYRGN         ROMPowerBook100	7F,110C4	 	 E
DRAGTHERGN          ROMPowerBook100	7F,110D0	 	 E
INVALRGN            ROMPowerBook100	7F,111FC	 	 E
INVALRECT           ROMPowerBook100	7F,11242	 	 E
VALIDRGN            ROMPowerBook100	7F,11260	 	 E
VALIDRECT           ROMPowerBook100	7F,11264	 	 E
GROWWINDOW          ROMPowerBook100	7F,11268	 	 E
FINDWINDOW          ROMPowerBook100	7F,11372	 	 E
DRAWGROWICON        ROMPowerBook100	7F,113F6	 	 E
WMGREND             ROMPowerBook100	7F,11414	 	 E
MMGR                ROMPowerBook100	7F,11414
INITPROCMENU        ROMPowerBook100	7F,11414	 	 E
INITMENUS           ROMPowerBook100	7F,11444	 	 E
CALCMBHEIGHT        ROMPowerBook100	7F,114B8	 	 E
CLEARMENUBAR        ROMPowerBook100	7F,11546	 	 E
INSERTMENU          ROMPowerBook100	7F,1155E	 	 E
DELETEMENU          ROMPowerBook100	7F,1165A	 	 E
DRAWMBAR            ROMPowerBook100	7F,116C0	 	 E
DRAWMENUBAR         ROMPowerBook100	7F,116CA	 	 E
HILITEMENU          ROMPowerBook100	7F,116E8	 	 E
ENABLEITEM          ROMPowerBook100	7F,1173A	 	 E
DISABLEITEM         ROMPowerBook100	7F,1175C	 	 E
MENUSELECT          ROMPowerBook100	7F,117A2	 	 E
POPUPMENUSELECT     ROMPowerBook100	7F,118EE	 	 E
FULLCLIP            ROMPowerBook100	7F,11DD4	 	 E
GETMENUBAR          ROMPowerBook100	7F,11DFC	 	 E
SETMENUBAR          ROMPowerBook100	7F,11E16	 	 E
DISPOSEMENU         ROMPowerBook100	7F,11E2E	 	 E
FLASHMENUBAR        ROMPowerBook100	7F,11E46	 	 E
CALLMBARPROC        ROMPowerBook100	7F,11E84	 	 E
GETITEMICON         ROMPowerBook100	7F,11F52	 	 E
SETITEMICON         ROMPowerBook100	7F,11F56	 	 E
GETITEMCMD          ROMPowerBook100	7F,11F5A	 	 E
SETITEMCMD          ROMPowerBook100	7F,11F5E	 	 E
GETITEMSTYLE        ROMPowerBook100	7F,11F62	 	 E
SETITEMSTYLE        ROMPowerBook100	7F,11F66	 	 E
GETITEMMARK         ROMPowerBook100	7F,11F6A	 	 E
SETITEMMARK         ROMPowerBook100	7F,11F6E	 	 E
CHECKITEM           ROMPowerBook100	7F,11F72	 	 E
MENUKEY             ROMPowerBook100	7F,11F92	 	 E
GETITEM             ROMPowerBook100	7F,120DE	 	 E
CALCMENUSIZE        ROMPowerBook100	7F,12134	 	 E
NEWMENU             ROMPowerBook100	7F,1216E	 	 E
APPENDMENU          ROMPowerBook100	7F,121C0	 	 E
INSMENUITEM         ROMPowerBook100	7F,121C8	 	 E
GETMHANDLE          ROMPowerBook100	7F,1235A	 	 E
DELMENUITEM         ROMPowerBook100	7F,12382	 	 E
SETITEM             ROMPowerBook100	7F,123BA	 	 E
SETMENUFLASH        ROMPowerBook100	7F,12400	 	 E
ADDRESMENU          ROMPowerBook100	7F,1240A	 	 E
INSRTRESMENU        ROMPowerBook100	7F,12412	 	 E
COUNTMITEMS         ROMPowerBook100	7F,12570	 	 E
PLOTICON            ROMPowerBook100	7F,1258C	 	 E
MMGREND             ROMPowerBook100	7F,125C8	 	 E
CMGR                ROMPowerBook100	7F,125C8
NEWCONTROL          ROMPowerBook100	7F,125C8	 	 E
GETCVARIANT         ROMPowerBook100	7F,126C4	 	 E
DISPOSECONTROL      ROMPowerBook100	7F,12708	 	 E
KILLCONTROLS        ROMPowerBook100	7F,1272C	 	 E
DRAWONECONTROL      ROMPowerBook100	7F,1273E	 	 E
SHOWCONTROL         ROMPowerBook100	7F,1274E	 	 E
HIDECONTROL         ROMPowerBook100	7F,1276C	 	 E
MOVECONTROL         ROMPowerBook100	7F,12780	 	 E
GETCREFCON          ROMPowerBook100	7F,127BE	 	 E
SETCREFCON          ROMPowerBook100	7F,127CC	 	 E
GETCTLACTION        ROMPowerBook100	7F,127DC	 	 E
SETCTLACTION        ROMPowerBook100	7F,127E0	 	 E
SIZECONTROL         ROMPowerBook100	7F,127E4	 	 E
HILITECONTROL       ROMPowerBook100	7F,1280C	 	 E
GETCTITLE           ROMPowerBook100	7F,12838	 	 E
SETCTITLE           ROMPowerBook100	7F,12850	 	 E
GETCTLVALUE         ROMPowerBook100	7F,12892	 	 E
GETCTLMIN           ROMPowerBook100	7F,128A0	 	 E
GETCTLMAX           ROMPowerBook100	7F,128A4	 	 E
SETCTLVALUE         ROMPowerBook100	7F,128A8	 	 E
SETCTLMIN           ROMPowerBook100	7F,128EA	 	 E
SETCTLMAX           ROMPowerBook100	7F,128EE	 	 E
TESTCONTROL         ROMPowerBook100	7F,128F2	 	 E
DRAGCONTROL         ROMPowerBook100	7F,12920	 	 E
TRACKCONTROL        ROMPowerBook100	7F,129D2	 	 E
UPDTCONTROLS        ROMPowerBook100	7F,12AC0	 	 E
DRAWCONTROLS        ROMPowerBook100	7F,12AD0	 	 E
FINDCONTROL         ROMPowerBook100	7F,12B58	 	 E
CMGREND             ROMPowerBook100	7F,12BC6	 	 E
DMGR                ROMPowerBook100	7F,12BC6
INITDIALOGS         ROMPowerBook100	7F,12BD0	 	 E
STOPALERT           ROMPowerBook100	7F,12C86	 	 E
NOTEALERT           ROMPowerBook100	7F,12C8A	 	 E
CAUTIONALERT        ROMPowerBook100	7F,12C8E	 	 E
ALERT               ROMPowerBook100	7F,12C92	 	 E
GETNEWDIALOG        ROMPowerBook100	7F,12DB0	 	 E
NEWDIALOG           ROMPowerBook100	7F,12DEA	 	 E
ISDIALOGEVENT       ROMPowerBook100	7F,12E84	 	 E
DIALOGSELECT        ROMPowerBook100	7F,12EC0	 	 E
MODALDIALOG         ROMPowerBook100	7F,12F02	 	 E
DRAWDIALOG          ROMPowerBook100	7F,12F90	 	 E
UPDTDIALOG          ROMPowerBook100	7F,12FA8	 	 E
CLOSEDIALOG         ROMPowerBook100	7F,12FD0	 	 E
DISPOSDIALOG        ROMPowerBook100	7F,13054	 	 E
COULDDIALOG         ROMPowerBook100	7F,1308A	 	 E
COULDALERT          ROMPowerBook100	7F,13098	 	 E
FREEDIALOG          ROMPowerBook100	7F,130F2	 	 E
FREEALERT           ROMPowerBook100	7F,13100	 	 E
PARAMTEXT           ROMPowerBook100	7F,13152	 	 E
ERRORSOUND          ROMPowerBook100	7F,13176	 	 E
GETDITEM            ROMPowerBook100	7F,1317E	 	 E
SETDITEM            ROMPowerBook100	7F,131C4	 	 E
GETITEXT            ROMPowerBook100	7F,131FC	 	 E
SETITEXT            ROMPowerBook100	7F,1321C	 	 E
SELITEXT            ROMPowerBook100	7F,13280	 	 E
HIDEDITEM           ROMPowerBook100	7F,132DC	 	 E
SHOWDITEM           ROMPowerBook100	7F,1333A	 	 E
FINDDITEM           ROMPowerBook100	7F,133AE	 	 E
DMGREND             ROMPowerBook100	7F,138F2	 	 E
RMGR                ROMPowerBook100	7F,138F2
INITRESOURCES       ROMPowerBook100	7F,13914	 	 E
VSUPERLOAD          ROMPowerBook100	7F,13A84	 	 E
VNEWMAP             ROMPowerBook100	7F,13BBC	 	 E
RSRCZONEINIT        ROMPowerBook100	7F,13CA8	 	 E
CREATERESFILE       ROMPowerBook100	7F,13D3C	 	 E
OPENRESFILE         ROMPowerBook100	7F,13D86	 	 E
OPENRFPERM          ROMPowerBook100	7F,13DB6	 	 E
USERESFILE          ROMPowerBook100	7F,13DCA	 	 E
GETRESFILEATTRS     ROMPowerBook100	7F,13DD4	 	 E
SETRESFILEATTRS     ROMPowerBook100	7F,13DE0	 	 E
UPDATERESFILE       ROMPowerBook100	7F,13E96	 	 E
VCMPFRM             ROMPowerBook100	7F,13F7E	 	 E
CLOSERESFILE        ROMPowerBook100	7F,14170	 	 E
COUNT1RESOURCES     ROMPowerBook100	7F,14210	 	 E
COUNTRESOURCES      ROMPowerBook100	7F,14214	 	 E
GET1INDRESOURCE     ROMPowerBook100	7F,1423A	 	 E
GETINDRESOURCE      ROMPowerBook100	7F,1423E	 	 E
COUNT1TYPES         ROMPowerBook100	7F,142D6	 	 E
COUNTTYPES          ROMPowerBook100	7F,142DA	 	 E
GET1INDTYPE         ROMPowerBook100	7F,14320	 	 E
GETINDTYPE          ROMPowerBook100	7F,14324	 	 E
UNIQUE1ID           ROMPowerBook100	7F,14346	 	 E
UNIQUEID            ROMPowerBook100	7F,1434A	 	 E
GET1RESOURCE        ROMPowerBook100	7F,14384	 	 E
GETRESOURCE         ROMPowerBook100	7F,14388	 	 E
GET1NAMEDRESOURCE   ROMPowerBook100	7F,143C8	 	 E
GETNAMEDRESOURCE    ROMPowerBook100	7F,143CC	 	 E
VCHECKLOAD          ROMPowerBook100	7F,146D6	 	 E
LOADRESOURCE        ROMPowerBook100	7F,1497A	 	 E
RELEASERESOURCE     ROMPowerBook100	7F,149B8	 	 E
DETACHRESOURCE      ROMPowerBook100	7F,149E2	 	 E
CHANGEDRESOURCE     ROMPowerBook100	7F,149FA	 	 E
WRITERESOURCE       ROMPowerBook100	7F,14A36	 	 E
HOMERESFILE         ROMPowerBook100	7F,14A70	 	 E
SETRESPURGE         ROMPowerBook100	7F,14A9A	 	 E
SETRESLOAD          ROMPowerBook100	7F,14ABA	 	 E
CURRESFILE          ROMPowerBook100	7F,14AC4	 	 E
RESERROR            ROMPowerBook100	7F,14ACC	 	 E
ADDREFERENCE        ROMPowerBook100	7F,14AD4	 	 E
RMVEREFERENCE       ROMPowerBook100	7F,14AE4	 	 E
GETRESATTRS         ROMPowerBook100	7F,14AEE	 	 E
SETRESATTRS         ROMPowerBook100	7F,14B02	 	 E
GETRESINFO          ROMPowerBook100	7F,14B34	 	 E
SETRESINFO          ROMPowerBook100	7F,14B7A	 	 E
ADDRESOURCE         ROMPowerBook100	7F,14BC4	 	 E
RMVERESOURCE        ROMPowerBook100	7F,14C9C	 	 E
SIZERESOURCE        ROMPowerBook100	7F,14E18	 	 E
MAXSIZERSRC         ROMPowerBook100	7F,14E3A	 	 E
RSRCMAPENTRY        ROMPowerBook100	7F,14E4E	 	 E
RGETRESOURCE        ROMPowerBook100	7F,14E5A	 	 E
IAPPEND             ROMPowerBook100	7F,14E86	 	 E
BYTES               ROMPowerBook100	7F,14E86
MUNGER              ROMPowerBook100	7F,14E86	 	 E
XMUNGER             ROMPowerBook100	7F,14EB4	 	 E
HANDTOHAND          ROMPowerBook100	7F,14FEA	 	 E
PTRTOXHAND          ROMPowerBook100	7F,15012	 	 E
PTRTOHAND           ROMPowerBook100	7F,1501A	 	 E
HANDANDHAND         ROMPowerBook100	7F,15034	 	 E
PTRANDHAND          ROMPowerBook100	7F,15058	 	 E
METHODDISPATCH      ROMPowerBook100	7F,15068	 	 E
LONGMUL             ROMPowerBook100	7F,150C4	 	 E
FRACMUL             ROMPowerBook100	7F,150F0	 	 E
FIXMUL              ROMPowerBook100	7F,150F8	 	 E
FRACDIV             ROMPowerBook100	7F,151C2	 	 E
FIXDIV              ROMPowerBook100	7F,151C8	 	 E
FRACSQRT            ROMPowerBook100	7F,15218	 	 E
FIXRATIO            ROMPowerBook100	7F,15252	 	 E
LOWORD              ROMPowerBook100	7F,1528C	 	 E
HIWORD              ROMPowerBook100	7F,15294	 	 E
FIXROUND            ROMPowerBook100	7F,1529E	 	 E
FRACCOS             ROMPowerBook100	7F,152B8	 	 E
FRACSIN             ROMPowerBook100	7F,152C0	 	 E
FIXATAN2            ROMPowerBook100	7F,15366	 	 E
FIX2X               ROMPowerBook100	7F,15424	 	 E
FRAC2X              ROMPowerBook100	7F,1542A	 	 E
X2FIX               ROMPowerBook100	7F,15456	 	 E
X2FRAC              ROMPowerBook100	7F,1545C	 	 E
FIX2LONG            ROMPowerBook100	7F,154B8	 	 E
FRAC2FIX            ROMPowerBook100	7F,154BC	 	 E
LONG2FIX            ROMPowerBook100	7F,154D8	 	 E
FIX2FRAC            ROMPowerBook100	7F,154DC	 	 E
DESKMGR             ROMPowerBook100	7F,154EC
SYSTEMEVENT         ROMPowerBook100	7F,154EC	 	 E
SYSTEMCLICK         ROMPowerBook100	7F,155C8	 	 E
SYSTEMTASK          ROMPowerBook100	7F,1569C	 	 E
SYSTEMMENU          ROMPowerBook100	7F,15720	 	 E
SYSTEMEDIT          ROMPowerBook100	7F,15768	 	 E
OPENDESKACC         ROMPowerBook100	7F,15796	 	 E
CLOSEDESKACC        ROMPowerBook100	7F,157E4	 	 E
GetPID              ROMPowerBook100	7F,15902
GetFreeAux          ROMPowerBook100	7F,15944
AddAuxRec           ROMPowerBook100	7F,1597C
LinkAuxRec          ROMPowerBook100	7F,159C0
UnLinkAuxRecs       ROMPowerBook100	7F,159FC
InsertMarkRec       ROMPowerBook100	7F,15A3A
InsertIconRec       ROMPowerBook100	7F,15AB6
ValidIconRec        ROMPowerBook100	7F,15B02
NMINIT              ROMPowerBook100	7F,15B58
_NMInstall          ROMPowerBook100	7F,15B90
_NMRemove           ROMPowerBook100	7F,15BDE
AddrInRange         ROMPowerBook100	7F,15C3E
COPYSTRING          ROMPowerBook100	7F,15C98
FLUSHAPPLNM         ROMPowerBook100	7F,15CD4
NMFILTER            ROMPowerBook100	7F,15D3C
DEFBUTPROC          ROMPowerBook100	7F,15DE8
FindItem            ROMPowerBook100	7F,15E40
GetAppleMenu        ROMPowerBook100	7F,15E9C
CallMBarProc        ROMPowerBook100	7F,15EEC
SWAPITEMMARKS       ROMPowerBook100	7F,15F7A
ClearMarks          ROMPowerBook100	7F,15FC8
SWAPDAMARK          ROMPowerBook100	7F,1600C
MarkItem            ROMPowerBook100	7F,16100
RotateIcon          ROMPowerBook100	7F,1615C
DoSound             ROMPowerBook100	7F,1619C
DoDialog            ROMPowerBook100	7F,161F4
DoRespProc          ROMPowerBook100	7F,163DC
NMGNEFILTER         ROMPowerBook100	7F,1642E
NMTASK              ROMPowerBook100	7F,164F4
__NMINSTALL         ROMPowerBook100	7F,166F6
__NMREMOVE          ROMPowerBook100	7F,16702
NMInstall           ROMPowerBook100	7F,1670E
NMRemove            ROMPowerBook100	7F,16716
_FC2X               ROMPowerBook100	7F,1671E	 	 #
_fprocENTRYsp       ROMPowerBook100	7F,1676A	 	 #
_fprocEXITsp        ROMPowerBook100	7F,16794	 	 #
GESTALTTRAP         ROMPowerBook100	7F,167DC
getGestalt          ROMPowerBook100	7F,16824
getSysVersion       ROMPowerBook100	7F,1686E
getRomVersion       ROMPowerBook100	7F,16882
getAuxVersion       ROMPowerBook100	7F,1689A
getMachineType      ROMPowerBook100	7F,168C0
getProcessor        ROMPowerBook100	7F,168DC
getKeyboard         ROMPowerBook100	7F,168F4
getFPUType          ROMPowerBook100	7F,1692E
getMMUType          ROMPowerBook100	7F,1697C
getPageSize         ROMPowerBook100	7F,169B0
getRAMSize          ROMPowerBook100	7F,169FE
getROMSize          ROMPowerBook100	7F,16A40
qdVersion           ROMPowerBook100	7F,16A8C
getATalkVersion     ROMPowerBook100	7F,16AC0
PowerMgr            ROMPowerBook100	7F,16AEE
getAddrMode         ROMPowerBook100	7F,16B2A
getSoundAttr        ROMPowerBook100	7F,16B46
getTimeMgrType      ROMPowerBook100	7F,16BC0
getSCCRd            ROMPowerBook100	7F,16BF8
getSCCWr            ROMPowerBook100	7F,16C0A
getRBV              ROMPowerBook100	7F,16C1C
getVIA1             ROMPowerBook100	7F,16C4A
getVIA2             ROMPowerBook100	7F,16C5C
VMInfo              ROMPowerBook100	7F,16C8A
getFirstSlot        ROMPowerBook100	7F,16C9A
getMachSpecific     ROMPowerBook100	7F,16CEA
Internal            ROMPowerBook100	7F,16DFA
INITGESTALT         ROMPowerBook100	7F,16E4C
newGestalt          ROMPowerBook100	7F,16FEC
removeLong          ROMPowerBook100	7F,17118
findLong            ROMPowerBook100	7F,171F2
NewSPtr             ROMPowerBook100	7F,172A2
NewCPtr             ROMPowerBook100	7F,172B0
NewSCPtr            ROMPowerBook100	7F,172BE
NewSHandle          ROMPowerBook100	7F,172CC
NewCHandle          ROMPowerBook100	7F,172DA
NewSCHandle         ROMPowerBook100	7F,172E8
EQUALSTRING         ROMPowerBook100	7F,172F6
NGETTRAPADDRESS     ROMPowerBook100	7F,1733C
DisposPtr           ROMPowerBook100	7F,17354
DisposHandle        ROMPowerBook100	7F,17360
HLock               ROMPowerBook100	7F,1736C
HUnlock             ROMPowerBook100	7F,17378
SetHandleSize       ROMPowerBook100	7F,17384
GetHandleSize       ROMPowerBook100	7F,17394
BlockMove           ROMPowerBook100	7F,1739C
HGetState           ROMPowerBook100	7F,173B0
HSetState           ROMPowerBook100	7F,173B8
StripAddress        ROMPowerBook100	7F,173C8
Enqueue             ROMPowerBook100	7F,173D0
Dequeue             ROMPowerBook100	7F,173DC
Delay               ROMPowerBook100	7F,173E8
CODEENTRY           ROMPowerBook100	7F,173F4
VERSIONADDRESS      ROMPowerBook100	7F,173F4	 	 E
PATCHSTART          ROMPowerBook100	7F,173F6	 	 E
ROMANPRINT          ROMPowerBook100	7F,173F6	 	 E
ROMANNAME           ROMPowerBook100	7F,173F8	 	 E
ROMANSCRIPT         ROMPowerBook100	7F,173FE	 	 E
ROMANDISPTABLE      ROMPowerBook100	7F,17422	 	 E
SETSCRIPT           ROMPowerBook100	7F,17440	 	 E
GETSCRIPT           ROMPowerBook100	7F,17440	 	 E
CHARBYTE            ROMPowerBook100	7F,17444	 	 E
CHARTYPE            ROMPowerBook100	7F,17450	 	 E
PIXEL2CHAR          ROMPowerBook100	7F,174B4	 	 E
CHAR2PIXEL          ROMPowerBook100	7F,17564	 	 E
TRANSLIT            ROMPowerBook100	7F,175A6	 	 E
FINDWORD            ROMPowerBook100	7F,1767A	 	 E
HILITETEXT          ROMPowerBook100	7F,177C2	 	 E
DRAWJUST            ROMPowerBook100	7F,177F4	 	 E
MEASUREJUST         ROMPowerBook100	7F,1781E	 	 E
PARSETABLE          ROMPowerBook100	7F,1784A	 	 E
FIXSPEXTRA          ROMPowerBook100	7F,1786A	 	 E
XVISIBLELENGTH      ROMPowerBook100	7F,1790E	 	 #
PRINTACTION         ROMPowerBook100	7F,17952	 	 E
SWAPICON            ROMPowerBook100	7F,1798C	 	 E
XSWAPICON           ROMPowerBook100	7F,17996	 	 E
SWAPKYBD            ROMPowerBook100	7F,17A46	 	 E
XSWAPKYBD           ROMPowerBook100	7F,17A50	 	 E
FIXSMGRWORLD        ROMPowerBook100	7F,17B52	 	 E
XFIXSMGRWORLD       ROMPowerBook100	7F,17B5C	 	 E
SMGRCALCRECT        ROMPowerBook100	7F,17C84	 	 E
SMGRINITFONTS       ROMPowerBook100	7F,17CDE	 	 E
SMGRPOSTMUNGING     ROMPowerBook100	7F,17D5A	 	 E
STDUNLINK           ROMPowerBook100	7F,17DCA	 	 E
STDEXIT             ROMPowerBook100	7F,17DCC	 	 E
XSCRIPTUTIL         ROMPowerBook100	7F,17DD2	 	 E
UTILTABLEBASE       ROMPowerBook100	7F,17E0A	 	 E
UTILTABLE           ROMPowerBook100	7F,17E26	 	 E
BITBUCKET           ROMPowerBook100	7F,17E76	 	 E
BITBUCKETREG        ROMPowerBook100	7F,17E7A	 	 E
MONTHSTARTS         ROMPowerBook100	7F,18200	 	 E
LEAPSTARTS          ROMPowerBook100	7F,1821A	 	 E
SECSINDAYX          ROMPowerBook100	7F,18236	 	 E
MAXOLDDATE          ROMPowerBook100	7F,18242	 	 E
MAXVAL              ROMPowerBook100	7F,1824C	 	 E
VALIDDATE           ROMPowerBook100	7F,18260
TOGGLEDATE          ROMPowerBook100	7F,182F8
LONGDATE2SECS       ROMPowerBook100	7F,18604
LONGDIV             ROMPowerBook100	7F,18764	 	 #
LONGSECS2DATE       ROMPowerBook100	7F,187BA
VALIDLONG           ROMPowerBook100	7F,1895A
BLOCK2STRING        ROMPowerBook100	7F,18996
COMPARE             ROMPowerBook100	7F,189EE
MATCHSTRING         ROMPowerBook100	7F,18A02
INITDATECACHE       ROMPowerBook100	7F,18A60
STRING2DATE         ROMPowerBook100	7F,18C6E
STRING2TIME         ROMPowerBook100	7F,19056	 	 E
STYLEDLINEBREAK     ROMPowerBook100	7F,1920C
FINDCARRIAGE        ROMPowerBook100	7F,193AC	 	 #
FORMATORDER         ROMPowerBook100	7F,193C6
INTLTOKENIZE        ROMPowerBook100	7F,19474
CHARCOMP            ROMPowerBook100	7F,19B60	 	 #
NEXTFORMATCLASS     ROMPowerBook100	7F,19B88	 	 #
GETSANECLASS        ROMPowerBook100	7F,19B96	 	 #
SENDBYTE            ROMPowerBook100	7F,19BA8	 	 #
SENDCHARREV0        ROMPowerBook100	7F,19BBE	 	 #
SENDCHAR0           ROMPowerBook100	7F,19BC0	 	 E
SENDCHARREV         ROMPowerBook100	7F,19BCC	 	 #
SENDCHAR            ROMPowerBook100	7F,19BDA	 	 E
INUNQUOTEDS         ROMPowerBook100	7F,19BEC	 	 #
RETRIEVECHAR        ROMPowerBook100	7F,19BEC
CHECKEXP            ROMPowerBook100	7F,19C5E	 	 #
CHECKPARTSINTEGRITY ROMPowerBook100	7F,19C9E
ISSUBSTRING         ROMPowerBook100	7F,19D4A
MAKEEXP             ROMPowerBook100	7F,19DC0
PROCESSLEAD         ROMPowerBook100	7F,19E3A	 	 #
GETC                ROMPowerBook100	7F,19E72	 	 #
XSTR2FORM           ROMPowerBook100	7F,19E8A
TACKONEXP           ROMPowerBook100	7F,1A25E
TRANSLATETOTEXT     ROMPowerBook100	7F,1A2A6	 	 #
CHECKFORM           ROMPowerBook100	7F,1A3FC
XFORM2STR           ROMPowerBook100	7F,1A4D8
MATCHINGSUBSTRING   ROMPowerBook100	7F,1A57E
MATCHINGBLOCKS      ROMPowerBook100	7F,1A5EC	 	 #
CHECKFORDIGITS      ROMPowerBook100	7F,1A644
COND                ROMPowerBook100	7F,1A6EE
EXPMATCHING         ROMPowerBook100	7F,1A74E
XFORMSTR2X          ROMPowerBook100	7F,1A79E
NUM2DEC             ROMPowerBook100	7F,1ACE0	 	 #
INT2STRING          ROMPowerBook100	7F,1ACF4	 	 #
CONVERTTOSTRING     ROMPowerBook100	7F,1AD18
EXPHANDLING         ROMPowerBook100	7F,1AE56
APPENDSYMBOL        ROMPowerBook100	7F,1AEB0
XFORMX2STR          ROMPowerBook100	7F,1B016
SMGRINITIALIZE      ROMPowerBook100	7F,1B404
SMGRTABLE           ROMPowerBook100	7F,1B5AE	 	 #
PATCHTABLE          ROMPowerBook100	7F,1B5F6	 	 #
ROMANTABLE          ROMPowerBook100	7F,1B5FE	 	 #
disable             ROMPowerBook100	7F,1B60E
spl                 ROMPowerBook100	7F,1B61E
GMGR                ROMPowerBook100	7F,1B630
GETPATTERN          ROMPowerBook100	7F,1B630	 	 E
GETCURSOR           ROMPowerBook100	7F,1B64A	 	 E
GETSTRING           ROMPowerBook100	7F,1B658	 	 E
GETICON             ROMPowerBook100	7F,1B660	 	 E
GETPICTURE          ROMPowerBook100	7F,1B668	 	 E
GETNEWWINDOW        ROMPowerBook100	7F,1B670	 	 E
GETNEWCONTROL       ROMPowerBook100	7F,1B6CE	 	 E
GETMENU             ROMPowerBook100	7F,1B720	 	 E
GETNEWMBAR          ROMPowerBook100	7F,1B7A6	 	 E
GETMGREND           ROMPowerBook100	7F,1B804	 	 E
TEXTEDIT            ROMPowerBook100	7F,1B804
TEGETTEXT           ROMPowerBook100	7F,1B820	 	 E
TEINIT              ROMPowerBook100	7F,1B82C	 	 E
TEDISPOSE           ROMPowerBook100	7F,1B872	 	 E
TEXTBOX             ROMPowerBook100	7F,1B8D0	 	 E
TESETTEXT           ROMPowerBook100	7F,1B9B0	 	 E
TECALTEXT           ROMPowerBook100	7F,1BAB8	 	 E
TESETSELECT         ROMPowerBook100	7F,1BB1C	 	 E
TENEW               ROMPowerBook100	7F,1BB4C	 	 E
TESTYLNEW           ROMPowerBook100	7F,1BC14	 	 E
TEUPDATE            ROMPowerBook100	7F,1BD2E	 	 E
TECLICK             ROMPowerBook100	7F,1BD5C	 	 E
VPIXEL2CHAR         ROMPowerBook100	7F,1BE78	 	 E
XTRIMMEASURE        ROMPowerBook100	7F,1C3E4	 	 E
VCHAR2PIXEL         ROMPowerBook100	7F,1C48E	 	 E
TEDISPATCH          ROMPowerBook100	7F,1C6DC	 	 E
TECOPY              ROMPowerBook100	7F,1C6F4	 	 E
TECUT               ROMPowerBook100	7F,1C7CC	 	 E
TEDELETE            ROMPowerBook100	7F,1C7DC	 	 E
XFINDWORD           ROMPowerBook100	7F,1C93C	 	 E
XFINDLINE           ROMPowerBook100	7F,1CA2E	 	 E
TEACTIVATE          ROMPowerBook100	7F,1CDF6	 	 E
TEDEACTIVATE        ROMPowerBook100	7F,1CE18	 	 E
TEIDLE              ROMPowerBook100	7F,1CE2E	 	 E
TEPASTE             ROMPowerBook100	7F,1CE56	 	 E
TEINSERT            ROMPowerBook100	7F,1D1BE	 	 E
TEKEY               ROMPowerBook100	7F,1D1EC	 	 E
TESETJUST           ROMPowerBook100	7F,1D2D6	 	 E
TESCROLL            ROMPowerBook100	7F,1D2FC	 	 E
TEPINSCROLL         ROMPowerBook100	7F,1D352	 	 E
TESELVIEW           ROMPowerBook100	7F,1D3DA	 	 E
TEAUTOVIEW          ROMPowerBook100	7F,1D450	 	 E
TEGETOFFSET         ROMPowerBook100	7F,1DA3C	 	 E
SCRAPMGR            ROMPowerBook100	7F,1DE9E
INFOSCRAP           ROMPowerBook100	7F,1DE9E	 	 E
UNLOADSCRAP         ROMPowerBook100	7F,1DF18	 	 E
LOADSCRAP           ROMPowerBook100	7F,1DF4E	 	 E
ZEROSCRAP           ROMPowerBook100	7F,1DF82	 	 E
GETSCRAP            ROMPowerBook100	7F,1DFCE	 	 E
PUTSCRAP            ROMPowerBook100	7F,1E03E	 	 E
PRGLUE              ROMPowerBook100	7F,1E084
PACKDISPATCHER      ROMPowerBook100	7F,1E302
INITPACK            ROMPowerBook100	7F,1E302	 	 E
INITALLPACKS        ROMPowerBook100	7F,1E324	 	 E
PACK4               ROMPowerBook100	7F,1E348	 	 E
PACK5               ROMPowerBook100	7F,1E36A	 	 E
PACK0               ROMPowerBook100	7F,1E3E8	 	 E
PACK1               ROMPowerBook100	7F,1E3EA	 	 E
PACK2               ROMPowerBook100	7F,1E3EC	 	 E
PACK3               ROMPowerBook100	7F,1E3EE	 	 E
PACK6               ROMPowerBook100	7F,1E3F4	 	 E
PACK7               ROMPowerBook100	7F,1E3F6	 	 E
PACK8               ROMPowerBook100	7F,1E3F8	 	 E
PACK9               ROMPowerBook100	7F,1E3FA	 	 E
PACK10              ROMPowerBook100	7F,1E3FC	 	 E
PACK11              ROMPowerBook100	7F,1E3FE	 	 E
PACK12              ROMPowerBook100	7F,1E400	 	 E
PACK13              ROMPowerBook100	7F,1E402	 	 E
PACK14              ROMPowerBook100	7F,1E404	 	 E
PACK15              ROMPowerBook100	7F,1E406	 	 E
PACKMGREND          ROMPowerBook100	7F,1E408	 	 E
SEXYDATE            ROMPowerBook100	7F,1E408
SECS2DATE           ROMPowerBook100	7F,1E408	 	 E
DATE2SECS           ROMPowerBook100	7F,1E480	 	 E
FONTMANAGER         ROMPowerBook100	7F,1E4E2
INITFONTS           ROMPowerBook100	7F,1E4E2	 	 E
FMSWAPFONT          ROMPowerBook100	7F,1E5EE	 	 E
FPOINTONE           ROMPowerBook100	7F,1F0B6	 	 E
GETFONTNAME         ROMPowerBook100	7F,1F124	 	 E
REALFONT            ROMPowerBook100	7F,1F192	 	 E
GETFNUM             ROMPowerBook100	7F,1F1FC	 	 E
SETFONTLOCK         ROMPowerBook100	7F,1F240	 	 E
SETFSCALEDISABLE    ROMPowerBook100	7F,1F268	 	 E
SETFRACTENABLE      ROMPowerBook100	7F,1F276	 	 E
FONTMETRICS         ROMPowerBook100	7F,1F27E	 	 E
FMGREND             ROMPowerBook100	7F,1F43A	 	 E
INITCURSOR          ROMPowerBook100	7F,1F43A
SETCURSOR           ROMPowerBook100	7F,1F44A
HIDECURSOR          ROMPowerBook100	7F,1F466
SHOWCURSOR          ROMPowerBook100	7F,1F46C
SHIELDCURSOR        ROMPowerBook100	7F,1F472
OBSCURECURSOR       ROMPowerBook100	7F,1F4A2
BITNOT              ROMPowerBook100	7F,1F4A8
BITAND              ROMPowerBook100	7F,1F4B0
BITXOR              ROMPowerBook100	7F,1F4B8	 	 E
BITOR               ROMPowerBook100	7F,1F4C2	 	 E
BITSHIFT            ROMPowerBook100	7F,1F4CA	 	 E
BITTST              ROMPowerBook100	7F,1F4E0
BITSET              ROMPowerBook100	7F,1F4EE	 	 E
BITCLR              ROMPowerBook100	7F,1F4F8	 	 E
RANDOM              ROMPowerBook100	7F,1F510
FORECOLOR           ROMPowerBook100	7F,1F562
BACKCOLOR           ROMPowerBook100	7F,1F566	 	 E
PORTLONG            ROMPowerBook100	7F,1F568	 	 E
COLORBIT            ROMPowerBook100	7F,1F574	 	 E
PORTWORD            ROMPowerBook100	7F,1F576	 	 E
GETMASKTAB          ROMPowerBook100	7F,1F582
LEFTMASK            ROMPowerBook100	7F,1F588	 	 E
RIGHTMASK           ROMPowerBook100	7F,1F594	 	 E
BITMASK             ROMPowerBook100	7F,1F5A0	 	 E
MASKTAB             ROMPowerBook100	7F,1F5AC	 	 E
PATEXPAND           ROMPowerBook100	7F,1F60C
COLORMAP            ROMPowerBook100	7F,1F6D4
GETPIXEL            ROMPowerBook100	7F,1F748
STUFFHEX            ROMPowerBook100	7F,1F77C
XORSLAB             ROMPowerBook100	7F,1F7B6
DRAWSLAB            ROMPowerBook100	7F,1F7FA
SLABMODE            ROMPowerBook100	7F,1F88A	 	 E
FASTSLABMODE        ROMPowerBook100	7F,1F8E4	 	 E
NEWHANDLE           ROMPowerBook100	7F,1F8F8
SETHSIZE            ROMPowerBook100	7F,1F90C	 	 E
INITGRAF            ROMPowerBook100	7F,1F91A
OPENPORT            ROMPowerBook100	7F,1F9E0
INITPORT            ROMPowerBook100	7F,1F9F8
CLOSEPORT           ROMPowerBook100	7F,1FA78
SETSTDPROCS         ROMPowerBook100	7F,1FA90
LOCALTOGLOBAL       ROMPowerBook100	7F,1FACA
GLOBALTOLOCAL       ROMPowerBook100	7F,1FAD2	 	 E
ADDPT               ROMPowerBook100	7F,1FAFE	 	 E
SUBPT               ROMPowerBook100	7F,1FB06	 	 E
SETPORT             ROMPowerBook100	7F,1FB24	 	 E
GETPORT             ROMPowerBook100	7F,1FB2C	 	 E
GRAFDEVICE          ROMPowerBook100	7F,1FB36
SETPORTBITS         ROMPowerBook100	7F,1FB3C
BACKPAT             ROMPowerBook100	7F,1FB54	 	 E
PORTSIZE            ROMPowerBook100	7F,1FB62
MOVEPORTTO          ROMPowerBook100	7F,1FB82
SETORIGIN           ROMPowerBook100	7F,1FBAE	 	 E
CLIPRECT            ROMPowerBook100	7F,1FBE2	 	 E
SETCLIP             ROMPowerBook100	7F,1FBF4
GETCLIP             ROMPowerBook100	7F,1FC00	 	 E
SETPT               ROMPowerBook100	7F,1FC14
EQUALPT             ROMPowerBook100	7F,1FC1E
STDTEXT             ROMPowerBook100	7F,1FC2A
CALLTEXT            ROMPowerBook100	7F,1FDB6
TEXTFACE            ROMPowerBook100	7F,1FDD6
DRAWCHAR            ROMPowerBook100	7F,1FDE2	 	 E
CHARWIDTH           ROMPowerBook100	7F,1FDF0	 	 E
TEXTFONT            ROMPowerBook100	7F,1FE08
TEXTMODE            ROMPowerBook100	7F,1FE0C	 	 E
TEXTSIZE            ROMPowerBook100	7F,1FE10	 	 E
SPACEEXTRA          ROMPowerBook100	7F,1FE16
DRAWSTRING          ROMPowerBook100	7F,1FE22	 	 E
DRAWTEXT            ROMPowerBook100	7F,1FE34	 	 E
STRINGWIDTH         ROMPowerBook100	7F,1FE4C
TEXTWIDTH           ROMPowerBook100	7F,1FE5C
STDTXMEAS           ROMPowerBook100	7F,1FEC4
MEASURETEXT         ROMPowerBook100	7F,1FF6A
GETFONTINFO         ROMPowerBook100	7F,20032
DRTEXT              ROMPowerBook100	7F,200D4
STDLINE             ROMPowerBook100	7F,2081E
LINETO              ROMPowerBook100	7F,208B0
LINE                ROMPowerBook100	7F,208C6
MOVETO              ROMPowerBook100	7F,208DE
MOVE                ROMPowerBook100	7F,208EA
MOOV                ROMPowerBook100	7F,208EA	 	 E
DOLINE              ROMPowerBook100	7F,208FE
HIDEPEN             ROMPowerBook100	7F,20976
SHOWPEN             ROMPowerBook100	7F,2097A	 	 E
GETPENSTATE         ROMPowerBook100	7F,20986
SETPENSTATE         ROMPowerBook100	7F,2098A	 	 E
GETPEN              ROMPowerBook100	7F,209AC
PENSIZE             ROMPowerBook100	7F,209BC
PENMODE             ROMPowerBook100	7F,209CA
PENPAT              ROMPowerBook100	7F,209D0
PENNORMAL           ROMPowerBook100	7F,209E4
DRAWLINE            ROMPowerBook100	7F,20A02
PUTLINE             ROMPowerBook100	7F,20F4A
STDRECT             ROMPowerBook100	7F,21034
PUSHVERB            ROMPowerBook100	7F,21096
FILLRECT            ROMPowerBook100	7F,210C8
FRAMERECT           ROMPowerBook100	7F,210DE	 	 E
PAINTRECT           ROMPowerBook100	7F,210E2	 	 E
ERASERECT           ROMPowerBook100	7F,210E6	 	 E
INVERTRECT          ROMPowerBook100	7F,210EA	 	 E
CALLRECT            ROMPowerBook100	7F,210EE	 	 E
DRAWRECT            ROMPowerBook100	7F,2110E
FRRECT              ROMPowerBook100	7F,2114A
SETRECT             ROMPowerBook100	7F,21238
EQUALRECT           ROMPowerBook100	7F,21246
EMPTYRECT           ROMPowerBook100	7F,21260
OFFSETRECT          ROMPowerBook100	7F,2127A
INSETRECT           ROMPowerBook100	7F,2128C
SECTRECT            ROMPowerBook100	7F,2129E
RSECT               ROMPowerBook100	7F,212C6	 	 E
UNIONRECT           ROMPowerBook100	7F,2133A
PT2RECT             ROMPowerBook100	7F,21378	 	 E
PTINRECT            ROMPowerBook100	7F,213AE
PUTRECT             ROMPowerBook100	7F,213DE
BITBLT              ROMPowerBook100	7F,2143A
RGNBLT              ROMPowerBook100	7F,218E8
STDRRECT            ROMPowerBook100	7F,21E26
FRAMEROUNDRECT      ROMPowerBook100	7F,21EB8
PAINTROUNDRECT      ROMPowerBook100	7F,21EBC	 	 E
ERASEROUNDRECT      ROMPowerBook100	7F,21EC0	 	 E
INVERTROUNDRECT     ROMPowerBook100	7F,21EC4	 	 E
FILLROUNDRECT       ROMPowerBook100	7F,21EC8	 	 E
CALLRRECT           ROMPowerBook100	7F,21EDE	 	 E
STDOVAL             ROMPowerBook100	7F,21F02
FRAMEOVAL           ROMPowerBook100	7F,21F8A
PAINTOVAL           ROMPowerBook100	7F,21F8E	 	 E
ERASEOVAL           ROMPowerBook100	7F,21F92	 	 E
INVERTOVAL          ROMPowerBook100	7F,21F96	 	 E
FILLOVAL            ROMPowerBook100	7F,21F9A	 	 E
CALLOVAL            ROMPowerBook100	7F,21FB0	 	 E
PUTOVAL             ROMPowerBook100	7F,21FD0
STDARC              ROMPowerBook100	7F,2210E
FRAMEARC            ROMPowerBook100	7F,2218C
PAINTARC            ROMPowerBook100	7F,22190	 	 E
ERASEARC            ROMPowerBook100	7F,22194	 	 E
INVERTARC           ROMPowerBook100	7F,22198	 	 E
FILLARC             ROMPowerBook100	7F,2219C	 	 E
CALLARC             ROMPowerBook100	7F,221B2	 	 E
DRAWARC             ROMPowerBook100	7F,221D6
INITOVAL            ROMPowerBook100	7F,22862
BUMPOVAL            ROMPowerBook100	7F,22904
ANGLEFROMSLOPE      ROMPowerBook100	7F,22946
SLOPEFROMANGLE      ROMPowerBook100	7F,22984	 	 E
PTTOANGLE           ROMPowerBook100	7F,22AA8
STDPOLY             ROMPowerBook100	7F,22B38
FRAMEPOLY           ROMPowerBook100	7F,22BAE
PAINTPOLY           ROMPowerBook100	7F,22BB2	 	 E
ERASEPOLY           ROMPowerBook100	7F,22BB6	 	 E
INVERTPOLY          ROMPowerBook100	7F,22BBA	 	 E
FILLPOLY            ROMPowerBook100	7F,22BBE	 	 E
CALLPOLY            ROMPowerBook100	7F,22BD4	 	 E
OPENPOLY            ROMPowerBook100	7F,22BF4
CLOSEPOLY           ROMPowerBook100	7F,22C28
KILLPOLY            ROMPowerBook100	7F,22C96
OFFSETPOLY          ROMPowerBook100	7F,22C9E
MAPPOLY             ROMPowerBook100	7F,22CBA
FRPOLY              ROMPowerBook100	7F,22D16
SORTVECTORS         ROMPowerBook100	7F,22D56
PAINTVECTOR         ROMPowerBook100	7F,22DF8
DRAWPOLY            ROMPowerBook100	7F,232F2
STDRGN              ROMPowerBook100	7F,2344C
FRAMERGN            ROMPowerBook100	7F,234B2
PAINTRGN            ROMPowerBook100	7F,234B6	 	 E
ERASERGN            ROMPowerBook100	7F,234BA	 	 E
INVERTRGN           ROMPowerBook100	7F,234BE	 	 E
FILLRGN             ROMPowerBook100	7F,234C2	 	 E
CALLRGN             ROMPowerBook100	7F,234D8	 	 E
DRAWRGN             ROMPowerBook100	7F,234F8
FRRGN               ROMPowerBook100	7F,23534
NEWRGN              ROMPowerBook100	7F,235A4
DISPOSERGN          ROMPowerBook100	7F,235C8
OPENRGN             ROMPowerBook100	7F,235D0
CLOSERGN            ROMPowerBook100	7F,235FE
COPYRGN             ROMPowerBook100	7F,23654
SETEMPTYRGN         ROMPowerBook100	7F,236A2
SETRECTRGN          ROMPowerBook100	7F,236AE
RECTRGN             ROMPowerBook100	7F,2370A
OFFSETRGN           ROMPowerBook100	7F,23718
INSETRGN            ROMPowerBook100	7F,2374A
EMPTYRGN            ROMPowerBook100	7F,237E6
EQUALRGN            ROMPowerBook100	7F,237F6
SECTRGN             ROMPowerBook100	7F,23834
UNIONRGN            ROMPowerBook100	7F,23838	 	 E
DIFFRGN             ROMPowerBook100	7F,2383C	 	 E
XORRGN              ROMPowerBook100	7F,23840	 	 E
DORGNOP             ROMPowerBook100	7F,23844	 	 E
PTINRGN             ROMPowerBook100	7F,2392A
RECTINRGN           ROMPowerBook100	7F,2398A
TRIMRECT            ROMPowerBook100	7F,23A10
MAPRGN              ROMPowerBook100	7F,23A6E
BITMAPRGN           ROMPowerBook100	7F,23B1C
INITRGN             ROMPowerBook100	7F,23DC2
SEEKRGN             ROMPowerBook100	7F,23DFA
RGNOP               ROMPowerBook100	7F,23ED2
SECTSCAN            ROMPowerBook100	7F,240FC
DIFFSCAN            ROMPowerBook100	7F,24102	 	 E
UNIONSCAN           ROMPowerBook100	7F,24106	 	 E
INSETSCAN           ROMPowerBook100	7F,24148
XORSCAN             ROMPowerBook100	7F,24192	 	 E
SORTPOINTS          ROMPowerBook100	7F,241A8
CULLPOINTS          ROMPowerBook100	7F,2423C
PUTRGN              ROMPowerBook100	7F,2428E
PACKRGN             ROMPowerBook100	7F,24310
STDBITS             ROMPowerBook100	7F,243D8
COPYBITS            ROMPowerBook100	7F,24554
COPYMASK            ROMPowerBook100	7F,245FA
SEEDFILL            ROMPowerBook100	7F,2483A
CALCMASK            ROMPowerBook100	7F,24842	 	 E
SCROLLRECT          ROMPowerBook100	7F,24998
PACKBITS            ROMPowerBook100	7F,24A96
UNPACKBITS          ROMPowerBook100	7F,24B56	 	 E
STRETCHBITS         ROMPowerBook100	7F,24B9C
SETUPSTRETCH        ROMPowerBook100	7F,25068
GETUBYTE            ROMPowerBook100	7F,2540A
GETSBYTE            ROMPowerBook100	7F,2541C
GETWORD             ROMPowerBook100	7F,2542E
GETLONG             ROMPowerBook100	7F,2543E
STDCOMMENT          ROMPowerBook100	7F,2544E
STDGETPIC           ROMPowerBook100	7F,254AE
STDPUTPIC           ROMPowerBook100	7F,254CE
PICCOMMENT          ROMPowerBook100	7F,2554E
OPENPICTURE         ROMPowerBook100	7F,25564
CLOSEPICTURE        ROMPowerBook100	7F,25620
KILLPICTURE         ROMPowerBook100	7F,2565C
DRAWPICTURE         ROMPowerBook100	7F,25664
STDOPCODEPROC       ROMPowerBook100	7F,257B2
PICITEM             ROMPowerBook100	7F,25800
MAPMODE             ROMPowerBook100	7F,2606C
SKIPPICDATA         ROMPowerBook100	7F,26096
GETPICDATA          ROMPowerBook100	7F,260C2
GETPICTABLE         ROMPowerBook100	7F,260F2
GETPICPIXPAT        ROMPowerBook100	7F,2614C
GETPM1DEEP          ROMPowerBook100	7F,261FA
RGB2OLD             ROMPowerBook100	7F,26376
RGB2PAT             ROMPowerBook100	7F,263A0
RGB2PIXEL           ROMPowerBook100	7F,263E2	 	 #E
PUTPICDATA          ROMPowerBook100	7F,263FA
DPUTPICBYTE         ROMPowerBook100	7F,26410
PUTPICBYTE          ROMPowerBook100	7F,26416	 	 E
PUTPICWORD          ROMPowerBook100	7F,26428
PUTPICLONG          ROMPowerBook100	7F,2643A
PUTPICPAT           ROMPowerBook100	7F,2644A
PUTPICRECT          ROMPowerBook100	7F,26456
PUTPICRGN           ROMPowerBook100	7F,26498
PUTPICVERB          ROMPowerBook100	7F,264B6
CHECKPIC            ROMPowerBook100	7F,265B4
SCALEPT             ROMPowerBook100	7F,2667E
MAPPT               ROMPowerBook100	7F,266D6
MAPRECT             ROMPowerBook100	7F,26738
MAPRATIO            ROMPowerBook100	7F,26750
CRSRCORE            ROMPowerBook100	7F,2679C
INITCRTABLE         ROMPowerBook100	7F,2679C	 	 E
SCRNADDRESS         ROMPowerBook100	7F,269A0	 	 E
SCRNSIZE            ROMPowerBook100	7F,269A8	 	 E
SCRNBITMAP          ROMPowerBook100	7F,269B8	 	 E
CRSRVBLTASK         ROMPowerBook100	7F,269CC	 	 E
PINRECT             ROMPowerBook100	7F,26B5C	 	 E
RESTOP              ROMPowerBook100	7F,26B6E
DSPTABLE            ROMPowerBook100	7F,26B6E
DISPTABLE           ROMPowerBook100	7F,26B6E	 	 E
 size ROMPowerBook100 27F6E
